88
c:\dev\drum\Build_PS3\drum\Art\Export\Venues\v0002_barEdge_d.dds
c:\dev\drum\Build_PS3\drum\Art\Export\Venues\v0002_carpet_d.dds
c:\dev\drum\Build_PS3\drum\Art\Export\Venues\v0002_arenaFloorRim_lm.dds
c:\dev\drum\Build_PS3\drum\Art\Export\Venues\V0002_hydraulic_d.dds
c:\dev\drum\Build_PS3\drum\Art\Export\Venues\V0002_hydraulic_ao.dds
c:\dev\drum\Build_PS3\drum\Art\Export\Venues\V0002_hydraulic_s.dds
c:\dev\drum\Build_PS3\drum\Art\Export\Venues\V0002_hydraulic_n.dds
c:\dev\drum\Build_PS3\drum\Art\Export\Venues\v0002_arenaLightRigTruss_lm.dds
c:\dev\drum\Build_PS3\drum\Art\Export\Venues\v0002_ironflatss_d.dds
c:\dev\drum\Build_PS3\drum\Art\Export\Venues\v0002_ironflatss_s.dds
c:\dev\drum\Build_PS3\drum\Art\Export\Venues\v0002_allyTube_d.dds
c:\dev\drum\Build_PS3\drum\Art\Export\Venues\v0002_allyTruss_d.dds
c:\dev\drum\Build_PS3\drum\Art\Export\Venues\v0002_allyTruss_n.dds
c:\dev\drum\Build_PS3\drum\Art\Export\Venues\v0002_curtain_d.dds
c:\dev\drum\Build_PS3\drum\Art\Export\Venues\v0002_curtain_s.dds
c:\dev\drum\Build_PS3\drum\Art\Export\Venues\v0002_neonBlue_d.dds
c:\dev\drum\Build_PS3\drum\Art\Export\Venues\v0002_metal_d.dds
c:\dev\drum\Build_PS3\drum\Art\Export\Venues\v0002_stage2_lm.dds
c:\dev\drum\Build_PS3\drum\Art\Export\Venues\v0002_glowboxes_d.dds
c:\dev\drum\Build_PS3\drum\Art\Export\Venues\v0002_BrushedSteel_d.dds
c:\dev\drum\Build_PS3\drum\Art\Export\Venues\V0002_Tile_d.dds
c:\dev\drum\Build_PS3\drum\Art\Export\Venues\V0002_Tile_n.dds
c:\dev\drum\Build_PS3\drum\Art\Export\Venues\v0002_stage_lm.dds
c:\dev\drum\Build_PS3\drum\Art\Export\Venues\v0002_stepLight_d.dds
c:\dev\drum\Build_PS3\drum\Art\Export\Venues\v0002_graniteFloor_d.dds
c:\dev\drum\Build_PS3\drum\Art\Export\Venues\v0002_graniteFloor_s.dds
c:\dev\drum\Build_PS3\drum\Art\Export\Venues\v0002_metal_s.dds
c:\dev\drum\Build_PS3\drum\Art\Export\Venues\v0002_lightSpotBulb_d.dds
c:\dev\drum\Build_PS3\drum\Art\Export\Venues\v0002_lightSpotBulbFront_d.dds
c:\dev\drum\Build_PS3\drum\Art\Export\Venues\v0002_spotlight_d.dds
c:\dev\drum\Build_PS3\drum\Art\Export\Venues\v0002_arenaFloor_lm.dds
c:\dev\drum\Build_PS3\drum\Art\Export\Venues\v0002_arenaFloorRails_lm.dds
c:\dev\drum\Build_PS3\drum\Art\Export\Venues\v0002_boltedPlate_d.dds
c:\dev\drum\Build_PS3\drum\Art\Export\Venues\v0002_boltedPlate_n.dds
c:\dev\drum\Build_PS3\drum\Art\Export\Venues\V0002_brick_red_d.dds
c:\dev\drum\Build_PS3\drum\Art\Export\Venues\V0002_brick_d.dds
c:\dev\drum\Build_PS3\drum\Art\Export\Venues\v0002_ironlattice_d.dds
c:\dev\drum\Build_PS3\drum\Art\Export\Venues\v0002_ironlattice_n.dds
c:\dev\drum\Build_PS3\drum\Art\Export\Venues\v0002_doors_d.dds
c:\dev\drum\Build_PS3\drum\Art\Export\Venues\v0002_arenaBack_lm.dds
c:\dev\drum\Build_PS3\drum\Art\Export\Venues\V0002_Tile_s.dds
c:\dev\drum\Build_PS3\drum\Art\Export\Venues\v0002_wallLeft_lm.dds
c:\dev\drum\Build_PS3\drum\Art\Export\Venues\v0002_wallRight_lm.dds
c:\dev\drum\Build_PS3\drum\Art\Export\Venues\v0002_pillarMetal_d.dds
c:\dev\drum\Build_PS3\drum\Art\Export\Venues\v0002_barprops_d.dds
c:\dev\drum\Build_PS3\drum\Art\Export\Venues\v0002_bars_lm.dds
c:\dev\drum\Build_PS3\drum\Art\Export\Venues\V0002_Bar_d.dds
c:\dev\drum\Build_PS3\drum\Art\Export\Venues\v0002_alcoveSeating_d.dds
c:\dev\drum\Build_PS3\drum\Art\Export\Venues\v0002_monitorStageWedge_d.dds
c:\dev\drum\Build_PS3\drum\Art\Export\Venues\v0002_monitorStageWedge_n.dds
c:\dev\drum\Build_PS3\drum\Art\Export\Venues\v0002_lightStand_d.dds
c:\dev\drum\Build_PS3\drum\Art\Export\Venues\v0002_lightStand_n.dds
c:\dev\drum\Build_PS3\drum\Art\Export\Venues\v0002_bassGuitarAmp_d.dds
c:\dev\drum\Build_PS3\drum\Art\Export\Venues\v0002_bassGuitarAmp_n.dds
c:\dev\drum\Build_PS3\drum\Art\Export\Venues\v0002_bassGuitarAmp_pre_d.dds
c:\dev\drum\Build_PS3\drum\Art\Export\Venues\v0002_bassGuitarAmp_pre_n.dds
c:\dev\drum\Build_PS3\drum\Art\Export\Venues\v0002_ceilinglight_d.dds
c:\dev\drum\Build_PS3\drum\Art\Export\Venues\v0002_ceilinglight_s.dds
c:\dev\drum\Build_PS3\drum\Art\Export\Venues\v0002_ceilinglight_n.dds
c:\dev\drum\Build_PS3\drum\Art\Export\Venues\v0002_arenaRoof_lm.dds
c:\dev\drum\Build_PS3\drum\Art\Export\Venues\v0002_cielingcove_d.dds
c:\dev\drum\Build_PS3\drum\Art\Export\Venues\v0002_cielingcove_n.dds
c:\dev\drum\Build_PS3\drum\Art\Export\Venues\v0002_outerRingCeiling_d.dds
c:\dev\drum\Build_PS3\drum\Art\Export\Venues\v0002_bottlesBarBottom_d.dds
c:\dev\drum\Build_PS3\drum\Art\Export\Venues\v0002_bottlesBarMiddle_d.dds
c:\dev\drum\Build_PS3\drum\Art\Export\Venues\v0002_bottlesBarTop_d.dds
c:\dev\drum\Build_PS3\drum\Art\Export\Venues\v0002_barFloor_d.dds
c:\dev\drum\Build_PS3\drum\Art\Export\Venues\v0002_barFloor_s.dds
c:\dev\drum\Build_PS3\drum\Art\Export\Venues\V0002_wood_wall_d.dds
c:\dev\drum\Build_PS3\drum\Art\Export\Venues\V0002_wood_wall_s.dds
c:\dev\drum\Build_PS3\drum\Art\Export\Venues\v0002_BrushedSteel_s.dds
c:\dev\drum\Build_PS3\drum\Art\Export\Venues\v0002_balconyBars_lm.dds
c:\dev\drum\Build_PS3\drum\Art\Export\Venues\v0002_balconybars_d.dds
c:\dev\drum\Build_PS3\drum\Art\Export\Venues\v0002_riserFloorFrame_d.dds
c:\dev\drum\Build_PS3\drum\Art\Export\Venues\v0002_riserFloorFrame_s.dds
c:\dev\drum\Build_PS3\drum\Art\Export\Venues\v0002_vidwall_d.dds
c:\dev\drum\Build_PS3\drum\Art\Export\Venues\v0002_discoBall_d.dds
c:\dev\drum\Build_PS3\drum\Art\Export\Venues\v0002_discoBall_n.dds
c:\dev\drum\Build_PS3\drum\Art\Export\Venues\v0002_discoBallCubeMap_c.dds
c:\dev\drum\Build_PS3\drum\Art\Export\Venues\v0002_lightRoof_d.dds
c:\dev\drum\Build_PS3\drum\Art\Export\Venues\v0002_surfaceLamps_d.dds
c:\dev\drum\Build_PS3\drum\Art\Export\Venues\v0002_cableTape_d.dds
c:\dev\drum\Build_PS3\drum\Art\Export\Venues\v0002_surfaceLeds_d.dds
c:\dev\drum\Build_PS3\drum\Art\Export\Venues\v0002_blackNoise_d.dds
c:\dev\drum\Build_PS3\drum\Art\Export\Venues\v0002_projectedBlades_pj.dds
c:\dev\drum\Build_PS3\drum\Art\Export\Venues\v0002_projectedRoundBlobs_pj.dds
c:\dev\drum\Build_PS3\drum\Art\Export\Venues\v0002_discoProject_pj.dds
c:\dev\drum\Build_PS3\drum\Art\Export\Venues\v0002_vidwallOverlay_d.dds
