106
c:\dev\drum\Build_PS3\drum\Art\Export\Venues\v0007_stageLightWall_d.dds
c:\dev\drum\Build_PS3\drum\Art\Export\Venues\v0007_lampTiled_d.dds
c:\dev\drum\Build_PS3\drum\Art\Export\Venues\v0007_stageGasTank_d.dds
c:\dev\drum\Build_PS3\drum\Art\Export\Venues\v0007_stageGasTank_s.dds
c:\dev\drum\Build_PS3\drum\Art\Export\Venues\v0007_stageGasTank_n.dds
c:\dev\drum\Build_PS3\drum\Art\Export\Venues\v0007_stairsStage_lm.dds
c:\dev\drum\Build_PS3\drum\Art\Export\Venues\v0007_corrugatedRoofing_d.dds
c:\dev\drum\Build_PS3\drum\Art\Export\Venues\v0007_pipeRusted_d.dds
c:\dev\drum\Build_PS3\drum\Art\Export\Venues\v0007_Fan_pj.dds
c:\dev\drum\Build_PS3\drum\Art\Export\Venues\v0007_vents_pj.dds
c:\dev\drum\Build_PS3\drum\Art\Export\Venues\v0007_meshproj_pj.dds
c:\dev\drum\Build_PS3\drum\Art\Export\Venues\v0007_chains_d.dds
c:\dev\drum\Build_PS3\drum\Art\Export\Venues\v0007_speakerHanging_d.dds
c:\dev\drum\Build_PS3\drum\Art\Export\Venues\v0007_speakerHanging_s.dds
c:\dev\drum\Build_PS3\drum\Art\Export\Venues\v0007_speakerHanging_n.dds
c:\dev\drum\Build_PS3\drum\Art\Export\Venues\v0007_speakers_lm.dds
c:\dev\drum\Build_PS3\drum\Art\Export\Venues\v0007_speakerCentral_d.dds
c:\dev\drum\Build_PS3\drum\Art\Export\Venues\v0007_floorAndRoof_lm.dds
c:\dev\drum\Build_PS3\drum\Art\Export\Venues\v0007_siloMain_d.dds
c:\dev\drum\Build_PS3\drum\Art\Export\Venues\v0007_silos_d.dds
c:\dev\drum\Build_PS3\drum\Art\Export\Venues\v0007_wallCorrugated_d.dds
c:\dev\drum\Build_PS3\drum\Art\Export\Venues\v0007_behindAudienceWalls_lm.dds
c:\dev\drum\Build_PS3\drum\Art\Export\Venues\v0007_windowsOrange_d.dds
c:\dev\drum\Build_PS3\drum\Art\Export\Venues\v0007_girderV_d.dds
c:\dev\drum\Build_PS3\drum\Art\Export\Venues\v0007_girderV_s.dds
c:\dev\drum\Build_PS3\drum\Art\Export\Venues\v0007_girderV_n.dds
c:\dev\drum\Build_PS3\drum\Art\Export\Venues\v0007_roofFan_d.dds
c:\dev\drum\Build_PS3\drum\Art\Export\Venues\v0007_roofFan_s.dds
c:\dev\drum\Build_PS3\drum\Art\Export\Venues\v0007_roofFan_n.dds
c:\dev\drum\Build_PS3\drum\Art\Export\Venues\v0007_stage_d.dds
c:\dev\drum\Build_PS3\drum\Art\Export\Venues\v0007_windows001_d.dds
c:\dev\drum\Build_PS3\drum\Art\Export\Venues\v0007_girderPillar_d.dds
c:\dev\drum\Build_PS3\drum\Art\Export\Venues\v0007_girderPillar_s.dds
c:\dev\drum\Build_PS3\drum\Art\Export\Venues\v0007_girderPillar_n.dds
c:\dev\drum\Build_PS3\drum\Art\Export\Venues\v0007_girderHStrutRigJointWireUnit_d.dds
c:\dev\drum\Build_PS3\drum\Art\Export\Venues\v0007_wallBrickPlain_d.dds
c:\dev\drum\Build_PS3\drum\Art\Export\Venues\v0007_wallBrickDirtyTop_d.dds
c:\dev\drum\Build_PS3\drum\Art\Export\Venues\v0007_aircon_d.dds
c:\dev\drum\Build_PS3\drum\Art\Export\Venues\v0007_fireExit_d.dds
c:\dev\drum\Build_PS3\drum\Art\Export\Venues\v0007_juncBox1_d.dds
c:\dev\drum\Build_PS3\drum\Art\Export\Venues\v0007_juncBox1_s.dds
c:\dev\drum\Build_PS3\drum\Art\Export\Venues\v0007_juncBox1_n.dds
c:\dev\drum\Build_PS3\drum\Art\Export\Venues\v0007_garageDoors_d.dds
c:\dev\drum\Build_PS3\drum\Art\Export\Venues\v0007_wallWhiteTop_d.dds
c:\dev\drum\Build_PS3\drum\Art\Export\Venues\v0007_wallWhite_d.dds
c:\dev\drum\Build_PS3\drum\Art\Export\Venues\v0007_girderFrame_d.dds
c:\dev\drum\Build_PS3\drum\Art\Export\Venues\v0007_windows002_d.dds
c:\dev\drum\Build_PS3\drum\Art\Export\Venues\v0007_wallCorrugatedWithBeams_d.dds
c:\dev\drum\Build_PS3\drum\Art\Export\Venues\v0007_behindStageLeft_lm.dds
c:\dev\drum\Build_PS3\drum\Art\Export\Venues\v0007_wallBrickTile_d.dds
c:\dev\drum\Build_PS3\drum\Art\Export\Venues\v0007_behindStageRight_lm.dds
c:\dev\drum\Build_PS3\drum\Art\Export\Venues\v0007_gasTanks_d.dds
c:\dev\drum\Build_PS3\drum\Art\Export\Venues\v0007_girderRoof_d.dds
c:\dev\drum\Build_PS3\drum\Art\Export\Venues\v0007_girderHStrutRigJointWireUnit_s.dds
c:\dev\drum\Build_PS3\drum\Art\Export\Venues\v0007_girderHStrutRigJointWireUnit_n.dds
c:\dev\drum\Build_PS3\drum\Art\Export\Venues\v0007_girders_lm.dds
c:\dev\drum\Build_PS3\drum\Art\Export\Venues\v0007_girderFloorPlate_d.dds
c:\dev\drum\Build_PS3\drum\Art\Export\Venues\v0007_girderLAngle_d.dds
c:\dev\drum\Build_PS3\drum\Art\Export\Venues\v0007_girderLAngle_s.dds
c:\dev\drum\Build_PS3\drum\Art\Export\Venues\v0007_girderLAngle_n.dds
c:\dev\drum\Build_PS3\drum\Art\Export\Venues\v0007_stairs_d.dds
c:\dev\drum\Build_PS3\drum\Art\Export\Venues\v0007_stairs_s.dds
c:\dev\drum\Build_PS3\drum\Art\Export\Venues\v0007_catwalksRailsBeams_lm.dds
c:\dev\drum\Build_PS3\drum\Art\Export\Venues\v0007_wallPiping_d.dds
c:\dev\drum\Build_PS3\drum\Art\Export\Venues\v0007_threadplate_d.dds
c:\dev\drum\Build_PS3\drum\Art\Export\Venues\v0007_threadplateVerticalDirt_d.dds
c:\dev\drum\Build_PS3\drum\Art\Export\Venues\v0007_threadplateVerticalDirt_s.dds
c:\dev\drum\Build_PS3\drum\Art\Export\Venues\v0007_threadplate_n.dds
c:\dev\drum\Build_PS3\drum\Art\Export\Venues\v0007_threadplateHorizontalDirt_d.dds
c:\dev\drum\Build_PS3\drum\Art\Export\Venues\v0007_threadplateHorizontalDirt_s.dds
c:\dev\drum\Build_PS3\drum\Art\Export\Venues\v0007_threadplateHorizontalDirt_n.dds
c:\dev\drum\Build_PS3\drum\Art\Export\Venues\v0007_stageRigging_d.dds
c:\dev\drum\Build_PS3\drum\Art\Export\Venues\v0007_stageRigging_s.dds
c:\dev\drum\Build_PS3\drum\Art\Export\Venues\v0007_stairs_n.dds
c:\dev\drum\Build_PS3\drum\Art\Export\Venues\v0007_stageLightWall_n.dds
c:\dev\drum\Build_PS3\drum\Art\Export\Venues\v0007_stage_lm.dds
c:\dev\drum\Build_PS3\drum\Art\Export\Venues\v0007_stagePipeVent_d.dds
c:\dev\drum\Build_PS3\drum\Art\Export\Venues\v0007_stagePipeVent_s.dds
c:\dev\drum\Build_PS3\drum\Art\Export\Venues\v0007_stagePipeVent_n.dds
c:\dev\drum\Build_PS3\drum\Art\Export\Venues\v0007_stageVentPipeBase_d.dds
c:\dev\drum\Build_PS3\drum\Art\Export\Venues\v0007_stageVentPipeBase_s.dds
c:\dev\drum\Build_PS3\drum\Art\Export\Venues\v0007_stageVentPipeBase_n.dds
c:\dev\drum\Build_PS3\drum\Art\Export\Venues\v0007_stageVentPipe_d.dds
c:\dev\drum\Build_PS3\drum\Art\Export\Venues\v0007_stageVentPipe_s.dds
c:\dev\drum\Build_PS3\drum\Art\Export\Venues\v0007_stageVentPipe_n.dds
c:\dev\drum\Build_PS3\drum\Art\Export\Venues\v0007_stageFence_d.dds
c:\dev\drum\Build_PS3\drum\Art\Export\Venues\v0007_stageFence_s.dds
c:\dev\drum\Build_PS3\drum\Art\Export\Venues\v0007_stageFence_n.dds
c:\dev\drum\Build_PS3\drum\Art\Export\Venues\v0007_stage_lm.dds
c:\dev\drum\Build_PS3\drum\Art\Export\Venues\v0007_stage_d.dds
c:\dev\drum\Build_PS3\drum\Art\Export\Venues\v0007_stage_ao.dds
c:\dev\drum\Build_PS3\drum\Art\Export\Venues\v0007_stage_s.dds
c:\dev\drum\Build_PS3\drum\Art\Export\Venues\v0007_stage_n.dds
c:\dev\drum\Build_PS3\drum\Art\Export\Venues\v0007_stageTile_d.dds
c:\dev\drum\Build_PS3\drum\Art\Export\Venues\v0007_stageTile_s.dds
c:\dev\drum\Build_PS3\drum\Art\Export\Venues\v0007_stageTile_n.dds
c:\dev\drum\Build_PS3\drum\Art\Export\Venues\v0007_stageWires_d.dds
c:\dev\drum\Build_PS3\drum\Art\Export\Venues\v0007_ampGuitarAmpSpeaker2_d.dds
c:\dev\drum\Build_PS3\drum\Art\Export\Venues\v0007_ampGuitarAmpSpeaker2_n.dds
c:\dev\drum\Build_PS3\drum\Art\Export\Venues\v0007_ampGuitarAmp_d.dds
c:\dev\drum\Build_PS3\drum\Art\Export\Venues\v0007_monitorStageWedge_d.dds
c:\dev\drum\Build_PS3\drum\Art\Export\Venues\v0007_monitorStageWedge_n.dds
c:\dev\drum\Build_PS3\drum\Art\Export\Venues\v0007_bassGuitarAmp_pre_d.dds
c:\dev\drum\Build_PS3\drum\Art\Export\Venues\v0007_bassGuitarAmp_pre_n.dds
c:\dev\drum\Build_PS3\drum\Art\Export\Venues\v0007_bassGuitarAmp_d.dds
c:\dev\drum\Build_PS3\drum\Art\Export\Venues\v0007_bassGuitarAmp_n.dds
