78
c:\dev\drum\Build_PS3\drum\Art\Export\Venues\v0009_mainSection_d.dds
c:\dev\drum\Build_PS3\drum\Art\Export\Venues\v0009_stageBitsOthers_lm.dds
c:\dev\drum\Build_PS3\drum\Art\Export\Venues\v0009_windowsDoors_lm.dds
c:\dev\drum\Build_PS3\drum\Art\Export\Venues\v0009_corner_d.dds
c:\dev\drum\Build_PS3\drum\Art\Export\Venues\v0009_pillar_d.dds
c:\dev\drum\Build_PS3\drum\Art\Export\Venues\v0009_scoreboard_d.dds
c:\dev\drum\Build_PS3\drum\Art\Export\Venues\v0009_bannersAndVideoFrame_d.dds
c:\dev\drum\Build_PS3\drum\Art\Export\Venues\v0009_stageSpeakersEtc_lm.dds
c:\dev\drum\Build_PS3\drum\Art\Export\Venues\v0009_stageHangingSpeakers_d.dds
c:\dev\drum\Build_PS3\drum\Art\Export\Venues\v0009_stageHangingSpeakers_n.dds
c:\dev\drum\Build_PS3\drum\Art\Export\Venues\v0009_stageStairs_d.dds
c:\dev\drum\Build_PS3\drum\Art\Export\Venues\v0009_stageHooks_d.dds
c:\dev\drum\Build_PS3\drum\Art\Export\Venues\v0009_stageTrussMetal_d.dds
c:\dev\drum\Build_PS3\drum\Art\Export\Venues\v0009_speakersAndFans_d.dds
c:\dev\drum\Build_PS3\drum\Art\Export\Venues\v0009_speakersAndFans_s.dds
c:\dev\drum\Build_PS3\drum\Art\Export\Venues\v0009_speakersAndFans_n.dds
c:\dev\drum\Build_PS3\drum\Art\Export\Venues\v0009_stagePanelsRepeat_d.dds
c:\dev\drum\Build_PS3\drum\Art\Export\Venues\v0009_stagePanelsRepeat_s.dds
c:\dev\drum\Build_PS3\drum\Art\Export\Venues\v0009_stagePanelsRepeat_n.dds
c:\dev\drum\Build_PS3\drum\Art\Export\Venues\v0009_stage2_lm.dds
c:\dev\drum\Build_PS3\drum\Art\Export\Venues\v0009_stageStepsWedges_d.dds
c:\dev\drum\Build_PS3\drum\Art\Export\Venues\v0009_stageStepsWedges_s.dds
c:\dev\drum\Build_PS3\drum\Art\Export\Venues\v0009_stageStepsWedges_n.dds
c:\dev\drum\Build_PS3\drum\Art\Export\Venues\v0009_stageFloor_d.dds
c:\dev\drum\Build_PS3\drum\Art\Export\Venues\v0009_stage1_lm.dds
c:\dev\drum\Build_PS3\drum\Art\Export\Venues\v0009_stage_d.dds
c:\dev\drum\Build_PS3\drum\Art\Export\Venues\v0009_stageDecals_d.dds
c:\dev\drum\Build_PS3\drum\Art\Export\Venues\v0009_stageFront_d.dds
c:\dev\drum\Build_PS3\drum\Art\Export\Venues\v0009_stageCurtain_n.dds
c:\dev\drum\Build_PS3\drum\Art\Export\Venues\v0009_stage1_lm.dds
c:\dev\drum\Build_PS3\drum\Art\Export\Venues\v0009_stageRiserRubber_d.dds
c:\dev\drum\Build_PS3\drum\Art\Export\Venues\v0009_stageRiserRubber_s.dds
c:\dev\drum\Build_PS3\drum\Art\Export\Venues\v0009_stageRiserRubber_n.dds
c:\dev\drum\Build_PS3\drum\Art\Export\Venues\v0009_stageRiserDetails_d.dds
c:\dev\drum\Build_PS3\drum\Art\Export\Venues\v0009_stageRiserDetails_s.dds
c:\dev\drum\Build_PS3\drum\Art\Export\Venues\v0009_stageRiserDetails_n.dds
c:\dev\drum\Build_PS3\drum\Art\Export\Venues\v0009_bannersAndVideoFrame_s.dds
c:\dev\drum\Build_PS3\drum\Art\Export\Venues\v0009_wings_d.dds
c:\dev\drum\Build_PS3\drum\Art\Export\Venues\v0009_stage2_lm.dds
c:\dev\drum\Build_PS3\drum\Art\Export\Venues\v0009_stageWires_d.dds
c:\dev\drum\Build_PS3\drum\Art\Export\Venues\v0009_stageCurtainDecals_d.dds
c:\dev\drum\Build_PS3\drum\Art\Export\Venues\v0009_stageCurtain_n.dds
c:\dev\drum\Build_PS3\drum\Art\Export\Venues\v0009_stageRiserLights_d.dds
c:\dev\drum\Build_PS3\drum\Art\Export\Venues\v0009_stageCurtain_d.dds
c:\dev\drum\Build_PS3\drum\Art\Export\Venues\v0009_stageCanvas_d.dds
c:\dev\drum\Build_PS3\drum\Art\Export\Venues\v0009_roof_d.dds
c:\dev\drum\Build_PS3\drum\Art\Export\Venues\v0009_plasticCasing_d.dds
c:\dev\drum\Build_PS3\drum\Art\Export\Venues\v0009_plasticCasingLatch_d.dds
c:\dev\drum\Build_PS3\drum\Art\Export\Venues\v0009_bassGuitarAmp_d.dds
c:\dev\drum\Build_PS3\drum\Art\Export\Venues\v0009_bassGuitarAmp_n.dds
c:\dev\drum\Build_PS3\drum\Art\Export\Venues\v0009_bassGuitarAmp_pre_d.dds
c:\dev\drum\Build_PS3\drum\Art\Export\Venues\v0009_bassGuitarAmp_pre_n.dds
c:\dev\drum\Build_PS3\drum\Art\Export\Venues\v0009_monitorStageWedge_d.dds
c:\dev\drum\Build_PS3\drum\Art\Export\Venues\v0009_monitorStageWedge_n.dds
c:\dev\drum\Build_PS3\drum\Art\Export\Venues\v0009_girders_d.dds
c:\dev\drum\Build_PS3\drum\Art\Export\Venues\v0009_stageTrussBeams_d.dds
c:\dev\drum\Build_PS3\drum\Art\Export\Venues\v0009_vidwall_d.dds
c:\dev\drum\Build_PS3\drum\Art\Export\Venues\v0009_videoWall_d.dds
c:\dev\drum\Build_PS3\drum\Art\Export\Venues\v0009_roofScoreboard_lm.dds
c:\dev\drum\Build_PS3\drum\Art\Export\Venues\v0009_stairsBarriers_lm.dds
c:\dev\drum\Build_PS3\drum\Art\Export\Venues\v0009_barrier_d.dds
c:\dev\drum\Build_PS3\drum\Art\Export\Venues\v0009_ledLogo_d.dds
c:\dev\drum\Build_PS3\drum\Art\Export\Venues\v0009_stadiumDoor_d.dds
c:\dev\drum\Build_PS3\drum\Art\Export\Venues\v0009_exitSign_d.dds
c:\dev\drum\Build_PS3\drum\Art\Export\Venues\v0009_cSectionsFrontStand_lm.dds
c:\dev\drum\Build_PS3\drum\Art\Export\Venues\v0009_behindStage_d.dds
c:\dev\drum\Build_PS3\drum\Art\Export\Venues\v0009_tunnelsBehindStage_lm.dds
c:\dev\drum\Build_PS3\drum\Art\Export\Venues\v0009_cSection_d.dds
c:\dev\drum\Build_PS3\drum\Art\Export\Venues\v0009_lightSpotBulb_d.dds
c:\dev\drum\Build_PS3\drum\Art\Export\Venues\v0009_lightSpotBulbFront_d.dds
c:\dev\drum\Build_PS3\drum\Art\Export\Venues\v0009_stageHangingSpeakers_d.dds
c:\dev\drum\Build_PS3\drum\Art\Export\Venues\v0009_stageHangingSpeakers_n.dds
c:\dev\drum\Build_PS3\drum\Art\Export\Venues\v0009_plasticCasingExtras_d.dds
c:\dev\drum\Build_PS3\drum\Art\Export\Venues\v0009_mixingBoxes_d.dds
c:\dev\drum\Build_PS3\drum\Art\Export\Venues\v0009_eqFront_d.dds
c:\dev\drum\Build_PS3\drum\Art\Export\Venues\v0009_projectedLight_pj.dds
c:\dev\drum\Build_PS3\drum\Art\Export\Venues\v0009_bannersAndVideoFrame_d.dds
c:\dev\drum\Build_PS3\drum\Art\Export\Venues\v0009_vidwallOverlay_d.dds
