137
c:\dev\drum\Build_PS3\drum\Art\Export\Venues\v0006_skyDomePart3_d.dds
c:\dev\drum\Build_PS3\drum\Art\Export\Venues\v0006_skyDomePart4_d.dds
c:\dev\drum\Build_PS3\drum\Art\Export\Venues\v0006_skyDomePart1_d.dds
c:\dev\drum\Build_PS3\drum\Art\Export\Venues\v0006_skyDomePart2_d.dds
c:\dev\drum\Build_PS3\drum\Art\Export\Venues\v0006_trussTube_d.dds
c:\dev\drum\Build_PS3\drum\Art\Export\Venues\v0006_trussTube_s.dds
c:\dev\drum\Build_PS3\drum\Art\Export\Venues\v0006_trussTube_n.dds
c:\dev\drum\Build_PS3\drum\Art\Export\Venues\v0006_Amp_d.dds
c:\dev\drum\Build_PS3\drum\Art\Export\Venues\v0006_Amp_s.dds
c:\dev\drum\Build_PS3\drum\Art\Export\Venues\v0006_Amp_n.dds
c:\dev\drum\Build_PS3\drum\Art\Export\Venues\v0006_trussTubeFlat_d.dds
c:\dev\drum\Build_PS3\drum\Art\Export\Venues\v0006_trussTubeFlat_s.dds
c:\dev\drum\Build_PS3\drum\Art\Export\Venues\v0006_stairTruss_lm.dds
c:\dev\drum\Build_PS3\drum\Art\Export\Venues\v0006_chequerPlate_d.dds
c:\dev\drum\Build_PS3\drum\Art\Export\Venues\v0006_chequerPlate_s.dds
c:\dev\drum\Build_PS3\drum\Art\Export\Venues\v0006_chequerPlate_n.dds
c:\dev\drum\Build_PS3\drum\Art\Export\Venues\v0006_midWallAll_d.dds
c:\dev\drum\Build_PS3\drum\Art\Export\Venues\v0006_midWallAll_ao.dds
c:\dev\drum\Build_PS3\drum\Art\Export\Venues\v0006_midWallAll_s.dds
c:\dev\drum\Build_PS3\drum\Art\Export\Venues\v0006_midWallAll_n.dds
c:\dev\drum\Build_PS3\drum\Art\Export\Venues\v0006_wallMiddle_lm.dds
c:\dev\drum\Build_PS3\drum\Art\Export\Venues\v0006_wallLeftCenter_d.dds
c:\dev\drum\Build_PS3\drum\Art\Export\Venues\v0006_wallLeftCenter_ao.dds
c:\dev\drum\Build_PS3\drum\Art\Export\Venues\v0006_wallLeftCenter_s.dds
c:\dev\drum\Build_PS3\drum\Art\Export\Venues\v0006_wallLeftCenter_n.dds
c:\dev\drum\Build_PS3\drum\Art\Export\Venues\v0006_wallRightCenter_d.dds
c:\dev\drum\Build_PS3\drum\Art\Export\Venues\v0006_wallRightCenter_ao.dds
c:\dev\drum\Build_PS3\drum\Art\Export\Venues\v0006_wallRightCenter_s.dds
c:\dev\drum\Build_PS3\drum\Art\Export\Venues\v0006_wallRightCenter_n.dds
c:\dev\drum\Build_PS3\drum\Art\Export\Venues\v0006_wallLeft_lm.dds
c:\dev\drum\Build_PS3\drum\Art\Export\Venues\v0006_wallFarLeft_d.dds
c:\dev\drum\Build_PS3\drum\Art\Export\Venues\v0006_wallFarLeft_ao.dds
c:\dev\drum\Build_PS3\drum\Art\Export\Venues\v0006_wallFarLeft_s.dds
c:\dev\drum\Build_PS3\drum\Art\Export\Venues\v0006_wallFarLeft_n.dds
c:\dev\drum\Build_PS3\drum\Art\Export\Venues\v0006_wallRight_lm.dds
c:\dev\drum\Build_PS3\drum\Art\Export\Venues\v0006_speakersAndFans_d.dds
c:\dev\drum\Build_PS3\drum\Art\Export\Venues\v0006_speakersAndFans_s.dds
c:\dev\drum\Build_PS3\drum\Art\Export\Venues\v0006_speakersAndFans_n.dds
c:\dev\drum\Build_PS3\drum\Art\Export\Venues\v0006_stageHangingSpeakers_d.dds
c:\dev\drum\Build_PS3\drum\Art\Export\Venues\v0006_stageHangingSpeakers_n.dds
c:\dev\drum\Build_PS3\drum\Art\Export\Venues\v0006_cableTape_d.dds
c:\dev\drum\Build_PS3\drum\Art\Export\Venues\v0006_plasticCasing_d.dds
c:\dev\drum\Build_PS3\drum\Art\Export\Venues\v0006_plasticCasingLatch_d.dds
c:\dev\drum\Build_PS3\drum\Art\Export\Venues\v0006_plasticCasingExtras_d.dds
c:\dev\drum\Build_PS3\drum\Art\Export\Venues\v0006_corinthianTop_d.dds
c:\dev\drum\Build_PS3\drum\Art\Export\Venues\v0006_corinthianTop_ao.dds
c:\dev\drum\Build_PS3\drum\Art\Export\Venues\v0006_corinthianTop_s.dds
c:\dev\drum\Build_PS3\drum\Art\Export\Venues\v0006_corinthianTop_n.dds
c:\dev\drum\Build_PS3\drum\Art\Export\Venues\v0006_stageColumns_lm.dds
c:\dev\drum\Build_PS3\drum\Art\Export\Venues\v0006_sandstoneColumn_d.dds
c:\dev\drum\Build_PS3\drum\Art\Export\Venues\v0006_sandstoneColumn_ao.dds
c:\dev\drum\Build_PS3\drum\Art\Export\Venues\v0006_sandstoneColumn_s.dds
c:\dev\drum\Build_PS3\drum\Art\Export\Venues\v0006_sandstoneColumn_n.dds
c:\dev\drum\Build_PS3\drum\Art\Export\Venues\v0006_sandstoneColumnBrokenLarge_d.dds
c:\dev\drum\Build_PS3\drum\Art\Export\Venues\v0006_sandstoneColumnBrokenLarge_ao.dds
c:\dev\drum\Build_PS3\drum\Art\Export\Venues\v0006_sandstoneColumnBrokenLarge_s.dds
c:\dev\drum\Build_PS3\drum\Art\Export\Venues\v0006_sandstoneColumnBrokenLarge_n.dds
c:\dev\drum\Build_PS3\drum\Art\Export\Venues\v0006_sandstoneColumnBrokenSmall_d.dds
c:\dev\drum\Build_PS3\drum\Art\Export\Venues\v0006_sandstoneColumnBrokenSmall_ao.dds
c:\dev\drum\Build_PS3\drum\Art\Export\Venues\v0006_sandstoneColumnBrokenSmall_s.dds
c:\dev\drum\Build_PS3\drum\Art\Export\Venues\v0006_sandstoneColumnBrokenSmall_n.dds
c:\dev\drum\Build_PS3\drum\Art\Export\Venues\v0006_wallFrontStage_d.dds
c:\dev\drum\Build_PS3\drum\Art\Export\Venues\v0006_wallFrontStage_ao.dds
c:\dev\drum\Build_PS3\drum\Art\Export\Venues\v0006_wallFrontStage_s.dds
c:\dev\drum\Build_PS3\drum\Art\Export\Venues\v0006_wallFrontStage_n.dds
c:\dev\drum\Build_PS3\drum\Art\Export\Venues\v0006_StageFloor_d.dds
c:\dev\drum\Build_PS3\drum\Art\Export\Venues\v0006_StageFloor_ao.dds
c:\dev\drum\Build_PS3\drum\Art\Export\Venues\v0006_StageFloor_s.dds
c:\dev\drum\Build_PS3\drum\Art\Export\Venues\v0006_StageFloor_n.dds
c:\dev\drum\Build_PS3\drum\Art\Export\Venues\v0006_spotLight_d.dds
c:\dev\drum\Build_PS3\drum\Art\Export\Venues\v0006_stepLights_d.dds
c:\dev\drum\Build_PS3\drum\Art\Export\Venues\v0006_seating_lm.dds
c:\dev\drum\Build_PS3\drum\Art\Export\Venues\v0006_seatingStoneWallAndGranitTop_d.dds
c:\dev\drum\Build_PS3\drum\Art\Export\Venues\v0006_seatingWall_d.dds
c:\dev\drum\Build_PS3\drum\Art\Export\Venues\v0006_seatingWall_ao.dds
c:\dev\drum\Build_PS3\drum\Art\Export\Venues\v0006_seatingWall_n.dds
c:\dev\drum\Build_PS3\drum\Art\Export\Venues\v0006_seatingStoneWallGranitSurface_d.dds
c:\dev\drum\Build_PS3\drum\Art\Export\Venues\v0006_seatingStoneWallGranitSurface_ao.dds
c:\dev\drum\Build_PS3\drum\Art\Export\Venues\v0006_seatingStoneWallGranitSurface_n.dds
c:\dev\drum\Build_PS3\drum\Art\Export\Venues\v0006_seatingStoneWallSandstone_d.dds
c:\dev\drum\Build_PS3\drum\Art\Export\Venues\v0006_grillLight_d.dds
c:\dev\drum\Build_PS3\drum\Art\Export\Venues\v0006_grillLight_s.dds
c:\dev\drum\Build_PS3\drum\Art\Export\Venues\v0006_stage_lm.dds
c:\dev\drum\Build_PS3\drum\Art\Export\Venues\v0006_curtain_d.dds
c:\dev\drum\Build_PS3\drum\Art\Export\Venues\v0006_curtain_ao.dds
c:\dev\drum\Build_PS3\drum\Art\Export\Venues\v0006_curtain_s.dds
c:\dev\drum\Build_PS3\drum\Art\Export\Venues\v0006_curtain_n.dds
c:\dev\drum\Build_PS3\drum\Art\Export\Venues\v0006_stageFloorRubber_d.dds
c:\dev\drum\Build_PS3\drum\Art\Export\Venues\v0006_stageFloorRubber_ao.dds
c:\dev\drum\Build_PS3\drum\Art\Export\Venues\v0006_stageFloorRubber_s.dds
c:\dev\drum\Build_PS3\drum\Art\Export\Venues\v0006_stageFloorRubber_n.dds
c:\dev\drum\Build_PS3\drum\Art\Export\Venues\v0006_distressTile_d.dds
c:\dev\drum\Build_PS3\drum\Art\Export\Venues\v0006_distressTile_s.dds
c:\dev\drum\Build_PS3\drum\Art\Export\Venues\v0006_distressTile_n.dds
c:\dev\drum\Build_PS3\drum\Art\Export\Venues\v0006_trussPannel_d.dds
c:\dev\drum\Build_PS3\drum\Art\Export\Venues\v0006_trussPannel_ao.dds
c:\dev\drum\Build_PS3\drum\Art\Export\Venues\v0006_trussPannel_s.dds
c:\dev\drum\Build_PS3\drum\Art\Export\Venues\v0006_trussPannel_n.dds
c:\dev\drum\Build_PS3\drum\Art\Export\Venues\v0006_StageFloorLighter_d.dds
c:\dev\drum\Build_PS3\drum\Art\Export\Venues\v0006_StageFloorLighter_s.dds
c:\dev\drum\Build_PS3\drum\Art\Export\Venues\v0006_StageFloorLighter_n.dds
c:\dev\drum\Build_PS3\drum\Art\Export\Venues\v0006_stageDoors_d.dds
c:\dev\drum\Build_PS3\drum\Art\Export\Venues\v0006_stageDoors_ao.dds
c:\dev\drum\Build_PS3\drum\Art\Export\Venues\v0006_stageDoors_s.dds
c:\dev\drum\Build_PS3\drum\Art\Export\Venues\v0006_stageDoors_n.dds
c:\dev\drum\Build_PS3\drum\Art\Export\Venues\v0006_barrier_d.dds
c:\dev\drum\Build_PS3\drum\Art\Export\Venues\v0006_metalStrips_d.dds
c:\dev\drum\Build_PS3\drum\Art\Export\Venues\v0006_metalStrips_s.dds
c:\dev\drum\Build_PS3\drum\Art\Export\Venues\v0006_flare_d.dds
c:\dev\drum\Build_PS3\drum\Art\Export\Venues\v0006_stageDecals_d.dds
c:\dev\drum\Build_PS3\drum\Art\Export\Venues\v0006_Statue_d.dds
c:\dev\drum\Build_PS3\drum\Art\Export\Venues\v0006_Statue_ao.dds
c:\dev\drum\Build_PS3\drum\Art\Export\Venues\v0006_Statue_s.dds
c:\dev\drum\Build_PS3\drum\Art\Export\Venues\v0006_Statue_n.dds
c:\dev\drum\Build_PS3\drum\Art\Export\Venues\v0006_wallMiddle_lm.dds
c:\dev\drum\Build_PS3\drum\Art\Export\Venues\v0006_wallTopCenterRight_d.dds
c:\dev\drum\Build_PS3\drum\Art\Export\Venues\v0006_wallTopCenterRight_ao.dds
c:\dev\drum\Build_PS3\drum\Art\Export\Venues\v0006_wallTopCenterRight_s.dds
c:\dev\drum\Build_PS3\drum\Art\Export\Venues\v0006_wallTopCenterRight_n.dds
c:\dev\drum\Build_PS3\drum\Art\Export\Venues\v0006_monitorStageWedge_d.dds
c:\dev\drum\Build_PS3\drum\Art\Export\Venues\v0006_monitorStageWedge_n.dds
c:\dev\drum\Build_PS3\drum\Art\Export\Venues\v0006_ampGuitarAmp_d.dds
c:\dev\drum\Build_PS3\drum\Art\Export\Venues\v0006_ampGuitarAmpSpeaker2_d.dds
c:\dev\drum\Build_PS3\drum\Art\Export\Venues\v0006_ampGuitarAmpSpeaker2_n.dds
c:\dev\drum\Build_PS3\drum\Art\Export\Venues\v0006_bassGuitarAmp_d.dds
c:\dev\drum\Build_PS3\drum\Art\Export\Venues\v0006_bassGuitarAmp_pre_d.dds
c:\dev\drum\Build_PS3\drum\Art\Export\Venues\v0006_bassGuitarAmp_pre_n.dds
c:\dev\drum\Build_PS3\drum\Art\Export\Venues\v0006_bassGuitarAmp_n.dds
c:\dev\drum\Build_PS3\drum\Art\Export\Venues\v0006_lightSpotBulbFront_d.dds
c:\dev\drum\Build_PS3\drum\Art\Export\Venues\v0006_lightSpotBulb_d.dds
c:\dev\drum\Build_PS3\drum\Art\Export\Venues\v0006_splatRed_pj.dds
c:\dev\drum\Build_PS3\drum\Art\Export\Venues\v0006_starProngedOctagonal_pj.dds
c:\dev\drum\Build_PS3\drum\Art\Export\Venues\v0006_paintSplat_pj.dds
c:\dev\drum\Build_PS3\drum\Art\Export\Venues\v0006_mixingBoxes_d.dds
c:\dev\drum\Build_PS3\drum\Art\Export\Venues\v0006_eqFront_d.dds
c:\dev\drum\Build_PS3\drum\Art\Export\Venues\v0006_ceasar_d.dds
c:\dev\drum\Build_PS3\drum\Art\Export\Venues\v0006_ceasar_n.dds
