154
c:\dev\drum\Build_PS3\drum\Art\Export\Venues\v0003_skydome1_d.dds
c:\dev\drum\Build_PS3\drum\Art\Export\Venues\v0003_palmCrown_d.dds
c:\dev\drum\Build_PS3\drum\Art\Export\Venues\v0003_palmBark_d.dds
c:\dev\drum\Build_PS3\drum\Art\Export\Venues\v0003_palmFrond_d.dds
c:\dev\drum\Build_PS3\drum\Art\Export\Venues\v0003_hosta_d.dds
c:\dev\drum\Build_PS3\drum\Art\Export\Venues\v0003_dragonPlant_d.dds
c:\dev\drum\Build_PS3\drum\Art\Export\Venues\v0003_dragonPlant_s.dds
c:\dev\drum\Build_PS3\drum\Art\Export\Venues\v0003_landscape_d.dds
c:\dev\drum\Build_PS3\drum\Art\Export\Venues\v0003_landscape_ao.dds
c:\dev\drum\Build_PS3\drum\Art\Export\Venues\v0003_landscape_s.dds
c:\dev\drum\Build_PS3\drum\Art\Export\Venues\v0003_landscape_n.dds
c:\dev\drum\Build_PS3\drum\Art\Export\Venues\v0003_frondOffset_d.dds
c:\dev\drum\Build_PS3\drum\Art\Export\Venues\v0003_frondOffset_n.dds
c:\dev\drum\Build_PS3\drum\Art\Export\Venues\v0003_chair_d.dds
c:\dev\drum\Build_PS3\drum\Art\Export\Venues\v0003_wood_d.dds
c:\dev\drum\Build_PS3\drum\Art\Export\Venues\v0003_wood_ao.dds
c:\dev\drum\Build_PS3\drum\Art\Export\Venues\v0003_wood_s.dds
c:\dev\drum\Build_PS3\drum\Art\Export\Venues\v0003_wood_n.dds
c:\dev\drum\Build_PS3\drum\Art\Export\Venues\v0003_loungerWheel_d.dds
c:\dev\drum\Build_PS3\drum\Art\Export\Venues\V0003_barstoolBack_d.dds
c:\dev\drum\Build_PS3\drum\Art\Export\Venues\v0003_barstoolFootrail_n.dds
c:\dev\drum\Build_PS3\drum\Art\Export\Venues\V0003_Chair_d.dds
c:\dev\drum\Build_PS3\drum\Art\Export\Venues\v0003_grey_d.dds
c:\dev\drum\Build_PS3\drum\Art\Export\Venues\v0003_blank_ao.dds
c:\dev\drum\Build_PS3\drum\Art\Export\Venues\v0003_glass_c.dds
c:\dev\drum\Build_PS3\drum\Art\Export\Venues\v0003_cylinder_n.dds
c:\dev\drum\Build_PS3\drum\Art\Export\Venues\v0003_barstoolBase_d.dds
c:\dev\drum\Build_PS3\drum\Art\Export\Venues\v0003_postmount_s.dds
c:\dev\drum\Build_PS3\drum\Art\Export\Venues\v0003_barstoolBase_n.dds
c:\dev\drum\Build_PS3\drum\Art\Export\Venues\v0003_charcoalGrey_d.dds
c:\dev\drum\Build_PS3\drum\Art\Export\Venues\v0003_tarpaulin_n.dds
c:\dev\drum\Build_PS3\drum\Art\Export\Venues\v0003_stage_lm.dds
c:\dev\drum\Build_PS3\drum\Art\Export\Venues\v0003_standingSpeakers_d.dds
c:\dev\drum\Build_PS3\drum\Art\Export\Venues\v0003_standingSpeakers_s.dds
c:\dev\drum\Build_PS3\drum\Art\Export\Venues\v0003_standingSpeakers_n.dds
c:\dev\drum\Build_PS3\drum\Art\Export\Venues\v0003_allyTube_d.dds
c:\dev\drum\Build_PS3\drum\Art\Export\Venues\v0003_stageEdge_n.dds
c:\dev\drum\Build_PS3\drum\Art\Export\Venues\v0003_rubberTube_d.dds
c:\dev\drum\Build_PS3\drum\Art\Export\Venues\v0003_distress_s.dds
c:\dev\drum\Build_PS3\drum\Art\Export\Venues\v0003_flatSteel_d.dds
c:\dev\drum\Build_PS3\drum\Art\Export\Venues\v0003_flatSteel_s.dds
c:\dev\drum\Build_PS3\drum\Art\Export\Venues\v0003_chequerPlate_d.dds
c:\dev\drum\Build_PS3\drum\Art\Export\Venues\v0003_chequerPlate_s.dds
c:\dev\drum\Build_PS3\drum\Art\Export\Venues\v0003_chequerPlate_n.dds
c:\dev\drum\Build_PS3\drum\Art\Export\Venues\v0003_stageWires_d.dds
c:\dev\drum\Build_PS3\drum\Art\Export\Venues\v0003_hawser_d.dds
c:\dev\drum\Build_PS3\drum\Art\Export\Venues\v0003_hawser_n.dds
c:\dev\drum\Build_PS3\drum\Art\Export\Venues\v0003_paving_d.dds
c:\dev\drum\Build_PS3\drum\Art\Export\Venues\v0003_paving_s.dds
c:\dev\drum\Build_PS3\drum\Art\Export\Venues\v0003_patioBottom_lm.dds
c:\dev\drum\Build_PS3\drum\Art\Export\Venues\v0003_brick_d.dds
c:\dev\drum\Build_PS3\drum\Art\Export\Venues\v0003_brick_s.dds
c:\dev\drum\Build_PS3\drum\Art\Export\Venues\v0003_edgingCourse_d.dds
c:\dev\drum\Build_PS3\drum\Art\Export\Venues\v0003_edgingCourse_n.dds
c:\dev\drum\Build_PS3\drum\Art\Export\Venues\v0003_swimmingpool_d.dds
c:\dev\drum\Build_PS3\drum\Art\Export\Venues\v0003_stuccoClean_d.dds
c:\dev\drum\Build_PS3\drum\Art\Export\Venues\v0003_wood_d.dds
c:\dev\drum\Build_PS3\drum\Art\Export\Venues\v0003_wood_s.dds
c:\dev\drum\Build_PS3\drum\Art\Export\Venues\v0003_spotlight_d.dds
c:\dev\drum\Build_PS3\drum\Art\Export\Venues\v0003_neonBlue_d.dds
c:\dev\drum\Build_PS3\drum\Art\Export\Venues\v0003_poolLight_d.dds
c:\dev\drum\Build_PS3\drum\Art\Export\Venues\v0003_patioRight_lm.dds
c:\dev\drum\Build_PS3\drum\Art\Export\Venues\v0003_neonRed_d.dds
c:\dev\drum\Build_PS3\drum\Art\Export\Venues\v0003_mosaic_d.dds
c:\dev\drum\Build_PS3\drum\Art\Export\Venues\v0003_mosaic_s.dds
c:\dev\drum\Build_PS3\drum\Art\Export\Venues\v0003_mosaic_n.dds
c:\dev\drum\Build_PS3\drum\Art\Export\Venues\v0003_mulch_d.dds
c:\dev\drum\Build_PS3\drum\Art\Export\Venues\v0003_mosiacBlue_d.dds
c:\dev\drum\Build_PS3\drum\Art\Export\Venues\v0003_mosiacBlue_s.dds
c:\dev\drum\Build_PS3\drum\Art\Export\Venues\v0003_mosiacBlue_n.dds
c:\dev\drum\Build_PS3\drum\Art\Export\Venues\v0003_stuccoDirtUp_d.dds
c:\dev\drum\Build_PS3\drum\Art\Export\Venues\v0003_patioLeft_lm.dds
c:\dev\drum\Build_PS3\drum\Art\Export\Venues\v0003_hedge2_d.dds
c:\dev\drum\Build_PS3\drum\Art\Export\Venues\v0003_hedge2_s.dds
c:\dev\drum\Build_PS3\drum\Art\Export\Venues\v0003_hedge2_n.dds
c:\dev\drum\Build_PS3\drum\Art\Export\Venues\v0003_conifer_d.dds
c:\dev\drum\Build_PS3\drum\Art\Export\Venues\v0003_conifer_n.dds
c:\dev\drum\Build_PS3\drum\Art\Export\Venues\v0003_exteriorLight_d.dds
c:\dev\drum\Build_PS3\drum\Art\Export\Venues\v0003_railingGlass_d.dds
c:\dev\drum\Build_PS3\drum\Art\Export\Venues\v0003_railingGlass_s.dds
c:\dev\drum\Build_PS3\drum\Art\Export\Venues\v0003_glass_c.dds
c:\dev\drum\Build_PS3\drum\Art\Export\Venues\v0003_railingGlass_cm.dds
c:\dev\drum\Build_PS3\drum\Art\Export\Venues\v0003_metalIbeams_d.dds
c:\dev\drum\Build_PS3\drum\Art\Export\Venues\v0003_metalIbeams_s.dds
c:\dev\drum\Build_PS3\drum\Art\Export\Venues\v0003_postmount_d.dds
c:\dev\drum\Build_PS3\drum\Art\Export\Venues\v0003_edgingCourseLights_d.dds
c:\dev\drum\Build_PS3\drum\Art\Export\Venues\v0003_cherrybark_d.dds
c:\dev\drum\Build_PS3\drum\Art\Export\Venues\v0003_hedge_d.dds
c:\dev\drum\Build_PS3\drum\Art\Export\Venues\v0003_hedge_n.dds
c:\dev\drum\Build_PS3\drum\Art\Export\Venues\v0003_patioTop_lm.dds
c:\dev\drum\Build_PS3\drum\Art\Export\Venues\v0003_hedgeLight_d.dds
c:\dev\drum\Build_PS3\drum\Art\Export\Venues\v0003_bar_lm.dds
c:\dev\drum\Build_PS3\drum\Art\Export\Venues\v0003_threadPlate_d.dds
c:\dev\drum\Build_PS3\drum\Art\Export\Venues\v0003_threadPlate_s.dds
c:\dev\drum\Build_PS3\drum\Art\Export\Venues\v0003_blimpPanel_d.dds
c:\dev\drum\Build_PS3\drum\Art\Export\Venues\v0003_barWire_d.dds
c:\dev\drum\Build_PS3\drum\Art\Export\Venues\v0003_neonBlue_d.dds
c:\dev\drum\Build_PS3\drum\Art\Export\Venues\v0003_rightwingMid_lm.dds
c:\dev\drum\Build_PS3\drum\Art\Export\Venues\v0003_pglass_d.dds
c:\dev\drum\Build_PS3\drum\Art\Export\Venues\v0003_pglass_s.dds
c:\dev\drum\Build_PS3\drum\Art\Export\Venues\v0003_roofing_d.dds
c:\dev\drum\Build_PS3\drum\Art\Export\Venues\v0003_roofing_n.dds
c:\dev\drum\Build_PS3\drum\Art\Export\Venues\v0003_roofingDetails_d.dds
c:\dev\drum\Build_PS3\drum\Art\Export\Venues\v0003_roofingDetails_n.dds
c:\dev\drum\Build_PS3\drum\Art\Export\Venues\v0003_decking_d.dds
c:\dev\drum\Build_PS3\drum\Art\Export\Venues\v0003_decking_s.dds
c:\dev\drum\Build_PS3\drum\Art\Export\Venues\v0003_redBrick_d.dds
c:\dev\drum\Build_PS3\drum\Art\Export\Venues\v0003_roofPlaster_d.dds
c:\dev\drum\Build_PS3\drum\Art\Export\Venues\v0003_painting15_d.dds
c:\dev\drum\Build_PS3\drum\Art\Export\Venues\v0003_rightwingFar_lm.dds
c:\dev\drum\Build_PS3\drum\Art\Export\Venues\v0003_marbleDark_d.dds
c:\dev\drum\Build_PS3\drum\Art\Export\Venues\v0003_woodenFrame_d.dds
c:\dev\drum\Build_PS3\drum\Art\Export\Venues\v0003_woodenFrame_s.dds
c:\dev\drum\Build_PS3\drum\Art\Export\Venues\v0003_leftwingMid_lm.dds
c:\dev\drum\Build_PS3\drum\Art\Export\Venues\v0003_firePlaceFlame_d.dds
c:\dev\drum\Build_PS3\drum\Art\Export\Venues\v0003_sofas_d.dds
c:\dev\drum\Build_PS3\drum\Art\Export\Venues\v0003_woodTable_d.dds
c:\dev\drum\Build_PS3\drum\Art\Export\Venues\v0003_woodTable_s.dds
c:\dev\drum\Build_PS3\drum\Art\Export\Venues\v0003_leftwingFar_lm.dds
c:\dev\drum\Build_PS3\drum\Art\Export\Venues\v0003_ampGuitarAmpSpeaker2_d.dds
c:\dev\drum\Build_PS3\drum\Art\Export\Venues\v0003_ampGuitarAmpSpeaker2_n.dds
c:\dev\drum\Build_PS3\drum\Art\Export\Venues\v0003_bassGuitarAmp_pre_d.dds
c:\dev\drum\Build_PS3\drum\Art\Export\Venues\v0003_bassGuitarAmp_pre_n.dds
c:\dev\drum\Build_PS3\drum\Art\Export\Venues\v0003_bassGuitarAmp_d.dds
c:\dev\drum\Build_PS3\drum\Art\Export\Venues\v0003_bassGuitarAmp_n.dds
c:\dev\drum\Build_PS3\drum\Art\Export\Venues\v0003_monitorStageWedge_d.dds
c:\dev\drum\Build_PS3\drum\Art\Export\Venues\v0003_monitorStageWedge_n.dds
c:\dev\drum\Build_PS3\drum\Art\Export\Venues\v0003_ampGuitarAmp_d.dds
c:\dev\drum\Build_PS3\drum\Art\Export\Venues\v0003_citySurround1_d.dds
c:\dev\drum\Build_PS3\drum\Art\Export\Venues\v0003_citySurround2_d.dds
c:\dev\drum\Build_PS3\drum\Art\Export\Venues\v0003_citySurround3_d.dds
c:\dev\drum\Build_PS3\drum\Art\Export\Venues\v0003_citySurround4_d.dds
c:\dev\drum\Build_PS3\drum\Art\Export\Venues\v0003_landscape_d.dds
c:\dev\drum\Build_PS3\drum\Art\Export\Venues\v0003_lampshade_i.dds
c:\dev\drum\Build_PS3\drum\Art\Export\Venues\v0003_painting02_d.dds
c:\dev\drum\Build_PS3\drum\Art\Export\Venues\v0003_painting01_d.dds
c:\dev\drum\Build_PS3\drum\Art\Export\Venues\v0003_step_d.dds
c:\dev\drum\Build_PS3\drum\Art\Export\Venues\v0003_painting07_d.dds
c:\dev\drum\Build_PS3\drum\Art\Export\Venues\v0003_painting10_d.dds
c:\dev\drum\Build_PS3\drum\Art\Export\Venues\v0003_painting11_d.dds
c:\dev\drum\Build_PS3\drum\Art\Export\Venues\v0003_painting08_d.dds
c:\dev\drum\Build_PS3\drum\Art\Export\Venues\v0003_painting12_d.dds
c:\dev\drum\Build_PS3\drum\Art\Export\Venues\v0003_painting13_d.dds
c:\dev\drum\Build_PS3\drum\Art\Export\Venues\v0003_painting06_d.dds
c:\dev\drum\Build_PS3\drum\Art\Export\Venues\v0003_painting09_d.dds
c:\dev\drum\Build_PS3\drum\Art\Export\Venues\v0003_painting17_d.dds
c:\dev\drum\Build_PS3\drum\Art\Export\Venues\v0003_painting18_d.dds
c:\dev\drum\Build_PS3\drum\Art\Export\Venues\v0003_painting19_d.dds
c:\dev\drum\Build_PS3\drum\Art\Export\Venues\v0003_swimmingpoolB_pj.dds
c:\dev\drum\Build_PS3\drum\Art\Export\Venues\v0003_projectedTexture_pj.dds
c:\dev\drum\Build_PS3\drum\Art\Export\Venues\v0003_marbleWhite_d.dds
c:\dev\drum\Build_PS3\drum\Art\Export\Venues\v0003_cherrybark_d.dds
c:\dev\drum\Build_PS3\drum\Art\Export\Venues\v0003_cherry_d.dds
c:\dev\drum\Build_PS3\drum\Art\Export\Venues\v0003_cherry_n.dds
