134
c:\dev\drum\Build_PS3\drum\Art\Export\Venues\v0008_floorFountain_d.dds
c:\dev\drum\Build_PS3\drum\Art\Export\Venues\v0008_floorSanai_d.dds
c:\dev\drum\Build_PS3\drum\Art\Export\Venues\v0008_worldTradeAndLongchamp_d.dds
c:\dev\drum\Build_PS3\drum\Art\Export\Venues\v0008_roppongiHillsTower_d.dds
c:\dev\drum\Build_PS3\drum\Art\Export\Venues\v0008_cityBuildingYellow_d.dds
c:\dev\drum\Build_PS3\drum\Art\Export\Venues\v0008_buildingsSompo_d.dds
c:\dev\drum\Build_PS3\drum\Art\Export\Venues\v0008_buildingsAlternativeSompo_d.dds
c:\dev\drum\Build_PS3\drum\Art\Export\Venues\v0008_sanaiOutletAtNight_d.dds
c:\dev\drum\Build_PS3\drum\Art\Export\Venues\v0008_tasakiBuilding_d.dds
c:\dev\drum\Build_PS3\drum\Art\Export\Venues\v0008_backgroundBuilding_d.dds
c:\dev\drum\Build_PS3\drum\Art\Export\Venues\v0008_backgroundBuilding_d.dds
c:\dev\drum\Build_PS3\drum\Art\Export\Venues\v0008_buildingIndent2_d.dds
c:\dev\drum\Build_PS3\drum\Art\Export\Venues\v0008_diorBuilding_d.dds
c:\dev\drum\Build_PS3\drum\Art\Export\Venues\v0008_diorBuildingMesh_d.dds
c:\dev\drum\Build_PS3\drum\Art\Export\Venues\v0008_freewayCitySide_lm.dds
c:\dev\drum\Build_PS3\drum\Art\Export\Venues\v0008_atriumStageTilesAndMezzanineBar_d.dds
c:\dev\drum\Build_PS3\drum\Art\Export\Venues\v0008_atriumProps_lm.dds
c:\dev\drum\Build_PS3\drum\Art\Export\Venues\v0008_atriumBarMezzanineMesh_d.dds
c:\dev\drum\Build_PS3\drum\Art\Export\Venues\v0008_mainStructureExtras_d.dds
c:\dev\drum\Build_PS3\drum\Art\Export\Venues\v0008_mainStructureExtras_n.dds
c:\dev\drum\Build_PS3\drum\Art\Export\Venues\v0008_balcony_d.dds
c:\dev\drum\Build_PS3\drum\Art\Export\Venues\v0008_balcony_n.dds
c:\dev\drum\Build_PS3\drum\Art\Export\Venues\v0008_atriumFrame_lm.dds
c:\dev\drum\Build_PS3\drum\Art\Export\Venues\v0008_atriumBarTable_d.dds
c:\dev\drum\Build_PS3\drum\Art\Export\Venues\v0008_stageSurroundUnique_d.dds
c:\dev\drum\Build_PS3\drum\Art\Export\Venues\v0008_monorailDetails_d.dds
c:\dev\drum\Build_PS3\drum\Art\Export\Venues\v0008_surroundingCity_d.dds
c:\dev\drum\Build_PS3\drum\Art\Export\Venues\v0008_skydome_d.dds
c:\dev\drum\Build_PS3\drum\Art\Export\Venues\v0008_sanaiCenterBits_d.dds
c:\dev\drum\Build_PS3\drum\Art\Export\Venues\v0008_buildingFiller_d.dds
c:\dev\drum\Build_PS3\drum\Art\Export\Venues\v0008_shinjukuParkTower_d.dds
c:\dev\drum\Build_PS3\drum\Art\Export\Venues\v0008_buildingFiller2_d.dds
c:\dev\drum\Build_PS3\drum\Art\Export\Venues\v0008_carHeadlights_d.dds
c:\dev\drum\Build_PS3\drum\Art\Export\Venues\v0008_tvAdvertBuildings_d.dds
c:\dev\drum\Build_PS3\drum\Art\Export\Venues\v0008_buildingMini_d.dds
c:\dev\drum\Build_PS3\drum\Art\Export\Venues\v0008_buildingSignage_d.dds
c:\dev\drum\Build_PS3\drum\Art\Export\Venues\v0008_buildingMain_d.dds
c:\dev\drum\Build_PS3\drum\Art\Export\Venues\v0008_monorailCitySide_lm.dds
c:\dev\drum\Build_PS3\drum\Art\Export\Venues\v0008_neonRockRev_d.dds
c:\dev\drum\Build_PS3\drum\Art\Export\Venues\v0008_animCatsSigns_d.dds
c:\dev\drum\Build_PS3\drum\Art\Export\Venues\v0008_cityBuildingYellow_d.dds
c:\dev\drum\Build_PS3\drum\Art\Export\Venues\v0008_cityBuildingYellow_s.dds
c:\dev\drum\Build_PS3\drum\Art\Export\Venues\v0008_monorail_d.dds
c:\dev\drum\Build_PS3\drum\Art\Export\Venues\v0008_videoWallOverlay_d.dds
c:\dev\drum\Build_PS3\drum\Art\Export\Venues\v0008_sanaiTop_d.dds
c:\dev\drum\Build_PS3\drum\Art\Export\Venues\v0008_buildingFuji_d.dds
c:\dev\drum\Build_PS3\drum\Art\Export\Venues\v0008_vidwall_d.dds
c:\dev\drum\Build_PS3\drum\Art\Export\Venues\v0008_floorOuterCity_d.dds
c:\dev\drum\Build_PS3\drum\Art\Export\Venues\v0008_floorRearStageBuilding_d.dds
c:\dev\drum\Build_PS3\drum\Art\Export\Venues\v0008_buildingIndent_d.dds
c:\dev\drum\Build_PS3\drum\Art\Export\Venues\v0008_worldTradeAndLongchamp_d.dds
c:\dev\drum\Build_PS3\drum\Art\Export\Venues\v0008_freeway_d.dds
c:\dev\drum\Build_PS3\drum\Art\Export\Venues\v0008_xBeam_d.dds
c:\dev\drum\Build_PS3\drum\Art\Export\Venues\v0008_xBeam_n.dds
c:\dev\drum\Build_PS3\drum\Art\Export\Venues\v0008_exteriorMain_lm.dds
c:\dev\drum\Build_PS3\drum\Art\Export\Venues\v0008_xBeam_d.dds
c:\dev\drum\Build_PS3\drum\Art\Export\Venues\v0008_xBeam_n.dds
c:\dev\drum\Build_PS3\drum\Art\Export\Venues\v0008_stageExteriorBuilding_d.dds
c:\dev\drum\Build_PS3\drum\Art\Export\Venues\v0008_lightRockRevPixels_d.dds
c:\dev\drum\Build_PS3\drum\Art\Export\Venues\v0008_balcony_d.dds
c:\dev\drum\Build_PS3\drum\Art\Export\Venues\v0008_vent_d.dds
c:\dev\drum\Build_PS3\drum\Art\Export\Venues\v0008_vent_n.dds
c:\dev\drum\Build_PS3\drum\Art\Export\Venues\v0008_mainStructureWalls_d.dds
c:\dev\drum\Build_PS3\drum\Art\Export\Venues\v0008_mainStructureWalls_s.dds
c:\dev\drum\Build_PS3\drum\Art\Export\Venues\v0008_mainStructureWalls_n.dds
c:\dev\drum\Build_PS3\drum\Art\Export\Venues\v0008_mainStructureGlass_d.dds
c:\dev\drum\Build_PS3\drum\Art\Export\Venues\v0008_mainStructureGlass_s.dds
c:\dev\drum\Build_PS3\drum\Art\Export\Venues\v0008_atrium_c.dds
c:\dev\drum\Build_PS3\drum\Art\Export\Venues\v0008_mainStructureGlass_cm.dds
c:\dev\drum\Build_PS3\drum\Art\Export\Venues\v0008_balconyLights_d.dds
c:\dev\drum\Build_PS3\drum\Art\Export\Venues\v0008_balcony_lm.dds
c:\dev\drum\Build_PS3\drum\Art\Export\Venues\v0008_mainStructureWalls_d.dds
c:\dev\drum\Build_PS3\drum\Art\Export\Venues\v0008_atriumBarAndRoof_d.dds
c:\dev\drum\Build_PS3\drum\Art\Export\Venues\v0008_stageFloorTiling_d.dds
c:\dev\drum\Build_PS3\drum\Art\Export\Venues\v0008_balcony_c.dds
c:\dev\drum\Build_PS3\drum\Art\Export\Venues\v0008_atriumBarChair_d.dds
c:\dev\drum\Build_PS3\drum\Art\Export\Venues\v0008_wires_d.dds
c:\dev\drum\Build_PS3\drum\Art\Export\Venues\v0008_roofSheet_d.dds
c:\dev\drum\Build_PS3\drum\Art\Export\Venues\v0008_roofSheet_n.dds
c:\dev\drum\Build_PS3\drum\Art\Export\Venues\v0008_atriumBarAndRoof_d.dds
c:\dev\drum\Build_PS3\drum\Art\Export\Venues\v0008_atriumFrame_d.dds
c:\dev\drum\Build_PS3\drum\Art\Export\Venues\v0008_barSpotLamp_d.dds
c:\dev\drum\Build_PS3\drum\Art\Export\Venues\v0008_atriumBarSmokeDetector_d.dds
c:\dev\drum\Build_PS3\drum\Art\Export\Venues\v0008_atriumBarMeshTile_d.dds
c:\dev\drum\Build_PS3\drum\Art\Export\Venues\v0008_atriumBarMeshWire_d.dds
c:\dev\drum\Build_PS3\drum\Art\Export\Venues\v0008_atriumGirders_d.dds
c:\dev\drum\Build_PS3\drum\Art\Export\Venues\v0008_atriumGirders_n.dds
c:\dev\drum\Build_PS3\drum\Art\Export\Venues\v0008_atriumFrame_s.dds
c:\dev\drum\Build_PS3\drum\Art\Export\Venues\v0008_atriumFrame_n.dds
c:\dev\drum\Build_PS3\drum\Art\Export\Venues\v0008_atriumFrame_d.dds
c:\dev\drum\Build_PS3\drum\Art\Export\Venues\v0008_atriumFrame_s.dds
c:\dev\drum\Build_PS3\drum\Art\Export\Venues\v0008_atriumFrame_n.dds
c:\dev\drum\Build_PS3\drum\Art\Export\Venues\v0008_atriumFrameRing_d.dds
c:\dev\drum\Build_PS3\drum\Art\Export\Venues\v0008_atriumFrameRing_s.dds
c:\dev\drum\Build_PS3\drum\Art\Export\Venues\v0008_atriumFrameRing_n.dds
c:\dev\drum\Build_PS3\drum\Art\Export\Venues\v0008_stageBar_d.dds
c:\dev\drum\Build_PS3\drum\Art\Export\Venues\v0008_fireexit_d.dds
c:\dev\drum\Build_PS3\drum\Art\Export\Venues\v0008_squareRedSpeaker_d.dds
c:\dev\drum\Build_PS3\drum\Art\Export\Venues\v0008_squareRedSpeaker_s.dds
c:\dev\drum\Build_PS3\drum\Art\Export\Venues\v0008_squareRedSpeaker_n.dds
c:\dev\drum\Build_PS3\drum\Art\Export\Venues\v0008_dualSpeakers_d.dds
c:\dev\drum\Build_PS3\drum\Art\Export\Venues\v0008_dualSpeakers_n.dds
c:\dev\drum\Build_PS3\drum\Art\Export\Venues\v0008_stageWires_d.dds
c:\dev\drum\Build_PS3\drum\Art\Export\Venues\v0008_stageWraps_d.dds
c:\dev\drum\Build_PS3\drum\Art\Export\Venues\v0008_stageUnique_d.dds
c:\dev\drum\Build_PS3\drum\Art\Export\Venues\v0008_stageUnique_n.dds
c:\dev\drum\Build_PS3\drum\Art\Export\Venues\v0008_stageGlass_d.dds
c:\dev\drum\Build_PS3\drum\Art\Export\Venues\v0008_stageGlass_s.dds
c:\dev\drum\Build_PS3\drum\Art\Export\Venues\v0008_stageGlass_c.dds
c:\dev\drum\Build_PS3\drum\Art\Export\Venues\v0008_stageGlass_cm.dds
c:\dev\drum\Build_PS3\drum\Art\Export\Venues\v0008_stage_lm.dds
c:\dev\drum\Build_PS3\drum\Art\Export\Venues\v0008_stageConcreteTiling_d.dds
c:\dev\drum\Build_PS3\drum\Art\Export\Venues\v0008_stageConcreteTiling_n.dds
c:\dev\drum\Build_PS3\drum\Art\Export\Venues\v0008_stageWraps_d.dds
c:\dev\drum\Build_PS3\drum\Art\Export\Venues\v0008_stageWraps_s.dds
c:\dev\drum\Build_PS3\drum\Art\Export\Venues\v0008_stageWraps_n.dds
c:\dev\drum\Build_PS3\drum\Art\Export\Venues\v0008_atriumStageTilesAndMezzanineBar_d.dds
c:\dev\drum\Build_PS3\drum\Art\Export\Venues\v0008_atriumStageTilesAndMezzanineBar_s.dds
c:\dev\drum\Build_PS3\drum\Art\Export\Venues\v0008_atriumStageTilesAndMezzanineBar_n.dds
c:\dev\drum\Build_PS3\drum\Art\Export\Venues\v0008_stageUnique_s.dds
c:\dev\drum\Build_PS3\drum\Art\Export\Venues\v0008_lightFlare_d.dds
c:\dev\drum\Build_PS3\drum\Art\Export\Venues\v0008_stageBulbs_d.dds
c:\dev\drum\Build_PS3\drum\Art\Export\Venues\v0008_monitorStageWedge_d.dds
c:\dev\drum\Build_PS3\drum\Art\Export\Venues\v0008_monitorStageWedge_n.dds
c:\dev\drum\Build_PS3\drum\Art\Export\Venues\v0008_lightStand_d.dds
c:\dev\drum\Build_PS3\drum\Art\Export\Venues\v0008_lightStand_n.dds
c:\dev\drum\Build_PS3\drum\Art\Export\Venues\v0008_projectedTexture_pj.dds
c:\dev\drum\Build_PS3\drum\Art\Export\Venues\v0008_lightTriStip_d.dds
c:\dev\drum\Build_PS3\drum\Art\Export\Venues\v0008_neonSnakeRunner_d.dds
c:\dev\drum\Build_PS3\drum\Art\Export\Venues\v0008_rockRevScrollText_d.dds
c:\dev\drum\Build_PS3\drum\Art\Export\Venues\v0008_sanaiCenter2_d.dds
c:\dev\drum\Build_PS3\drum\Art\Export\Venues\v0008_SanaiCenter_c.dds
c:\dev\drum\Build_PS3\drum\Art\Export\Venues\v0008_sanaiCenter2_cm.dds
c:\dev\drum\Build_PS3\drum\Art\Export\Venues\v0008_sanaiScrollBoards_d.dds
