133
c:\dev\drum\Build_PS3\drum\Art\Export\Venues\v0012_table_d.dds
c:\dev\drum\Build_PS3\drum\Art\Export\Venues\v0012_table_s.dds
c:\dev\drum\Build_PS3\drum\Art\Export\Venues\v0012_table_n.dds
c:\dev\drum\Build_PS3\drum\Art\Export\Venues\v0012_columns02_lm.dds
c:\dev\drum\Build_PS3\drum\Art\Export\Venues\v0012_vase_d.dds
c:\dev\drum\Build_PS3\drum\Art\Export\Venues\v0012_vase_s.dds
c:\dev\drum\Build_PS3\drum\Art\Export\Venues\v0012_vase_n.dds
c:\dev\drum\Build_PS3\drum\Art\Export\Venues\v0012_stagetile02_d.dds
c:\dev\drum\Build_PS3\drum\Art\Export\Venues\v0012_wallslabalcony_lm.dds
c:\dev\drum\Build_PS3\drum\Art\Export\Venues\v0012_balcony_d.dds
c:\dev\drum\Build_PS3\drum\Art\Export\Venues\v0012_balcony_s.dds
c:\dev\drum\Build_PS3\drum\Art\Export\Venues\v0012_balcony_n.dds
c:\dev\drum\Build_PS3\drum\Art\Export\Venues\v0012_window_d.dds
c:\dev\drum\Build_PS3\drum\Art\Export\Venues\v0012_lantrn_d.dds
c:\dev\drum\Build_PS3\drum\Art\Export\Venues\v0012_lantrn_n.dds
c:\dev\drum\Build_PS3\drum\Art\Export\Venues\v0012_column02_d.dds
c:\dev\drum\Build_PS3\drum\Art\Export\Venues\v0012_column02_s.dds
c:\dev\drum\Build_PS3\drum\Art\Export\Venues\v0012_column02_n.dds
c:\dev\drum\Build_PS3\drum\Art\Export\Venues\v0012_walls_lm.dds
c:\dev\drum\Build_PS3\drum\Art\Export\Venues\v0012_painting01_d.dds
c:\dev\drum\Build_PS3\drum\Art\Export\Venues\v0012_painting01_s.dds
c:\dev\drum\Build_PS3\drum\Art\Export\Venues\v0012_painting01_n.dds
c:\dev\drum\Build_PS3\drum\Art\Export\Venues\v0012_door_d.dds
c:\dev\drum\Build_PS3\drum\Art\Export\Venues\v0012_door_s.dds
c:\dev\drum\Build_PS3\drum\Art\Export\Venues\v0012_door_n.dds
c:\dev\drum\Build_PS3\drum\Art\Export\Venues\v0012_walls_d.dds
c:\dev\drum\Build_PS3\drum\Art\Export\Venues\v0012_rooms_lm.dds
c:\dev\drum\Build_PS3\drum\Art\Export\Venues\v0012_lamp021_d.dds
c:\dev\drum\Build_PS3\drum\Art\Export\Venues\v0012_roof02_d.dds
c:\dev\drum\Build_PS3\drum\Art\Export\Venues\v0012_ceiling_lm.dds
c:\dev\drum\Build_PS3\drum\Art\Export\Venues\v0012_bird_d.dds
c:\dev\drum\Build_PS3\drum\Art\Export\Venues\v0012_roof01_d.dds
c:\dev\drum\Build_PS3\drum\Art\Export\Venues\v0012_frontstaircase_d.dds
c:\dev\drum\Build_PS3\drum\Art\Export\Venues\v0012_frontstaircase_s.dds
c:\dev\drum\Build_PS3\drum\Art\Export\Venues\v0012_frontstaircase_n.dds
c:\dev\drum\Build_PS3\drum\Art\Export\Venues\v0012_arches03_lm.dds
c:\dev\drum\Build_PS3\drum\Art\Export\Venues\v0012_column01_d.dds
c:\dev\drum\Build_PS3\drum\Art\Export\Venues\v0012_column01_s.dds
c:\dev\drum\Build_PS3\drum\Art\Export\Venues\v0012_column01_n.dds
c:\dev\drum\Build_PS3\drum\Art\Export\Venues\v0012_ornament01_d.dds
c:\dev\drum\Build_PS3\drum\Art\Export\Venues\v0012_ornament01_s.dds
c:\dev\drum\Build_PS3\drum\Art\Export\Venues\v0012_ornament01_n.dds
c:\dev\drum\Build_PS3\drum\Art\Export\Venues\v0012_arches_d.dds
c:\dev\drum\Build_PS3\drum\Art\Export\Venues\v0012_arches_s.dds
c:\dev\drum\Build_PS3\drum\Art\Export\Venues\v0012_arches_n.dds
c:\dev\drum\Build_PS3\drum\Art\Export\Venues\v0012_niche01_d.dds
c:\dev\drum\Build_PS3\drum\Art\Export\Venues\v0012_niche01_s.dds
c:\dev\drum\Build_PS3\drum\Art\Export\Venues\v0012_arches02_lm.dds
c:\dev\drum\Build_PS3\drum\Art\Export\Venues\v0012_projlight_pj.dds
c:\dev\drum\Build_PS3\drum\Art\Export\Venues\v0012_arches01_lm.dds
c:\dev\drum\Build_PS3\drum\Art\Export\Venues\v0012_grating_d.dds
c:\dev\drum\Build_PS3\drum\Art\Export\Venues\v0012_grating_n.dds
c:\dev\drum\Build_PS3\drum\Art\Export\Venues\v0012_stage_lm.dds
c:\dev\drum\Build_PS3\drum\Art\Export\Venues\v0012_marble01_d.dds
c:\dev\drum\Build_PS3\drum\Art\Export\Venues\v0012_marble01_s.dds
c:\dev\drum\Build_PS3\drum\Art\Export\Venues\v0012_columns01_lm.dds
c:\dev\drum\Build_PS3\drum\Art\Export\Venues\v0012_stagetile01_d.dds
c:\dev\drum\Build_PS3\drum\Art\Export\Venues\v0012_stagetile01_s.dds
c:\dev\drum\Build_PS3\drum\Art\Export\Venues\v0012_smallwalls_lm.dds
c:\dev\drum\Build_PS3\drum\Art\Export\Venues\v0012_crossing_d.dds
c:\dev\drum\Build_PS3\drum\Art\Export\Venues\v0012_crossing_s.dds
c:\dev\drum\Build_PS3\drum\Art\Export\Venues\v0012_crossing_n.dds
c:\dev\drum\Build_PS3\drum\Art\Export\Venues\v0012_wallpanel_d.dds
c:\dev\drum\Build_PS3\drum\Art\Export\Venues\v0012_wallpanel_s.dds
c:\dev\drum\Build_PS3\drum\Art\Export\Venues\v0012_wallpanel_n.dds
c:\dev\drum\Build_PS3\drum\Art\Export\Venues\v0012_stagetile_d.dds
c:\dev\drum\Build_PS3\drum\Art\Export\Venues\v0012_stagetile_s.dds
c:\dev\drum\Build_PS3\drum\Art\Export\Venues\v0012_stagetile_n.dds
c:\dev\drum\Build_PS3\drum\Art\Export\Venues\v0012_stagetile01_n.dds
c:\dev\drum\Build_PS3\drum\Art\Export\Venues\v0012_cubicstage01_d.dds
c:\dev\drum\Build_PS3\drum\Art\Export\Venues\v0012_floor_lm.dds
c:\dev\drum\Build_PS3\drum\Art\Export\Venues\v0012_basekolumn_d.dds
c:\dev\drum\Build_PS3\drum\Art\Export\Venues\v0012_base_lm.dds
c:\dev\drum\Build_PS3\drum\Art\Export\Venues\v0012_basekolumn_s.dds
c:\dev\drum\Build_PS3\drum\Art\Export\Venues\v0012_basekolumn_n.dds
c:\dev\drum\Build_PS3\drum\Art\Export\Venues\v0012_statue05_d.dds
c:\dev\drum\Build_PS3\drum\Art\Export\Venues\v0012_statue05_s.dds
c:\dev\drum\Build_PS3\drum\Art\Export\Venues\v0012_statue05_n.dds
c:\dev\drum\Build_PS3\drum\Art\Export\Venues\v0012_statues_lm.dds
c:\dev\drum\Build_PS3\drum\Art\Export\Venues\v0012_statue03_d.dds
c:\dev\drum\Build_PS3\drum\Art\Export\Venues\v0012_statue03_s.dds
c:\dev\drum\Build_PS3\drum\Art\Export\Venues\v0012_statue03_n.dds
c:\dev\drum\Build_PS3\drum\Art\Export\Venues\v0012_statue04_d.dds
c:\dev\drum\Build_PS3\drum\Art\Export\Venues\v0012_statue04_s.dds
c:\dev\drum\Build_PS3\drum\Art\Export\Venues\v0012_statue04_n.dds
c:\dev\drum\Build_PS3\drum\Art\Export\Venues\v0012_statue02_d.dds
c:\dev\drum\Build_PS3\drum\Art\Export\Venues\v0012_statue02_s.dds
c:\dev\drum\Build_PS3\drum\Art\Export\Venues\v0012_statue02_n.dds
c:\dev\drum\Build_PS3\drum\Art\Export\Venues\v0012_statue01_d.dds
c:\dev\drum\Build_PS3\drum\Art\Export\Venues\v0012_statue01_s.dds
c:\dev\drum\Build_PS3\drum\Art\Export\Venues\v0012_statue01_n.dds
c:\dev\drum\Build_PS3\drum\Art\Export\Venues\v0012_statue06_d.dds
c:\dev\drum\Build_PS3\drum\Art\Export\Venues\v0012_statue06_s.dds
c:\dev\drum\Build_PS3\drum\Art\Export\Venues\v0012_statue06_n.dds
c:\dev\drum\Build_PS3\drum\Art\Export\Venues\v0012_stageWires_d.dds
c:\dev\drum\Build_PS3\drum\Art\Export\Venues\v0012_bassGuitarAmp_d.dds
c:\dev\drum\Build_PS3\drum\Art\Export\Venues\v0012_bassGuitarAmp_n.dds
c:\dev\drum\Build_PS3\drum\Art\Export\Venues\v0012_bassGuitarAmp_pre_d.dds
c:\dev\drum\Build_PS3\drum\Art\Export\Venues\v0012_bassGuitarAmp_pre_n.dds
c:\dev\drum\Build_PS3\drum\Art\Export\Venues\v0012_ampGuitarAmpSpeaker2_d.dds
c:\dev\drum\Build_PS3\drum\Art\Export\Venues\v0012_ampGuitarAmpSpeaker2_n.dds
c:\dev\drum\Build_PS3\drum\Art\Export\Venues\v0012_ampGuitarAmp_d.dds
c:\dev\drum\Build_PS3\drum\Art\Export\Venues\v0012_monitorStageWedge_d.dds
c:\dev\drum\Build_PS3\drum\Art\Export\Venues\v0012_monitorStageWedge_n.dds
c:\dev\drum\Build_PS3\drum\Art\Export\Venues\v0012_lamp02_d.dds
c:\dev\drum\Build_PS3\drum\Art\Export\Venues\v0012_lightStand_d.dds
c:\dev\drum\Build_PS3\drum\Art\Export\Venues\v0012_lightStand_n.dds
c:\dev\drum\Build_PS3\drum\Art\Export\Venues\v0012_lamp022_d.dds
c:\dev\drum\Build_PS3\drum\Art\Export\Venues\v0012_chandelier01_lm.dds
c:\dev\drum\Build_PS3\drum\Art\Export\Venues\v0012_lamp01_d.dds
c:\dev\drum\Build_PS3\drum\Art\Export\Venues\v0012_basestatue_d.dds
c:\dev\drum\Build_PS3\drum\Art\Export\Venues\v0012_basestatue_s.dds
c:\dev\drum\Build_PS3\drum\Art\Export\Venues\v0012_basestatue_n.dds
c:\dev\drum\Build_PS3\drum\Art\Export\Venues\v0012_sky01_d.dds
c:\dev\drum\Build_PS3\drum\Art\Export\Venues\v0012_marbleStage_d.dds
c:\dev\drum\Build_PS3\drum\Art\Export\Venues\v0012_floor01_d.dds
c:\dev\drum\Build_PS3\drum\Art\Export\Venues\v0012_lampswall_lm.dds
c:\dev\drum\Build_PS3\drum\Art\Export\Venues\v0012_stagetile02_s.dds
c:\dev\drum\Build_PS3\drum\Art\Export\Venues\v0012_stagetile02_n.dds
c:\dev\drum\Build_PS3\drum\Art\Export\Venues\v0012_wall01_lm.dds
c:\dev\drum\Build_PS3\drum\Art\Export\Venues\v0012_pillar06_d.dds
c:\dev\drum\Build_PS3\drum\Art\Export\Venues\v0012_pillar06_s.dds
c:\dev\drum\Build_PS3\drum\Art\Export\Venues\v0012_pillar06_n.dds
c:\dev\drum\Build_PS3\drum\Art\Export\Venues\v0012_painting02_d.dds
c:\dev\drum\Build_PS3\drum\Art\Export\Venues\v0012_painting02_s.dds
c:\dev\drum\Build_PS3\drum\Art\Export\Venues\v0012_painting02_n.dds
c:\dev\drum\Build_PS3\drum\Art\Export\Venues\v0012_painting03_d.dds
c:\dev\drum\Build_PS3\drum\Art\Export\Venues\v0012_painting03_s.dds
c:\dev\drum\Build_PS3\drum\Art\Export\Venues\v0012_painting03_n.dds
c:\dev\drum\Build_PS3\drum\Art\Export\Venues\v0012_lamp021_s.dds
c:\dev\drum\Build_PS3\drum\Art\Export\Venues\v0012_entrance_d.dds
c:\dev\drum\Build_PS3\drum\Art\Export\Venues\v0012_entrance_s.dds
c:\dev\drum\Build_PS3\drum\Art\Export\Venues\v0012_entrance_n.dds
