119
c:\dev\drum\Build_PS3\drum\Art\Export\Venues\v0011_lamp_d.dds
c:\dev\drum\Build_PS3\drum\Art\Export\Venues\v0011_lamp_lm.dds
c:\dev\drum\Build_PS3\drum\Art\Export\Venues\v0011_resonator_d.dds
c:\dev\drum\Build_PS3\drum\Art\Export\Venues\v0011_resonator_s.dds
c:\dev\drum\Build_PS3\drum\Art\Export\Venues\v0011_stage_lm.dds
c:\dev\drum\Build_PS3\drum\Art\Export\Venues\v0011_windows1_d.dds
c:\dev\drum\Build_PS3\drum\Art\Export\Venues\v0011_building_lm.dds
c:\dev\drum\Build_PS3\drum\Art\Export\Venues\v0011_roof_d.dds
c:\dev\drum\Build_PS3\drum\Art\Export\Venues\v0011_rails2_d.dds
c:\dev\drum\Build_PS3\drum\Art\Export\Venues\v0011_pool_lm.dds
c:\dev\drum\Build_PS3\drum\Art\Export\Venues\v0011_refusebin_d.dds
c:\dev\drum\Build_PS3\drum\Art\Export\Venues\v0011_burnedCar_d.dds
c:\dev\drum\Build_PS3\drum\Art\Export\Venues\v0011_concretePipe_d.dds
c:\dev\drum\Build_PS3\drum\Art\Export\Venues\v0011_concretePipe_lm.dds
c:\dev\drum\Build_PS3\drum\Art\Export\Venues\v0011_crates01_d.dds
c:\dev\drum\Build_PS3\drum\Art\Export\Venues\v0011_crates_lm.dds
c:\dev\drum\Build_PS3\drum\Art\Export\Venues\v0011_electicalTower_d.dds
c:\dev\drum\Build_PS3\drum\Art\Export\Venues\v0011_upperWires_d.dds
c:\dev\drum\Build_PS3\drum\Art\Export\Venues\v0011_upperWires_s.dds
c:\dev\drum\Build_PS3\drum\Art\Export\Venues\v0011_upperWires_n.dds
c:\dev\drum\Build_PS3\drum\Art\Export\Venues\v0011_highway_lm.dds
c:\dev\drum\Build_PS3\drum\Art\Export\Venues\v0011_rubbishBin_d.dds
c:\dev\drum\Build_PS3\drum\Art\Export\Venues\v0011_bassGuitarAmp_d.dds
c:\dev\drum\Build_PS3\drum\Art\Export\Venues\v0011_monitorStageWedge_d.dds
c:\dev\drum\Build_PS3\drum\Art\Export\Venues\v0011_monitorStageWedge_n.dds
c:\dev\drum\Build_PS3\drum\Art\Export\Venues\v0011_bassGuitarAmp_n.dds
c:\dev\drum\Build_PS3\drum\Art\Export\Venues\v0011_bassGuitarAmp_pre_d.dds
c:\dev\drum\Build_PS3\drum\Art\Export\Venues\v0011_bassGuitarAmp_pre_n.dds
c:\dev\drum\Build_PS3\drum\Art\Export\Venues\v0011_stairs_d.dds
c:\dev\drum\Build_PS3\drum\Art\Export\Venues\v0011_roof02_d.dds
c:\dev\drum\Build_PS3\drum\Art\Export\Venues\v0011_round_d.dds
c:\dev\drum\Build_PS3\drum\Art\Export\Venues\v0011_woodenPoles_d.dds
c:\dev\drum\Build_PS3\drum\Art\Export\Venues\v0011_woodenPoles_s.dds
c:\dev\drum\Build_PS3\drum\Art\Export\Venues\v0011_beams_d.dds
c:\dev\drum\Build_PS3\drum\Art\Export\Venues\v0011_beams_s.dds
c:\dev\drum\Build_PS3\drum\Art\Export\Venues\v0011_pipe_d.dds
c:\dev\drum\Build_PS3\drum\Art\Export\Venues\v0011_pipe_s.dds
c:\dev\drum\Build_PS3\drum\Art\Export\Venues\v0011_grafittiWall_04_d.dds
c:\dev\drum\Build_PS3\drum\Art\Export\Venues\v0011_grafittiWall_04_s.dds
c:\dev\drum\Build_PS3\drum\Art\Export\Venues\v0011_grafitti_lm.dds
c:\dev\drum\Build_PS3\drum\Art\Export\Venues\v0011_grafittiWall_05_d.dds
c:\dev\drum\Build_PS3\drum\Art\Export\Venues\v0011_grafittiWall_05_s.dds
c:\dev\drum\Build_PS3\drum\Art\Export\Venues\v0011_grafittiWall_05_n.dds
c:\dev\drum\Build_PS3\drum\Art\Export\Venues\v0011_grafitti_02_d.dds
c:\dev\drum\Build_PS3\drum\Art\Export\Venues\v0011_grafitti_02_s.dds
c:\dev\drum\Build_PS3\drum\Art\Export\Venues\v0011_grafitti_01_d.dds
c:\dev\drum\Build_PS3\drum\Art\Export\Venues\v0011_grafitti_01_s.dds
c:\dev\drum\Build_PS3\drum\Art\Export\Venues\v0011_grafitti_04_d.dds
c:\dev\drum\Build_PS3\drum\Art\Export\Venues\v0011_grafitti_04_s.dds
c:\dev\drum\Build_PS3\drum\Art\Export\Venues\v0011_grafitti_05_d.dds
c:\dev\drum\Build_PS3\drum\Art\Export\Venues\v0011_grafitti_05_s.dds
c:\dev\drum\Build_PS3\drum\Art\Export\Venues\v0011_grafitti_03_d.dds
c:\dev\drum\Build_PS3\drum\Art\Export\Venues\v0011_grafitti_03_s.dds
c:\dev\drum\Build_PS3\drum\Art\Export\Venues\v0011_grafitti_10_d.dds
c:\dev\drum\Build_PS3\drum\Art\Export\Venues\v0011_grafitti_10_s.dds
c:\dev\drum\Build_PS3\drum\Art\Export\Venues\v0011_grafitti2_lm.dds
c:\dev\drum\Build_PS3\drum\Art\Export\Venues\v0011_grafitti_09_d.dds
c:\dev\drum\Build_PS3\drum\Art\Export\Venues\v0011_grafitti_09_s.dds
c:\dev\drum\Build_PS3\drum\Art\Export\Venues\v0011_grafitti_08_d.dds
c:\dev\drum\Build_PS3\drum\Art\Export\Venues\v0011_grafitti_08_s.dds
c:\dev\drum\Build_PS3\drum\Art\Export\Venues\v0011_grafitti_07_d.dds
c:\dev\drum\Build_PS3\drum\Art\Export\Venues\v0011_grafitti_07_s.dds
c:\dev\drum\Build_PS3\drum\Art\Export\Venues\v0011_lamp_01_d.dds
c:\dev\drum\Build_PS3\drum\Art\Export\Venues\v0011_lamp01_d.dds
c:\dev\drum\Build_PS3\drum\Art\Export\Venues\v0011_column01_d.dds
c:\dev\drum\Build_PS3\drum\Art\Export\Venues\v0011_column_lm.dds
c:\dev\drum\Build_PS3\drum\Art\Export\Venues\v0011_column02_d.dds
c:\dev\drum\Build_PS3\drum\Art\Export\Venues\v0011_columnBufer_d.dds
c:\dev\drum\Build_PS3\drum\Art\Export\Venues\v0011_highwayTop_d.dds
c:\dev\drum\Build_PS3\drum\Art\Export\Venues\v0011_highwayBottom_d.dds
c:\dev\drum\Build_PS3\drum\Art\Export\Venues\v0011_buildings4_d.dds
c:\dev\drum\Build_PS3\drum\Art\Export\Venues\v0011_wallGarage01_d.dds
c:\dev\drum\Build_PS3\drum\Art\Export\Venues\v0011_wallGarage02_d.dds
c:\dev\drum\Build_PS3\drum\Art\Export\Venues\v0011_building_06_d.dds
c:\dev\drum\Build_PS3\drum\Art\Export\Venues\v0011_windows_02_d.dds
c:\dev\drum\Build_PS3\drum\Art\Export\Venues\v0011_building_05_d.dds
c:\dev\drum\Build_PS3\drum\Art\Export\Venues\v0011_railsWire4_d.dds
c:\dev\drum\Build_PS3\drum\Art\Export\Venues\v0011_subway_02_d.dds
c:\dev\drum\Build_PS3\drum\Art\Export\Venues\v0011_buildings3_d.dds
c:\dev\drum\Build_PS3\drum\Art\Export\Venues\v0011_building04_d.dds
c:\dev\drum\Build_PS3\drum\Art\Export\Venues\v0011_building2_d.dds
c:\dev\drum\Build_PS3\drum\Art\Export\Venues\v0011_building03_d.dds
c:\dev\drum\Build_PS3\drum\Art\Export\Venues\v0011_building01_d.dds
c:\dev\drum\Build_PS3\drum\Art\Export\Venues\v0011_building02_d.dds
c:\dev\drum\Build_PS3\drum\Art\Export\Venues\v0011_building05_d.dds
c:\dev\drum\Build_PS3\drum\Art\Export\Venues\v0011_building75_d.dds
c:\dev\drum\Build_PS3\drum\Art\Export\Venues\v0011_glass_d.dds
c:\dev\drum\Build_PS3\drum\Art\Export\Venues\v0011_subwayTrain_01_d.dds
c:\dev\drum\Build_PS3\drum\Art\Export\Venues\v0011_subway_lm.dds
c:\dev\drum\Build_PS3\drum\Art\Export\Venues\v0011_lightTubes_d.dds
c:\dev\drum\Build_PS3\drum\Art\Export\Venues\v0011_fence04_d.dds
c:\dev\drum\Build_PS3\drum\Art\Export\Venues\v0011_fence_lm.dds
c:\dev\drum\Build_PS3\drum\Art\Export\Venues\v0011_concreteFloor_d.dds
c:\dev\drum\Build_PS3\drum\Art\Export\Venues\v0011_concreteFloor_s.dds
c:\dev\drum\Build_PS3\drum\Art\Export\Venues\v0011_concreteFloor_n.dds
c:\dev\drum\Build_PS3\drum\Art\Export\Venues\v0011_grafittiWall_01_d.dds
c:\dev\drum\Build_PS3\drum\Art\Export\Venues\v0011_grafittiWall_01_s.dds
c:\dev\drum\Build_PS3\drum\Art\Export\Venues\v0011_grafittiWall_01_n.dds
c:\dev\drum\Build_PS3\drum\Art\Export\Venues\v0011_lamp02_d.dds
c:\dev\drum\Build_PS3\drum\Art\Export\Venues\v0011_grafittiWall_02_d.dds
c:\dev\drum\Build_PS3\drum\Art\Export\Venues\v0011_grafittiWall_02_s.dds
c:\dev\drum\Build_PS3\drum\Art\Export\Venues\v0011_grafittiWall_02_n.dds
c:\dev\drum\Build_PS3\drum\Art\Export\Venues\v0011_grafittiWall_03_d.dds
c:\dev\drum\Build_PS3\drum\Art\Export\Venues\v0011_grafittiWall_03_s.dds
c:\dev\drum\Build_PS3\drum\Art\Export\Venues\v0011_grafittiWall_03_n.dds
c:\dev\drum\Build_PS3\drum\Art\Export\Venues\v0011_support_d.dds
c:\dev\drum\Build_PS3\drum\Art\Export\Venues\v0011_support_s.dds
c:\dev\drum\Build_PS3\drum\Art\Export\Venues\v0011_speaker_d.dds
c:\dev\drum\Build_PS3\drum\Art\Export\Venues\v0011_speaker_s.dds
c:\dev\drum\Build_PS3\drum\Art\Export\Venues\v0011_speaker_n.dds
c:\dev\drum\Build_PS3\drum\Art\Export\Venues\v0011_behindStage_d.dds
c:\dev\drum\Build_PS3\drum\Art\Export\Venues\v0011_behindStageDetail_d.dds
c:\dev\drum\Build_PS3\drum\Art\Export\Venues\v0011_platformFloor_d.dds
c:\dev\drum\Build_PS3\drum\Art\Export\Venues\v0011_platformFloor_s.dds
c:\dev\drum\Build_PS3\drum\Art\Export\Venues\v0011_platformFloor_n.dds
c:\dev\drum\Build_PS3\drum\Art\Export\Venues\v0011_platformSide_d.dds
c:\dev\drum\Build_PS3\drum\Art\Export\Venues\v0011_platformSide_s.dds
c:\dev\drum\Build_PS3\drum\Art\Export\Venues\v0011_platformSide_n.dds
c:\dev\drum\Build_PS3\drum\Art\Export\Venues\v0011_sky_d.dds
