156
c:\dev\drum\Build_PS3\drum\Art\Export\Venues\v0010_landskape02_d.dds
c:\dev\drum\Build_PS3\drum\Art\Export\Venues\v0010_landskape01_d.dds
c:\dev\drum\Build_PS3\drum\Art\Export\Venues\v0010_landskape03_d.dds
c:\dev\drum\Build_PS3\drum\Art\Export\Venues\v0010_sign4_d.dds
c:\dev\drum\Build_PS3\drum\Art\Export\Venues\v0010_gasStation_d.dds
c:\dev\drum\Build_PS3\drum\Art\Export\Venues\v0010_glass_d.dds
c:\dev\drum\Build_PS3\drum\Art\Export\Venues\v0010_truckTerminal_d.dds
c:\dev\drum\Build_PS3\drum\Art\Export\Venues\v0010_roof_lm.dds
c:\dev\drum\Build_PS3\drum\Art\Export\Venues\v0010_garageTrucks_d.dds
c:\dev\drum\Build_PS3\drum\Art\Export\Venues\v0010_pickup_d.dds
c:\dev\drum\Build_PS3\drum\Art\Export\Venues\v0010_pickup_s.dds
c:\dev\drum\Build_PS3\drum\Art\Export\Venues\v0010_pickup_n.dds
c:\dev\drum\Build_PS3\drum\Art\Export\Venues\v0010_pickupFuel_c.dds
c:\dev\drum\Build_PS3\drum\Art\Export\Venues\v0010_fordF1_d.dds
c:\dev\drum\Build_PS3\drum\Art\Export\Venues\v0010_fordF1_s.dds
c:\dev\drum\Build_PS3\drum\Art\Export\Venues\v0010_fordF1_n.dds
c:\dev\drum\Build_PS3\drum\Art\Export\Venues\v0010_fordF1_c.dds
c:\dev\drum\Build_PS3\drum\Art\Export\Venues\v0010_pickup_c.dds
c:\dev\drum\Build_PS3\drum\Art\Export\Venues\v0010_cadillac_d.dds
c:\dev\drum\Build_PS3\drum\Art\Export\Venues\v0010_noddingDonkey02_d.dds
c:\dev\drum\Build_PS3\drum\Art\Export\Venues\v0010_sign2_d.dds
c:\dev\drum\Build_PS3\drum\Art\Export\Venues\v0010_sign3_d.dds
c:\dev\drum\Build_PS3\drum\Art\Export\Venues\v0010_motelSign_d.dds
c:\dev\drum\Build_PS3\drum\Art\Export\Venues\v0010_garageInterior_d.dds
c:\dev\drum\Build_PS3\drum\Art\Export\Venues\v0010_motelSign_s.dds
c:\dev\drum\Build_PS3\drum\Art\Export\Venues\v0010_motelSign_n.dds
c:\dev\drum\Build_PS3\drum\Art\Export\Venues\v0010_diner_lm.dds
c:\dev\drum\Build_PS3\drum\Art\Export\Venues\v0010_wall_d.dds
c:\dev\drum\Build_PS3\drum\Art\Export\Venues\v0010_truckTerminalBase_d.dds
c:\dev\drum\Build_PS3\drum\Art\Export\Venues\v0010_brick_d.dds
c:\dev\drum\Build_PS3\drum\Art\Export\Venues\v0010_roof_d.dds
c:\dev\drum\Build_PS3\drum\Art\Export\Venues\v0010_sign01_d.dds
c:\dev\drum\Build_PS3\drum\Art\Export\Venues\v0010_sign01_s.dds
c:\dev\drum\Build_PS3\drum\Art\Export\Venues\v0010_sign01_n.dds
c:\dev\drum\Build_PS3\drum\Art\Export\Venues\v0010_stage_lm.dds
c:\dev\drum\Build_PS3\drum\Art\Export\Venues\v0010_motel04_d.dds
c:\dev\drum\Build_PS3\drum\Art\Export\Venues\v0010_motel04_s.dds
c:\dev\drum\Build_PS3\drum\Art\Export\Venues\v0010_motel04_n.dds
c:\dev\drum\Build_PS3\drum\Art\Export\Venues\v0010_stage_lm.dds
c:\dev\drum\Build_PS3\drum\Art\Export\Venues\v0010_motel03_d.dds
c:\dev\drum\Build_PS3\drum\Art\Export\Venues\v0010_motel03_s.dds
c:\dev\drum\Build_PS3\drum\Art\Export\Venues\v0010_motel03_n.dds
c:\dev\drum\Build_PS3\drum\Art\Export\Venues\v0010_motel01_d.dds
c:\dev\drum\Build_PS3\drum\Art\Export\Venues\v0010_motel01_s.dds
c:\dev\drum\Build_PS3\drum\Art\Export\Venues\v0010_motel01_n.dds
c:\dev\drum\Build_PS3\drum\Art\Export\Venues\v0010_sign5_d.dds
c:\dev\drum\Build_PS3\drum\Art\Export\Venues\v0010_sign5_s.dds
c:\dev\drum\Build_PS3\drum\Art\Export\Venues\v0010_sign5_n.dds
c:\dev\drum\Build_PS3\drum\Art\Export\Venues\v0010_dirt_d.dds
c:\dev\drum\Build_PS3\drum\Art\Export\Venues\v0010_gasStation02_d.dds
c:\dev\drum\Build_PS3\drum\Art\Export\Venues\v0010_gasStation02_s.dds
c:\dev\drum\Build_PS3\drum\Art\Export\Venues\v0010_gasStation02_n.dds
c:\dev\drum\Build_PS3\drum\Art\Export\Venues\v0010_motel_lm.dds
c:\dev\drum\Build_PS3\drum\Art\Export\Venues\v0010_gasStation01_d.dds
c:\dev\drum\Build_PS3\drum\Art\Export\Venues\v0010_gasStation01_s.dds
c:\dev\drum\Build_PS3\drum\Art\Export\Venues\v0010_gasStation01_n.dds
c:\dev\drum\Build_PS3\drum\Art\Export\Venues\v0010_waterTower_d.dds
c:\dev\drum\Build_PS3\drum\Art\Export\Venues\v0010_waterTower_s.dds
c:\dev\drum\Build_PS3\drum\Art\Export\Venues\v0010_leftSide_lm.dds
c:\dev\drum\Build_PS3\drum\Art\Export\Venues\v0010_caravan_d.dds
c:\dev\drum\Build_PS3\drum\Art\Export\Venues\v0010_caravan_s.dds
c:\dev\drum\Build_PS3\drum\Art\Export\Venues\v0010_garage02_d.dds
c:\dev\drum\Build_PS3\drum\Art\Export\Venues\v0010_garage01_d.dds
c:\dev\drum\Build_PS3\drum\Art\Export\Venues\v0010_motorcycle02_d.dds
c:\dev\drum\Build_PS3\drum\Art\Export\Venues\v0010_motorcycle02_s.dds
c:\dev\drum\Build_PS3\drum\Art\Export\Venues\v0010_motorcycle02_n.dds
c:\dev\drum\Build_PS3\drum\Art\Export\Venues\v0010_motorcycle02_c.dds
c:\dev\drum\Build_PS3\drum\Art\Export\Venues\v0010_motorcycle01_d.dds
c:\dev\drum\Build_PS3\drum\Art\Export\Venues\v0010_motorcycle01_s.dds
c:\dev\drum\Build_PS3\drum\Art\Export\Venues\v0010_motorcycle01_n.dds
c:\dev\drum\Build_PS3\drum\Art\Export\Venues\v0010_motorcycle01_c.dds
c:\dev\drum\Build_PS3\drum\Art\Export\Venues\v0010_rustyCars_d.dds
c:\dev\drum\Build_PS3\drum\Art\Export\Venues\v0010_rustyCars_s.dds
c:\dev\drum\Build_PS3\drum\Art\Export\Venues\v0010_fordF1_cm.dds
c:\dev\drum\Build_PS3\drum\Art\Export\Venues\v0010_pickup_cm.dds
c:\dev\drum\Build_PS3\drum\Art\Export\Venues\v0010_camaro_d.dds
c:\dev\drum\Build_PS3\drum\Art\Export\Venues\v0010_camaro_s.dds
c:\dev\drum\Build_PS3\drum\Art\Export\Venues\v0010_camaro_n.dds
c:\dev\drum\Build_PS3\drum\Art\Export\Venues\v0010_camaro_c.dds
c:\dev\drum\Build_PS3\drum\Art\Export\Venues\v0010_camaro_cm.dds
c:\dev\drum\Build_PS3\drum\Art\Export\Venues\v0010_cadillac_s.dds
c:\dev\drum\Build_PS3\drum\Art\Export\Venues\v0010_cadillac_n.dds
c:\dev\drum\Build_PS3\drum\Art\Export\Venues\v0010_cadillac_c.dds
c:\dev\drum\Build_PS3\drum\Art\Export\Venues\v0010_cadillac_cm.dds
c:\dev\drum\Build_PS3\drum\Art\Export\Venues\v0010_pontiac_d.dds
c:\dev\drum\Build_PS3\drum\Art\Export\Venues\v0010_pontiac_s.dds
c:\dev\drum\Build_PS3\drum\Art\Export\Venues\v0010_pontiac_n.dds
c:\dev\drum\Build_PS3\drum\Art\Export\Venues\v0010_pontiac_c.dds
c:\dev\drum\Build_PS3\drum\Art\Export\Venues\v0010_pontiac_cm.dds
c:\dev\drum\Build_PS3\drum\Art\Export\Venues\v0010_monitorStageWedge_d.dds
c:\dev\drum\Build_PS3\drum\Art\Export\Venues\v0010_monitorStageWedge_n.dds
c:\dev\drum\Build_PS3\drum\Art\Export\Venues\v0010_ampGuitarAmpSpeaker2_d.dds
c:\dev\drum\Build_PS3\drum\Art\Export\Venues\v0010_ampGuitarAmpSpeaker2_n.dds
c:\dev\drum\Build_PS3\drum\Art\Export\Venues\v0010_ampGuitarAmp_d.dds
c:\dev\drum\Build_PS3\drum\Art\Export\Venues\v0010_bassGuitarAmp_pre_d.dds
c:\dev\drum\Build_PS3\drum\Art\Export\Venues\v0010_bassGuitarAmp_pre_n.dds
c:\dev\drum\Build_PS3\drum\Art\Export\Venues\v0010_bassGuitarAmp_d.dds
c:\dev\drum\Build_PS3\drum\Art\Export\Venues\v0010_bassGuitarAmp_n.dds
c:\dev\drum\Build_PS3\drum\Art\Export\Venues\v0010_signAnim01_d.dds
c:\dev\drum\Build_PS3\drum\Art\Export\Venues\v0010_road01_d.dds
c:\dev\drum\Build_PS3\drum\Art\Export\Venues\v0010_road02_d.dds
c:\dev\drum\Build_PS3\drum\Art\Export\Venues\v0010_route6601_d.dds
c:\dev\drum\Build_PS3\drum\Art\Export\Venues\v0010_stone_d.dds
c:\dev\drum\Build_PS3\drum\Art\Export\Venues\v0010_desertplants01_d.dds
c:\dev\drum\Build_PS3\drum\Art\Export\Venues\v0010_desertplants02_d.dds
c:\dev\drum\Build_PS3\drum\Art\Export\Venues\v0010_tree_d.dds
c:\dev\drum\Build_PS3\drum\Art\Export\Venues\v0010_woodenPoles_d.dds
c:\dev\drum\Build_PS3\drum\Art\Export\Venues\v0010_ground04_d.dds
c:\dev\drum\Build_PS3\drum\Art\Export\Venues\v0010_ground02_d.dds
c:\dev\drum\Build_PS3\drum\Art\Export\Venues\v0010_ground03_d.dds
c:\dev\drum\Build_PS3\drum\Art\Export\Venues\v0010_plantInsand_d.dds
c:\dev\drum\Build_PS3\drum\Art\Export\Venues\v0010_lantern01_d.dds
c:\dev\drum\Build_PS3\drum\Art\Export\Venues\v0010_fence01_d.dds
c:\dev\drum\Build_PS3\drum\Art\Export\Venues\v0010_ground03_d.dds
c:\dev\drum\Build_PS3\drum\Art\Export\Venues\v0010_bilboard_d.dds
c:\dev\drum\Build_PS3\drum\Art\Export\Venues\v0010_turbine_d.dds
c:\dev\drum\Build_PS3\drum\Art\Export\Venues\v0010_truckSign_d.dds
c:\dev\drum\Build_PS3\drum\Art\Export\Venues\v0010_garage_d.dds
c:\dev\drum\Build_PS3\drum\Art\Export\Venues\v0010_garage_s.dds
c:\dev\drum\Build_PS3\drum\Art\Export\Venues\v0010_garage_n.dds
c:\dev\drum\Build_PS3\drum\Art\Export\Venues\v0010_motelWallSide_d.dds
c:\dev\drum\Build_PS3\drum\Art\Export\Venues\v0010_motelFront_d.dds
c:\dev\drum\Build_PS3\drum\Art\Export\Venues\v0010_motelFront_s.dds
c:\dev\drum\Build_PS3\drum\Art\Export\Venues\v0010_motelinterior_d.dds
c:\dev\drum\Build_PS3\drum\Art\Export\Venues\v0010_window_d.dds
c:\dev\drum\Build_PS3\drum\Art\Export\Venues\v0010_window_s.dds
c:\dev\drum\Build_PS3\drum\Art\Export\Venues\v0010_window_n.dds
c:\dev\drum\Build_PS3\drum\Art\Export\Venues\v0010_light_d.dds
c:\dev\drum\Build_PS3\drum\Art\Export\Venues\v0010_light_n.dds
c:\dev\drum\Build_PS3\drum\Art\Export\Venues\v0010_rust_d.dds
c:\dev\drum\Build_PS3\drum\Art\Export\Venues\v0010_fordF1Left_c.dds
c:\dev\drum\Build_PS3\drum\Art\Export\Venues\v0010_glass_s.dds
c:\dev\drum\Build_PS3\drum\Art\Export\Venues\v0010_noddingDonkey01_d.dds
c:\dev\drum\Build_PS3\drum\Art\Export\Venues\v0010_stageWires_d.dds
c:\dev\drum\Build_PS3\drum\Art\Export\Venues\v0010_jalousie_d.dds
c:\dev\drum\Build_PS3\drum\Art\Export\Venues\v0010_jalousie_s.dds
c:\dev\drum\Build_PS3\drum\Art\Export\Venues\v0010_jalousie_n.dds
c:\dev\drum\Build_PS3\drum\Art\Export\Venues\v0010_neon06_d.dds
c:\dev\drum\Build_PS3\drum\Art\Export\Venues\v0010_neon06_s.dds
c:\dev\drum\Build_PS3\drum\Art\Export\Venues\v0010_neon06_n.dds
c:\dev\drum\Build_PS3\drum\Art\Export\Venues\v0010_motel02_d.dds
c:\dev\drum\Build_PS3\drum\Art\Export\Venues\v0010_dinerInterior_d.dds
c:\dev\drum\Build_PS3\drum\Art\Export\Venues\v0010_neon_d.dds
c:\dev\drum\Build_PS3\drum\Art\Export\Venues\v0010_light_s.dds
c:\dev\drum\Build_PS3\drum\Art\Export\Venues\v0010_motel06_d.dds
c:\dev\drum\Build_PS3\drum\Art\Export\Venues\v0010_motel06_s.dds
c:\dev\drum\Build_PS3\drum\Art\Export\Venues\v0010_motel06_n.dds
c:\dev\drum\Build_PS3\drum\Art\Export\Venues\v0010_motel07_d.dds
c:\dev\drum\Build_PS3\drum\Art\Export\Venues\v0010_motel07_s.dds
c:\dev\drum\Build_PS3\drum\Art\Export\Venues\v0010_motel07_n.dds
c:\dev\drum\Build_PS3\drum\Art\Export\Venues\v0010_motel05_d.dds
c:\dev\drum\Build_PS3\drum\Art\Export\Venues\v0010_motel05_s.dds
c:\dev\drum\Build_PS3\drum\Art\Export\Venues\v0010_motel05_n.dds
c:\dev\drum\Build_PS3\drum\Art\Export\Venues\v0010_signAnim02_d.dds
c:\dev\drum\Build_PS3\drum\Art\Export\Venues\v0010_motel02_s.dds
c:\dev\drum\Build_PS3\drum\Art\Export\Venues\v0010_motel02_n.dds
