165
c:\dev\drum\Build_PS3\drum\Art\Export\Venues\v0013_sky01_d.dds
c:\dev\drum\Build_PS3\drum\Art\Export\Venues\v0013_round_d.dds
c:\dev\drum\Build_PS3\drum\Art\Export\Venues\v0013_round_s.dds
c:\dev\drum\Build_PS3\drum\Art\Export\Venues\v0013_enter_lm.dds
c:\dev\drum\Build_PS3\drum\Art\Export\Venues\v0013_roulette_d.dds
c:\dev\drum\Build_PS3\drum\Art\Export\Venues\v0013_casino_lm.dds
c:\dev\drum\Build_PS3\drum\Art\Export\Venues\v0013_roof2_d.dds
c:\dev\drum\Build_PS3\drum\Art\Export\Venues\v0013_roof2_s.dds
c:\dev\drum\Build_PS3\drum\Art\Export\Venues\v0013_building1_lm.dds
c:\dev\drum\Build_PS3\drum\Art\Export\Venues\v0013_leftCasinoMarble_d.dds
c:\dev\drum\Build_PS3\drum\Art\Export\Venues\v0013_floor01_d.dds
c:\dev\drum\Build_PS3\drum\Art\Export\Venues\v0013_sideCasinoWalls02_d.dds
c:\dev\drum\Build_PS3\drum\Art\Export\Venues\v0013_sideCasinoWalls02_s.dds
c:\dev\drum\Build_PS3\drum\Art\Export\Venues\v0013_sideCasinoWalls02_n.dds
c:\dev\drum\Build_PS3\drum\Art\Export\Venues\v0013_building2_lm.dds
c:\dev\drum\Build_PS3\drum\Art\Export\Venues\v0013_sideCasinoBoard_d.dds
c:\dev\drum\Build_PS3\drum\Art\Export\Venues\v0013_rightCasinoCupola_d.dds
c:\dev\drum\Build_PS3\drum\Art\Export\Venues\v0013_rightCasinoCupola_s.dds
c:\dev\drum\Build_PS3\drum\Art\Export\Venues\v0013_rightCasinoCupola_n.dds
c:\dev\drum\Build_PS3\drum\Art\Export\Venues\v0013_rightBuilding_lm.dds
c:\dev\drum\Build_PS3\drum\Art\Export\Venues\v0013_rightCasinokub_d.dds
c:\dev\drum\Build_PS3\drum\Art\Export\Venues\v0013_leftCasinoFloorEntrance_d.dds
c:\dev\drum\Build_PS3\drum\Art\Export\Venues\v0013_leftBuilding_lm.dds
c:\dev\drum\Build_PS3\drum\Art\Export\Venues\v0013_leftCasinoTopscreen_d.dds
c:\dev\drum\Build_PS3\drum\Art\Export\Venues\v0013_rightCasinoCue_d.dds
c:\dev\drum\Build_PS3\drum\Art\Export\Venues\v0013_casinoFar01_d.dds
c:\dev\drum\Build_PS3\drum\Art\Export\Venues\v0013_building01arc_d.dds
c:\dev\drum\Build_PS3\drum\Art\Export\Venues\v0013_casino01_d.dds
c:\dev\drum\Build_PS3\drum\Art\Export\Venues\v0013_LeftBuildSign_d.dds
c:\dev\drum\Build_PS3\drum\Art\Export\Venues\v0013_LeftBuildWindow_d.dds
c:\dev\drum\Build_PS3\drum\Art\Export\Venues\v0013_casinoFar03_d.dds
c:\dev\drum\Build_PS3\drum\Art\Export\Venues\v0013_casinoFar04_d.dds
c:\dev\drum\Build_PS3\drum\Art\Export\Venues\v0013_buildingBack03_d.dds
c:\dev\drum\Build_PS3\drum\Art\Export\Venues\v0013_buildingBack01_d.dds
c:\dev\drum\Build_PS3\drum\Art\Export\Venues\v0013_rightCasinointerior_d.dds
c:\dev\drum\Build_PS3\drum\Art\Export\Venues\v0013_casinoRoyaleUFH_d.dds
c:\dev\drum\Build_PS3\drum\Art\Export\Venues\v0013_neon_d.dds
c:\dev\drum\Build_PS3\drum\Art\Export\Venues\v0013_rightCasinoCue_s.dds
c:\dev\drum\Build_PS3\drum\Art\Export\Venues\v0013_ropelight_d.dds
c:\dev\drum\Build_PS3\drum\Art\Export\Venues\v0013_wall02_d.dds
c:\dev\drum\Build_PS3\drum\Art\Export\Venues\v0013_wall02_s.dds
c:\dev\drum\Build_PS3\drum\Art\Export\Venues\v0013_stairsBorder_d.dds
c:\dev\drum\Build_PS3\drum\Art\Export\Venues\v0013_stairsBorder_s.dds
c:\dev\drum\Build_PS3\drum\Art\Export\Venues\v0013_stairsBorder_n.dds
c:\dev\drum\Build_PS3\drum\Art\Export\Venues\v0013_stairsFloor_d.dds
c:\dev\drum\Build_PS3\drum\Art\Export\Venues\v0013_stairsFloor_s.dds
c:\dev\drum\Build_PS3\drum\Art\Export\Venues\v0013_text01_d.dds
c:\dev\drum\Build_PS3\drum\Art\Export\Venues\v0013_centralEnter_d.dds
c:\dev\drum\Build_PS3\drum\Art\Export\Venues\v0013_centralEnterMetalTile_d.dds
c:\dev\drum\Build_PS3\drum\Art\Export\Venues\v0013_centralEnterMetalTile_s.dds
c:\dev\drum\Build_PS3\drum\Art\Export\Venues\v0013_centrArcLine_d.dds
c:\dev\drum\Build_PS3\drum\Art\Export\Venues\v0013_arcLine_d.dds
c:\dev\drum\Build_PS3\drum\Art\Export\Venues\v0013_Megafasad3_d.dds
c:\dev\drum\Build_PS3\drum\Art\Export\Venues\v0013_Megafasad3_s.dds
c:\dev\drum\Build_PS3\drum\Art\Export\Venues\v0013_Megafasad4_d.dds
c:\dev\drum\Build_PS3\drum\Art\Export\Venues\v0013_Megafasad4_s.dds
c:\dev\drum\Build_PS3\drum\Art\Export\Venues\v0013_centralEnterMetalLine_d.dds
c:\dev\drum\Build_PS3\drum\Art\Export\Venues\v0013_centralEnterMetalLine_s.dds
c:\dev\drum\Build_PS3\drum\Art\Export\Venues\v0013_centralEnterMetalLine_n.dds
c:\dev\drum\Build_PS3\drum\Art\Export\Venues\v0013_sultansNeon_d.dds
c:\dev\drum\Build_PS3\drum\Art\Export\Venues\v0013_sideCasinoColumn_d.dds
c:\dev\drum\Build_PS3\drum\Art\Export\Venues\v0013_sideCasinoWalls01_d.dds
c:\dev\drum\Build_PS3\drum\Art\Export\Venues\v0013_sideCasinoWalls01_s.dds
c:\dev\drum\Build_PS3\drum\Art\Export\Venues\v0013_sideCasinoWalls01_s.dds
c:\dev\drum\Build_PS3\drum\Art\Export\Venues\v0013_sideCasinoWalls03_d.dds
c:\dev\drum\Build_PS3\drum\Art\Export\Venues\v0013_sideCasinoWalls03_s.dds
c:\dev\drum\Build_PS3\drum\Art\Export\Venues\v0013_sideCasinoWalls03_n.dds
c:\dev\drum\Build_PS3\drum\Art\Export\Venues\v0013_leftCasinoRoyalFlush_d.dds
c:\dev\drum\Build_PS3\drum\Art\Export\Venues\v0013_leftCasinoLights_d.dds
c:\dev\drum\Build_PS3\drum\Art\Export\Venues\v0013_leftCasinoPlayingcards_d.dds
c:\dev\drum\Build_PS3\drum\Art\Export\Venues\v0013_leftCasinoColumn_d.dds
c:\dev\drum\Build_PS3\drum\Art\Export\Venues\v0013_rightCasinoWindow_d.dds
c:\dev\drum\Build_PS3\drum\Art\Export\Venues\v0013_rightCasinoCue_n.dds
c:\dev\drum\Build_PS3\drum\Art\Export\Venues\v0013_raising_d.dds
c:\dev\drum\Build_PS3\drum\Art\Export\Venues\v0013_buildingBack02_d.dds
c:\dev\drum\Build_PS3\drum\Art\Export\Venues\v0013_stairs02_d.dds
c:\dev\drum\Build_PS3\drum\Art\Export\Venues\v0013_stairs01_d.dds
c:\dev\drum\Build_PS3\drum\Art\Export\Venues\v0013_stairs01_s.dds
c:\dev\drum\Build_PS3\drum\Art\Export\Venues\v0013_stairs_lm.dds
c:\dev\drum\Build_PS3\drum\Art\Export\Venues\v0013_stairs03_d.dds
c:\dev\drum\Build_PS3\drum\Art\Export\Venues\v0013_casinoFar02_d.dds
c:\dev\drum\Build_PS3\drum\Art\Export\Venues\v0013_rightCasinoDoor_d.dds
c:\dev\drum\Build_PS3\drum\Art\Export\Venues\v0013_rightCasinoColumn_d.dds
c:\dev\drum\Build_PS3\drum\Art\Export\Venues\v0013_board01_d.dds
c:\dev\drum\Build_PS3\drum\Art\Export\Venues\v0013_building01forward_d.dds
c:\dev\drum\Build_PS3\drum\Art\Export\Venues\v0013_building01column_d.dds
c:\dev\drum\Build_PS3\drum\Art\Export\Venues\v0013_building01column_s.dds
c:\dev\drum\Build_PS3\drum\Art\Export\Venues\v0013_farBuildings_lm.dds
c:\dev\drum\Build_PS3\drum\Art\Export\Venues\v0013_building01banner_d.dds
c:\dev\drum\Build_PS3\drum\Art\Export\Venues\v0013_building01bigboard_d.dds
c:\dev\drum\Build_PS3\drum\Art\Export\Venues\v0013_rightCasinoPlate_d.dds
c:\dev\drum\Build_PS3\drum\Art\Export\Venues\v0013_rightCasinoDecor_d.dds
c:\dev\drum\Build_PS3\drum\Art\Export\Venues\v0013_rightCasinoDecor_n.dds
c:\dev\drum\Build_PS3\drum\Art\Export\Venues\v0013_rightCasinoEntrance_d.dds
c:\dev\drum\Build_PS3\drum\Art\Export\Venues\v0013_rightCasinoEntrance_n.dds
c:\dev\drum\Build_PS3\drum\Art\Export\Venues\v0013_rightCasinoBuilding_d.dds
c:\dev\drum\Build_PS3\drum\Art\Export\Venues\v0013_rightCasinoBuilding_n.dds
c:\dev\drum\Build_PS3\drum\Art\Export\Venues\v0013_rightCasinoWindow_s.dds
c:\dev\drum\Build_PS3\drum\Art\Export\Venues\v0013_rightCasinoWindow_n.dds
c:\dev\drum\Build_PS3\drum\Art\Export\Venues\v0013_rightCasinoPetal_d.dds
c:\dev\drum\Build_PS3\drum\Art\Export\Venues\v0013_rightCasinoDoor_n.dds
c:\dev\drum\Build_PS3\drum\Art\Export\Venues\v0013_rightCasinoColumn_s.dds
c:\dev\drum\Build_PS3\drum\Art\Export\Venues\v0013_rightCasinoColumn_n.dds
c:\dev\drum\Build_PS3\drum\Art\Export\Venues\v0013_casinoroyale_d.dds
c:\dev\drum\Build_PS3\drum\Art\Export\Venues\v0013_tile02_d.dds
c:\dev\drum\Build_PS3\drum\Art\Export\Venues\v0013_glass_d.dds
c:\dev\drum\Build_PS3\drum\Art\Export\Venues\v0013_glass_n.dds
c:\dev\drum\Build_PS3\drum\Art\Export\Venues\v0013_central_c.dds
c:\dev\drum\Build_PS3\drum\Art\Export\Venues\v0013_palm_d.dds
c:\dev\drum\Build_PS3\drum\Art\Export\Venues\v0013_palm_n.dds
c:\dev\drum\Build_PS3\drum\Art\Export\Venues\v0013_plant_lm.dds
c:\dev\drum\Build_PS3\drum\Art\Export\Venues\v0013_chair_d.dds
c:\dev\drum\Build_PS3\drum\Art\Export\Venues\v0013_chair_s.dds
c:\dev\drum\Build_PS3\drum\Art\Export\Venues\v0013_5blackJack01_d.dds
c:\dev\drum\Build_PS3\drum\Art\Export\Venues\v0013_slotmachine01_d.dds
c:\dev\drum\Build_PS3\drum\Art\Export\Venues\v0013_slotmachine01_s.dds
c:\dev\drum\Build_PS3\drum\Art\Export\Venues\v0013_slotmachine01_n.dds
c:\dev\drum\Build_PS3\drum\Art\Export\Venues\v0013_slotmachine_d.dds
c:\dev\drum\Build_PS3\drum\Art\Export\Venues\v0013_slotmachine_s.dds
c:\dev\drum\Build_PS3\drum\Art\Export\Venues\v0013_slotmachine_n.dds
c:\dev\drum\Build_PS3\drum\Art\Export\Venues\v0013_lightColumn_d.dds
c:\dev\drum\Build_PS3\drum\Art\Export\Venues\v0013_lightColumn_s.dds
c:\dev\drum\Build_PS3\drum\Art\Export\Venues\v0013_speakers_d.dds
c:\dev\drum\Build_PS3\drum\Art\Export\Venues\v0013_leftSideNeon_d.dds
c:\dev\drum\Build_PS3\drum\Art\Export\Venues\v0013_highTechRoofNeon_d.dds
c:\dev\drum\Build_PS3\drum\Art\Export\Venues\v0013_lamp_d.dds
c:\dev\drum\Build_PS3\drum\Art\Export\Venues\v0013_lamp_s.dds
c:\dev\drum\Build_PS3\drum\Art\Export\Venues\v0013_lamp_n.dds
c:\dev\drum\Build_PS3\drum\Art\Export\Venues\v0013_rightCasinoHitechRoof_d.dds
c:\dev\drum\Build_PS3\drum\Art\Export\Venues\v0013_rightCasinoHitechRoof_s.dds
c:\dev\drum\Build_PS3\drum\Art\Export\Venues\v0013_rightCasinoHitechRoof_n.dds
c:\dev\drum\Build_PS3\drum\Art\Export\Venues\v0013_roof_lm.dds
c:\dev\drum\Build_PS3\drum\Art\Export\Venues\v0013_speakers02_d.dds
c:\dev\drum\Build_PS3\drum\Art\Export\Venues\v0013_speakers02_s.dds
c:\dev\drum\Build_PS3\drum\Art\Export\Venues\v0013_speakers02_n.dds
c:\dev\drum\Build_PS3\drum\Art\Export\Venues\v0013_stage_lm.dds
c:\dev\drum\Build_PS3\drum\Art\Export\Venues\v0013_grass_d.dds
c:\dev\drum\Build_PS3\drum\Art\Export\Venues\v0013_grass_s.dds
c:\dev\drum\Build_PS3\drum\Art\Export\Venues\v0013_wall01_d.dds
c:\dev\drum\Build_PS3\drum\Art\Export\Venues\v0013_wall01_s.dds
c:\dev\drum\Build_PS3\drum\Art\Export\Venues\v0013_Megafasad2_d.dds
c:\dev\drum\Build_PS3\drum\Art\Export\Venues\v0013_Megafasad2_s.dds
c:\dev\drum\Build_PS3\drum\Art\Export\Venues\v0013_Megafasad2_n.dds
c:\dev\drum\Build_PS3\drum\Art\Export\Venues\v0013_hotDice_c.dds
c:\dev\drum\Build_PS3\drum\Art\Export\Venues\v0013_tile01_d.dds
c:\dev\drum\Build_PS3\drum\Art\Export\Venues\v0013_column01_d.dds
c:\dev\drum\Build_PS3\drum\Art\Export\Venues\v0013_meshproj_pj.dds
c:\dev\drum\Build_PS3\drum\Art\Export\Venues\v0013_meshprojDollar_pj.dds
c:\dev\drum\Build_PS3\drum\Art\Export\Venues\v0013_bassGuitarAmp_d.dds
c:\dev\drum\Build_PS3\drum\Art\Export\Venues\v0013_bassGuitarAmp_n.dds
c:\dev\drum\Build_PS3\drum\Art\Export\Venues\v0013_bassGuitarAmp_pre_d.dds
c:\dev\drum\Build_PS3\drum\Art\Export\Venues\v0013_bassGuitarAmp_pre_n.dds
c:\dev\drum\Build_PS3\drum\Art\Export\Venues\v0013_ampGuitarAmpSpeaker2_d.dds
c:\dev\drum\Build_PS3\drum\Art\Export\Venues\v0013_ampGuitarAmpSpeaker2_n.dds
c:\dev\drum\Build_PS3\drum\Art\Export\Venues\v0013_ampGuitarAmp_d.dds
c:\dev\drum\Build_PS3\drum\Art\Export\Venues\v0013_monitorStageWedge_d.dds
c:\dev\drum\Build_PS3\drum\Art\Export\Venues\v0013_monitorStageWedge_n.dds
c:\dev\drum\Build_PS3\drum\Art\Export\Venues\v0013_farBuilding5Sign2_d.dds
c:\dev\drum\Build_PS3\drum\Art\Export\Venues\v0013_farBuilding5Sign_d.dds
c:\dev\drum\Build_PS3\drum\Art\Export\Venues\v0013_farBuilding5Enter_d.dds
c:\dev\drum\Build_PS3\drum\Art\Export\Venues\v0013_farBuilding5TopFasade_d.dds
c:\dev\drum\Build_PS3\drum\Art\Export\Venues\v0013_farBuilding5Window_d.dds
c:\dev\drum\Build_PS3\drum\Art\Export\Venues\v0013_lightSpotBulb_d.dds
c:\dev\drum\Build_PS3\drum\Art\Export\Venues\v0013_lightSpotBulbFront_d.dds
c:\dev\drum\Build_PS3\drum\Art\Export\Venues\v0013_spotlight_d.dds
