135
c:\dev\drum\Build_PS3\drum\art\Export\Modes\m0002_jamAdvancedAssignMenu_gradAssign_d.dds
c:\dev\drum\Build_PS3\drum\art\Export\Modes\m0002_jamAdvancedInstructionOverlayCancelController_d.dds
c:\dev\drum\Build_PS3\drum\art\Export\Modes\m0002_jamAdvancedInstructionOverlayCancelDrum_d.dds
c:\dev\drum\Build_PS3\drum\art\Export\Modes\m0002_jamAdvancedInstructionOverlayCancelGuitar_d.dds
c:\dev\drum\Build_PS3\drum\art\Export\Modes\m0002_jamAdvancedMenuGradient_jammodeMenuGradient_d.dds
c:\dev\drum\Build_PS3\drum\art\Export\Modes\m0002_jamAdvancedPopupMenuGradient_d.dds
c:\dev\drum\Build_PS3\drum\art\Export\Modes\PS3\m0002_jamAdvancedStudioMixerControllerButtonAbutton_d.dds
c:\dev\drum\Build_PS3\drum\art\Export\Modes\PS3\m0002_jamAdvancedStudioMixerControllerButtonBbutton_d.dds
c:\dev\drum\Build_PS3\drum\art\Export\Mode\PS3s\m0002_jamAdvancedStudioMixerControllerButtonHelpbutton_d.dds
c:\dev\drum\Build_PS3\drum\art\Export\Modes\PS3\m0002_jamAdvancedStudioMixerControllerButtonLBumper_d.dds
c:\dev\drum\Build_PS3\drum\art\Export\Modes\PS3\m0002_jamAdvancedStudioMixerControllerButtonRBumper_d.dds
c:\dev\drum\Build_PS3\drum\art\Export\Modes\PS3\m0002_jamAdvancedStudioMixerControllerButtonStartbutton_d.dds
c:\dev\drum\Build_PS3\drum\art\Export\Modes\m0002_jamAdvancedStudioMixerGfkEquals1_ledStrips_d.dds
c:\dev\drum\Build_PS3\drum\art\Export\Modes\m0002_jamAdvancedStudioMixerGfkEqualsMasks_mask_d.dds
c:\dev\drum\Build_PS3\drum\art\Export\Modes\PS3\m0002_jamAdvancedStudioMixerHelpButtonStartbutton_d.dds
c:\dev\drum\Build_PS3\drum\art\Export\Modes\PS3\m0002_jamAdvancedStudioMixerHighlight_BottomLeft_d.dds
c:\dev\drum\Build_PS3\drum\art\Export\Modes\PS3\m0002_jamAdvancedStudioMixerHighlight_BottomRight_d.dds
c:\dev\drum\Build_PS3\drum\art\Export\Modes\PS3\m0002_jamAdvancedStudioMixerHighlight_TopLeft_d.dds
c:\dev\drum\Build_PS3\drum\art\Export\Modes\PS3\m0002_jamAdvancedStudioMixerHighlight_TopRight_d.dds
c:\dev\drum\Build_PS3\drum\art\Export\Modes\m0002_jamAdvancedStudioMixerNumberedOrangeLight_numberOn1_d.dds
c:\dev\drum\Build_PS3\drum\art\Export\Modes\m0002_jamAdvancedStudioMixerNumberedOrangeLight_numberOn2_d.dds
c:\dev\drum\Build_PS3\drum\art\Export\Modes\m0002_jamAdvancedStudioMixerNumberedOrangeLight_numberOn3_d.dds
c:\dev\drum\Build_PS3\drum\art\Export\Modes\m0002_jamAdvancedStudioMixerNumberedOrangeLight_numberOn4_d.dds
c:\dev\drum\Build_PS3\drum\art\Export\Modes\m0002_jamAdvancedStudioMixerNumberedOrangeLight_numberOn5_d.dds
c:\dev\drum\Build_PS3\drum\art\Export\Modes\m0002_jamAdvancedStudioMixerNumberedOrangeLight_numberOn6_d.dds
c:\dev\drum\Build_PS3\drum\art\Export\Modes\m0002_jamAdvancedStudioMixerNumberedOrangeLight_numberOn7_d.dds
c:\dev\drum\Build_PS3\drum\art\Export\Modes\m0002_jamAdvancedStudioMixerNumberedOrangeLight_numberOn8_d.dds
c:\dev\drum\Build_PS3\drum\art\Export\Modes\m0002_jamAdvancedStudioMixerScreen_background_d.dds
c:\dev\drum\Build_PS3\drum\art\Export\Modes\m0002_jamAdvancedStudioMixerScreenOverlays_d.dds
c:\dev\drum\Build_PS3\drum\art\Export\Modes\m0002_jamAdvancedStudioMixerSlider_slider1_d.dds
c:\dev\drum\Build_PS3\drum\art\Export\Modes\m0002_jamAdvancedStudioMixerSlider_slider2_d.dds
c:\dev\drum\Build_PS3\drum\art\Export\Modes\m0002_jamAdvancedStudioMixerSlider_slider3_d.dds
c:\dev\drum\Build_PS3\drum\art\Export\Modes\m0002_jamAdvancedStudioMixerSlider_slider4_d.dds
c:\dev\drum\Build_PS3\drum\art\Export\Modes\m0002_jamAdvancedStudioMixerSlider_slider5_d.dds
c:\dev\drum\Build_PS3\drum\art\Export\Modes\m0002_jamAdvancedStudioMixerSlider_slider6_d.dds
c:\dev\drum\Build_PS3\drum\art\Export\Modes\m0002_jamAdvancedStudioMixerSlider_slider7_d.dds
c:\dev\drum\Build_PS3\drum\art\Export\Modes\m0002_jamAdvancedStudioMixerSlider_slider8_d.dds
c:\dev\drum\Build_PS3\drum\art\Export\Modes\m0002_jamAdvancedStudioMixerSliderHighlight_sliderLit1_d.dds
c:\dev\drum\Build_PS3\drum\art\Export\Modes\m0002_jamAdvancedStudioMixerSliderHighlight_sliderLit2_d.dds
c:\dev\drum\Build_PS3\drum\art\Export\Modes\m0002_jamAdvancedStudioMixerSliderHighlight_sliderLit3_d.dds
c:\dev\drum\Build_PS3\drum\art\Export\Modes\m0002_jamAdvancedStudioMixerSliderHighlight_sliderLit4_d.dds
c:\dev\drum\Build_PS3\drum\art\Export\Modes\m0002_jamAdvancedStudioMixerSliderHighlight_sliderLit5_d.dds
c:\dev\drum\Build_PS3\drum\art\Export\Modes\m0002_jamAdvancedStudioMixerSliderHighlight_sliderLit6_d.dds
c:\dev\drum\Build_PS3\drum\art\Export\Modes\m0002_jamAdvancedStudioMixerSliderHighlight_sliderLit7_d.dds
c:\dev\drum\Build_PS3\drum\art\Export\Modes\m0002_jamAdvancedStudioMixerSliderHighlight_sliderLit8_d.dds
c:\dev\drum\Build_PS3\drum\art\Export\Modes\m0002_jamAdvancedStudioMixerTimelineMarker_d.dds
c:\dev\drum\Build_PS3\drum\art\Export\Modes\m0002_jamAdvancedStudioMixerToolTipMask_d.dds
c:\dev\drum\Build_PS3\drum\art\Export\Modes\m0002_jamAdvancedStudioMixerTransport_clickInactive_d.dds
c:\dev\drum\Build_PS3\drum\art\Export\Modes\m0002_jamAdvancedStudioMixerTransportActive_clickActive_d.dds
c:\dev\drum\Build_PS3\drum\art\Export\Modes\m0002_jamAdvancedStudioMixerTransportActiveFfwdActive_d.dds
c:\dev\drum\Build_PS3\drum\art\Export\Modes\m0002_jamAdvancedStudioMixerTransportActivePlayActive_d.dds
c:\dev\drum\Build_PS3\drum\art\Export\Modes\m0002_jamAdvancedStudioMixerTransportActiveRecActive_d.dds
c:\dev\drum\Build_PS3\drum\art\Export\Modes\m0002_jamAdvancedStudioMixerTransportActiveRwdActive_d.dds
c:\dev\drum\Build_PS3\drum\art\Export\Modes\m0002_jamAdvancedStudioMixerTransportActiveRwtsActive_d.dds
c:\dev\drum\Build_PS3\drum\art\Export\Modes\m0002_jamAdvancedStudioMixerTransportActiveStopActive_d.dds
c:\dev\drum\Build_PS3\drum\art\Export\Modes\m0002_jamAdvancedStudioMixerTransportffwdInactive_d.dds
c:\dev\drum\Build_PS3\drum\art\Export\Modes\m0002_jamAdvancedStudioMixerTransportPlayInactive_d.dds
c:\dev\drum\Build_PS3\drum\art\Export\Modes\m0002_jamAdvancedStudioMixerTransportRecInactive_d.dds
c:\dev\drum\Build_PS3\drum\art\Export\Modes\m0002_jamAdvancedStudioMixerTransportRimHighlight_rimHighlight_d.dds
c:\dev\drum\Build_PS3\drum\art\Export\Modes\m0002_jamAdvancedStudioMixerTransportRwdInactive_d.dds
c:\dev\drum\Build_PS3\drum\art\Export\Modes\m0002_jamAdvancedStudioMixerTransportRwtsInactive_d.dds
c:\dev\drum\Build_PS3\drum\art\Export\Modes\m0002_jamAdvancedStudioMixerTransportStopInactive_d.dds
c:\dev\drum\Build_PS3\drum\art\Export\Modes\m0002_jamBabyGates_DrumGreen_d.dds
c:\dev\drum\Build_PS3\drum\art\Export\Modes\m0002_jamBabyGatesDrumBlue_d.dds
c:\dev\drum\Build_PS3\drum\art\Export\Modes\m0002_jamBabyGatesDrumGrey_d.dds
c:\dev\drum\Build_PS3\drum\art\Export\Modes\m0002_jamBabyGatesDrumOrange_d.dds
c:\dev\drum\Build_PS3\drum\art\Export\Modes\m0002_jamBabyGatesDrumPurple_d.dds
c:\dev\drum\Build_PS3\drum\art\Export\Modes\m0002_jamBabyGatesDrumRed_d.dds
c:\dev\drum\Build_PS3\drum\art\Export\Modes\m0002_jamBabyGatesDrumYellow_d.dds
c:\dev\drum\Build_PS3\drum\art\Export\Modes\m0002_jamBabyGatesGuitarOrange_d.dds
c:\dev\drum\Build_PS3\drum\art\Export\Modes\m0002_jamBabyKitMask01_d.dds
c:\dev\drum\Build_PS3\drum\art\Export\Modes\m0002_jamBabyKitMasks02_d.dds
c:\dev\drum\Build_PS3\drum\art\Export\Modes\m0002_jamBabyMarkersBlue_d.dds
c:\dev\drum\Build_PS3\drum\art\Export\Modes\m0002_jamBabyMarkersGreen_d.dds
c:\dev\drum\Build_PS3\drum\art\Export\Modes\m0002_jamBabyMarkersGrey_d.dds
c:\dev\drum\Build_PS3\drum\art\Export\Modes\m0002_jamBabyMarkersOrange_d.dds
c:\dev\drum\Build_PS3\drum\art\Export\Modes\m0002_jamBabyMarkersOrangeDrum_d.dds
c:\dev\drum\Build_PS3\drum\art\Export\Modes\m0002_jamBabyMarkersPurple_d.dds
c:\dev\drum\Build_PS3\drum\art\Export\Modes\m0002_jamBabyMarkersRed_d.dds
c:\dev\drum\Build_PS3\drum\art\Export\Modes\m0002_jamBabyMarkersYellow_d.dds
c:\dev\drum\Build_PS3\drum\art\Export\Modes\m0002_jamBabyMenuHighlight_d.dds
c:\dev\drum\Build_PS3\drum\art\Export\Modes\m0002_jamBabyMenuMask_d.dds
c:\dev\drum\Build_PS3\drum\art\Export\Modes\m0002_jamBabyMenuMaskPlayersLeft_d.dds
c:\dev\drum\Build_PS3\drum\art\Export\Modes\m0002_jamBabyStudioMixerTransportActivePlay_d.dds
c:\dev\drum\Build_PS3\drum\art\Export\Modes\m0002_jamBabyStudioMixerTransportActiveRec_d.dds
c:\dev\drum\Build_PS3\drum\art\Export\Modes\m0002_jamBabyStudioMixerTransportActiveStop_d.dds
c:\dev\drum\Build_PS3\drum\art\Export\Modes\m0002_jamBabyStudioMixerTransportPlayInactive_d.dds
c:\dev\drum\Build_PS3\drum\art\Export\Modes\m0002_jamBabyStudioMixerTransportRecInactive_d.dds
c:\dev\drum\Build_PS3\drum\art\Export\Modes\m0002_jamBabyStudioMixerTransportStopInactive_d.dds
c:\dev\drum\Build_PS3\drum\art\Export\Modes\m0002_jamInstrumentSelectBassIcon_d.dds
c:\dev\drum\Build_PS3\drum\art\Export\Modes\PS3\m0002_jamInstrumentSelectControllerIcon_d.dds
c:\dev\drum\Build_PS3\drum\art\Export\Modes\m0002_jamInstrumentSelectDrumIcon_d.dds
c:\dev\drum\Build_PS3\drum\art\Export\Modes\m0002_jamInstrumentSelectGuitarIcon_d.dds
c:\dev\drum\Build_PS3\drum\art\Export\Modes\m0002_jamInstrumentSelectMixerAssignedBassIcon_d.dds
c:\dev\drum\Build_PS3\drum\art\Export\Modes\PS3\m0002_jamInstrumentSelectMixerAssignedBottomLeft_d.dds
c:\dev\drum\Build_PS3\drum\art\Export\Modes\PS3\m0002_jamInstrumentSelectMixerAssignedBottomRight_d.dds
c:\dev\drum\Build_PS3\drum\art\Export\Modes\PS3\m0002_jamInstrumentSelectMixerAssignedControllerIcon_d.dds
c:\dev\drum\Build_PS3\drum\art\Export\Modes\m0002_jamInstrumentSelectMixerAssignedDrumIcon_d.dds
c:\dev\drum\Build_PS3\drum\art\Export\Modes\m0002_jamInstrumentSelectMixerAssignedGuitarIcon_d.dds
c:\dev\drum\Build_PS3\drum\art\Export\Modes\m0002_jamInstrumentSelectMixerAssignedLargeBass_d.dds
c:\dev\drum\Build_PS3\drum\art\Export\Modes\PS3\m0002_jamInstrumentSelectMixerAssignedLargeBottomLeft_d.dds
c:\dev\drum\Build_PS3\drum\art\Export\Modes\PS3\m0002_jamInstrumentSelectMixerAssignedLargeBottomRight_d.dds
c:\dev\drum\Build_PS3\drum\art\Export\Modes\PS3\m0002_jamInstrumentSelectMixerAssignedLargeController_d.dds
c:\dev\drum\Build_PS3\drum\art\Export\Modes\m0002_jamInstrumentSelectMixerAssignedLargeDrum_d.dds
c:\dev\drum\Build_PS3\drum\art\Export\Modes\m0002_jamInstrumentSelectMixerAssignedLargeGuitar_d.dds
c:\dev\drum\Build_PS3\drum\art\Export\Modes\m0002_jamInstrumentSelectMixerAssignedLargeNoSpace_d.dds
c:\dev\drum\Build_PS3\drum\art\Export\Modes\PS3\m0002_jamInstrumentSelectMixerAssignedLargeTopLeft_d.dds
c:\dev\drum\Build_PS3\drum\art\Export\Modes\PS3\m0002_jamInstrumentSelectMixerAssignedLargeTopRight_d.dds
c:\dev\drum\Build_PS3\drum\art\Export\Modes\PS3\m0002_jamInstrumentSelectMixerAssignedTopLeft_d.dds
c:\dev\drum\Build_PS3\drum\art\Export\Modes\PS3\m0002_jamInstrumentSelectMixerAssignedTopRight_d.dds
c:\dev\drum\Build_PS3\drum\art\Export\Modes\m0002_jamInstrumentSelectMixerBass_d.dds
c:\dev\drum\Build_PS3\drum\art\Export\Modes\m0002_jamInstrumentSelectMixerController_d.dds
c:\dev\drum\Build_PS3\drum\art\Export\Modes\m0002_jamInstrumentSelectMixerDrum_d.dds
c:\dev\drum\Build_PS3\drum\art\Export\Modes\m0002_jamInstrumentSelectMixerGuitar_d.dds
c:\dev\drum\Build_PS3\drum\art\Export\Modes\PS3\m0002_jamInstrumentSelectPlayerHighlight1_d.dds
c:\dev\drum\Build_PS3\drum\art\Export\Modes\PS3\m0002_jamInstrumentSelectPlayerHighlight2_d.dds
c:\dev\drum\Build_PS3\drum\art\Export\Modes\PS3\m0002_jamInstrumentSelectPlayerHighlight3_d.dds
c:\dev\drum\Build_PS3\drum\art\Export\Modes\PS3\m0002_jamInstrumentSelectPlayerHighlight4_d.dds
c:\dev\drum\Build_PS3\drum\art\Export\Modes\PS3\m0002_jamModeControllerInstructionOverlay_Abutton_d.dds
c:\dev\drum\Build_PS3\drum\art\Export\Modes\PS3\m0002_jamModeControllerInstructionOverlay_Bbutton_d.dds
c:\dev\drum\Build_PS3\drum\art\Export\Modes\PS3\m0002_jamModeControllerInstructionOverlayNext_d.dds
c:\dev\drum\Build_PS3\drum\art\Export\Modes\PS3\m0002_jamModeControllerInstructionOverlayPrevious_d.dds
c:\dev\drum\Build_PS3\drum\art\Export\Modes\m0002_jamModeDrumInstructionOverlayBlue_d.dds
c:\dev\drum\Build_PS3\drum\art\Export\Modes\m0002_jamModeDrumInstructionOverlayGreen_d.dds
c:\dev\drum\Build_PS3\drum\art\Export\Modes\m0002_jamModeDrumInstructionOverlayOrange_d.dds
c:\dev\drum\Build_PS3\drum\art\Export\Modes\m0002_jamModeDrumInstructionOverlayPedal_d.dds
c:\dev\drum\Build_PS3\drum\art\Export\Modes\m0002_jamModeDrumInstructionOverlayRed_d.dds
c:\dev\drum\Build_PS3\drum\art\Export\Modes\m0002_jamModeDrumInstructionOverlayYellow_d.dds
c:\dev\drum\Build_PS3\drum\art\Export\Modes\m0002_jamModeGuitarControllerInstructionOverlayGreen_d.dds
c:\dev\drum\Build_PS3\drum\art\Export\Modes\m0002_jamModeGuitarControllerInstructionOverlayOrange_d.dds
c:\dev\drum\Build_PS3\drum\art\Export\Modes\m0002_jamModeGuitarControllerInstructionOverlayPreviousNext_d.dds
c:\dev\drum\Build_PS3\drum\art\Export\Modes\m0002_jamModeGuitarControllerInstructionOverlayRed_d.dds
c:\dev\drum\Build_PS3\drum\art\Export\Modes\m0002_jamModeLoadingIcon_d.dds
c:\dev\drum\Build_PS3\drum\art\Export\Modes\m0002_toggleButtonCheckBox_toggleButtonOff_d.dds
c:\dev\drum\Build_PS3\drum\art\Export\Modes\m0002_toggleButtonCheckBox_toggleButtonOn_d.dds
