16
c:\dev\drum\Build_PS3\drum\Art\Export\Characters\c0008_catsuitGirlHair_d.dds
c:\dev\drum\Build_PS3\drum\Art\Export\Characters\c0008_catsuitGirlHair_ao.dds
c:\dev\drum\Build_PS3\drum\Art\Export\Characters\c0008_catsuitGirlHair_s.dds
c:\dev\drum\Build_PS3\drum\Art\Export\Characters\c0008_catsuitGirlHair_n.dds
c:\dev\drum\Build_PS3\drum\Art\Export\Characters\c0008_catsuitGirlAcc_d.dds
c:\dev\drum\Build_PS3\drum\Art\Export\Characters\c0008_catsuitGirlAcc_ao.dds
c:\dev\drum\Build_PS3\drum\Art\Export\Characters\c0008_catsuitGirlAcc_s.dds
c:\dev\drum\Build_PS3\drum\Art\Export\Characters\c0008_catsuitGirlAcc_n.dds
c:\dev\drum\Build_PS3\drum\Art\Export\Characters\c0008_catsuitGirl_d.dds
c:\dev\drum\Build_PS3\drum\Art\Export\Characters\c0008_catsuitGirl_ao.dds
c:\dev\drum\Build_PS3\drum\Art\Export\Characters\c0008_catsuitGirl_s.dds
c:\dev\drum\Build_PS3\drum\Art\Export\Characters\c0008_catsuitGirl_n.dds
c:\dev\drum\Build_PS3\drum\Art\Export\Characters\c0008_catsuitGirlEye_d.dds
c:\dev\drum\Build_PS3\drum\Art\Export\Characters\c0008_catsuitGirlEye_ao.dds
c:\dev\drum\Build_PS3\drum\Art\Export\Characters\c0008_catsuitGirlEye_s.dds
c:\dev\drum\Build_PS3\drum\Art\Export\Characters\c0008_catsuitGirlEye_n.dds
