15
c:\dev\drum\Build_PS3\drum\Art\Export\Characters\c0009_retroRockerHair_d.dds
c:\dev\drum\Build_PS3\drum\Art\Export\Characters\c0009_retroRockerHair_ao.dds
c:\dev\drum\Build_PS3\drum\Art\Export\Characters\c0009_retroRockerHair_s.dds
c:\dev\drum\Build_PS3\drum\Art\Export\Characters\c0009_retroRockerHair_n.dds
c:\dev\drum\Build_PS3\drum\Art\Export\Characters\c0009_retroRocker_d.dds
c:\dev\drum\Build_PS3\drum\Art\Export\Characters\c0009_retroRocker_ao.dds
c:\dev\drum\Build_PS3\drum\Art\Export\Characters\c0009_retroRocker_s.dds
c:\dev\drum\Build_PS3\drum\Art\Export\Characters\c0009_retroRocker_n.dds
c:\dev\drum\Build_PS3\drum\Art\Export\Characters\c0009_retroRockerEye_d.dds
c:\dev\drum\Build_PS3\drum\Art\Export\Characters\c0009_retroRockerEye_ao.dds
c:\dev\drum\Build_PS3\drum\Art\Export\Characters\c0009_retroRockerEye_n.dds
c:\dev\drum\Build_PS3\drum\Art\Export\Characters\c0009_retroRockerHead_d.dds
c:\dev\drum\Build_PS3\drum\Art\Export\Characters\c0009_retroRockerHead_ao.dds
c:\dev\drum\Build_PS3\drum\Art\Export\Characters\c0009_retroRockerHead_s.dds
c:\dev\drum\Build_PS3\drum\Art\Export\Characters\c0009_retroRockerHead_n.dds
