14
c:\dev\drum\Build_PS3\drum\Art\Export\Characters\c0006_teenPunk_eye_d.dds
c:\dev\drum\Build_PS3\drum\Art\Export\Characters\c0006_teenPunk_eye_ao.dds
c:\dev\drum\Build_PS3\drum\Art\Export\Characters\c0006_teenPunk_eye_n.dds
c:\dev\drum\Build_PS3\drum\Art\Export\Characters\c0006_teenPunk_d.dds
c:\dev\drum\Build_PS3\drum\Art\Export\Characters\c0006_teenPunk_ao.dds
c:\dev\drum\Build_PS3\drum\Art\Export\Characters\c0006_teenPunk_s.dds
c:\dev\drum\Build_PS3\drum\Art\Export\Characters\c0006_teenPunk_n.dds
c:\dev\drum\Build_PS3\drum\Art\Export\Characters\c0006_teenPunk_badges_d.dds
c:\dev\drum\Build_PS3\drum\Art\Export\Characters\c0006_teenPunk_badges_ao.dds
c:\dev\drum\Build_PS3\drum\Art\Export\Characters\c0006_teenPunk_badges_s.dds
c:\dev\drum\Build_PS3\drum\Art\Export\Characters\c0006_teenPunk_badges_n.dds
c:\dev\drum\Build_PS3\drum\Art\Export\Characters\c0006_teenPunkHair_d.dds
c:\dev\drum\Build_PS3\drum\Art\Export\Characters\c0006_teenPunkHair_ao.dds
c:\dev\drum\Build_PS3\drum\Art\Export\Characters\c0006_teenPunkHair_n.dds
