16
c:\dev\drum\Build_PS3\drum\Art\Export\Characters\c0012_femVocalist_d.dds
c:\dev\drum\Build_PS3\drum\Art\Export\Characters\c0012_femVocalist_ao.dds
c:\dev\drum\Build_PS3\drum\Art\Export\Characters\c0012_femVocalist_s.dds
c:\dev\drum\Build_PS3\drum\Art\Export\Characters\c0012_femVocalist_n.dds
c:\dev\drum\Build_PS3\drum\Art\Export\Characters\c0012_femVocalistAccessories_d.dds
c:\dev\drum\Build_PS3\drum\Art\Export\Characters\c0012_femVocalistAccessories_ao.dds
c:\dev\drum\Build_PS3\drum\Art\Export\Characters\c0012_femVocalistAccessories_s.dds
c:\dev\drum\Build_PS3\drum\Art\Export\Characters\c0012_femVocalistAccessories_n.dds
c:\dev\drum\Build_PS3\drum\Art\Export\Characters\c0012_femVocalistHair_d.dds
c:\dev\drum\Build_PS3\drum\Art\Export\Characters\c0012_femVocalistHair_ao.dds
c:\dev\drum\Build_PS3\drum\Art\Export\Characters\c0012_femVocalistHair_s.dds
c:\dev\drum\Build_PS3\drum\Art\Export\Characters\c0012_femVocalistHair_n.dds
c:\dev\drum\Build_PS3\drum\Art\Export\Characters\c0012_femVocalistEye_d.dds
c:\dev\drum\Build_PS3\drum\Art\Export\Characters\c0012_femVocalistEye_ao.dds
c:\dev\drum\Build_PS3\drum\Art\Export\Characters\c0012_femVocalistEye_s.dds
c:\dev\drum\Build_PS3\drum\Art\Export\Characters\c0012_femVocalistEye_n.dds
