15
c:\dev\drum\Build_PS3\drum\Art\Export\Props\p0112_drumKit_d.dds
c:\dev\drum\Build_PS3\drum\Art\Export\Props\p0112_drumKit_ao.dds
c:\dev\drum\Build_PS3\drum\Art\Export\Props\p0112_drumKit_s.dds
c:\dev\drum\Build_PS3\drum\Art\Export\Props\p0112_drumKit_n.dds
c:\dev\drum\Build_PS3\drum\Art\Export\Props\p0112_drumKitCubeMap_c.dds
c:\dev\drum\Build_PS3\drum\Art\Export\Props\p0112_drumKit_cm.dds
c:\dev\drum\Build_PS3\drum\Art\Export\Props\p0112_drumBarrel_d.dds
c:\dev\drum\Build_PS3\drum\Art\Export\Props\p0112_drumBarrel_s.dds
c:\dev\drum\Build_PS3\drum\Art\Export\Props\p0112_cymbalNew_d.dds
c:\dev\drum\Build_PS3\drum\Art\Export\Props\p0112_cymbalNew_n.dds
c:\dev\drum\Build_PS3\drum\Art\Export\Props\p0112_highHat_d.dds
c:\dev\drum\Build_PS3\drum\Art\Export\Props\p0112_snareStand_d.dds
c:\dev\drum\Build_PS3\drum\Art\Export\Props\p0112_drumStool_d.dds
c:\dev\drum\Build_PS3\drum\Art\Export\Props\p0112_bassPedal_d.dds
c:\dev\drum\Build_PS3\drum\Art\Export\Props\p0112_metalParts_d.dds
