174
c:\dev\drum\Build_PS3\drum\Art\Export\Frontend\f0002_sofa_d.dds
c:\dev\drum\Build_PS3\drum\Art\Export\Frontend\f0002_sofa_n.dds
c:\dev\drum\Build_PS3\drum\Art\Export\Frontend\f0002_lmCouchCoffeetable_lm.dds
c:\dev\drum\Build_PS3\drum\Art\Export\Frontend\f0002_coffeeTableSofaShadow_d.dds
c:\dev\drum\Build_PS3\drum\Art\Export\Frontend\f0002_cdFrameMaroon_d.dds
c:\dev\drum\Build_PS3\drum\Art\Export\Frontend\f0002_cdFrame_ao.dds
c:\dev\drum\Build_PS3\drum\Art\Export\Frontend\f0002_cdFrame_s.dds
c:\dev\drum\Build_PS3\drum\Art\Export\Frontend\f0002_cdFrame_n.dds
c:\dev\drum\Build_PS3\drum\Art\Export\Frontend\f0002_cdStandard_d.dds
c:\dev\drum\Build_PS3\drum\Art\Export\Frontend\f0002_cd_n.dds
c:\dev\drum\Build_PS3\drum\Art\Export\Frontend\f0002_cdGold_d.dds
c:\dev\drum\Build_PS3\drum\Art\Export\Frontend\f0002_cdPlatinum_d.dds
c:\dev\drum\Build_PS3\drum\Art\Export\Frontend\f0002_careerModeSwirlBlue_d.dds
c:\dev\drum\Build_PS3\drum\Art\Export\Frontend\f0002_careerModeSwirlGreen_d.dds
c:\dev\drum\Build_PS3\drum\Art\Export\Frontend\f0002_careerModeSwirlPoster_d.dds
c:\dev\drum\Build_PS3\drum\Art\Export\Frontend\f0002_cdFrameMaroon_d.dds
c:\dev\drum\Build_PS3\drum\Art\Export\Frontend\f0002_gigPosterFrameDrum1_d.dds
c:\dev\drum\Build_PS3\drum\Art\Export\Frontend\f0002_mp3Player_d.dds
c:\dev\drum\Build_PS3\drum\Art\Export\Frontend\f0002_mp3Player_s.dds
c:\dev\drum\Build_PS3\drum\Art\Export\Frontend\f0002_lmMp3Player_lm.dds
c:\dev\drum\Build_PS3\drum\Art\Export\Frontend\f0002_gigPosterFrameDrum5_d.dds
c:\dev\drum\Build_PS3\drum\Art\Export\Frontend\f0002_gigPosterFrame_ao.dds
c:\dev\drum\Build_PS3\drum\Art\Export\Frontend\f0002_gigPosterFrame_s.dds
c:\dev\drum\Build_PS3\drum\Art\Export\Frontend\f0002_gigPosterFrame_n.dds
c:\dev\drum\Build_PS3\drum\Art\Export\Frontend\f0002_gigPosterFrameDrum2_d.dds
c:\dev\drum\Build_PS3\drum\Art\Export\Frontend\f0002_gigPosterFrameDrum4_d.dds
c:\dev\drum\Build_PS3\drum\Art\Export\Frontend\f0002_gigPosterFrameDrum3_d.dds
c:\dev\drum\Build_PS3\drum\Art\Export\Frontend\f0002_gigPosterFrameDrum1_d.dds
c:\dev\drum\Build_PS3\drum\Art\Export\Frontend\f0002_drumStickShadow_d.dds
c:\dev\drum\Build_PS3\drum\Art\Export\Frontend\f0002_leafletsDrumsticks_d.dds
c:\dev\drum\Build_PS3\drum\Art\Export\Frontend\f0002_leafletsDrumsticks_s.dds
c:\dev\drum\Build_PS3\drum\Art\Export\Frontend\f0002_clutterobjects_lm.dds
c:\dev\drum\Build_PS3\drum\Art\Export\Frontend\f0002_concreteWall_d.dds
c:\dev\drum\Build_PS3\drum\Art\Export\Frontend\f0002_concreteWall_s.dds
c:\dev\drum\Build_PS3\drum\Art\Export\Frontend\f0002_concreteWall_n.dds
c:\dev\drum\Build_PS3\drum\Art\Export\Frontend\f0002_concreteDetail_d.dds
c:\dev\drum\Build_PS3\drum\Art\Export\Frontend\f0002_concreteDetail_s.dds
c:\dev\drum\Build_PS3\drum\Art\Export\Frontend\f0002_concreteDetail_n.dds
c:\dev\drum\Build_PS3\drum\Art\Export\Frontend\f0002_oakFloor_d.dds
c:\dev\drum\Build_PS3\drum\Art\Export\Frontend\f0002_oakFloor_s.dds
c:\dev\drum\Build_PS3\drum\Art\Export\Frontend\f0002_oakFloor_n.dds
c:\dev\drum\Build_PS3\drum\Art\Export\Frontend\f0002_lmFloors_lm.dds
c:\dev\drum\Build_PS3\drum\Art\Export\Frontend\f0002_brickWall_d.dds
c:\dev\drum\Build_PS3\drum\Art\Export\Frontend\f0002_brickWall_s.dds
c:\dev\drum\Build_PS3\drum\Art\Export\Frontend\f0002_brickWall_n.dds
c:\dev\drum\Build_PS3\drum\Art\Export\Frontend\f0002_lavalamp_d.dds
c:\dev\drum\Build_PS3\drum\Art\Export\Frontend\f0002_lmClutterObjects_lm.dds
c:\dev\drum\Build_PS3\drum\Art\Export\Frontend\f0002_remote_d.dds
c:\dev\drum\Build_PS3\drum\Art\Export\Frontend\f0002_metal_d.dds
c:\dev\drum\Build_PS3\drum\Art\Export\Frontend\f0002_metal_s.dds
c:\dev\drum\Build_PS3\drum\Art\Export\Frontend\f0002_metal_n.dds
c:\dev\drum\Build_PS3\drum\Art\Export\Frontend\f0002_lmMetalParts_lm.dds
c:\dev\drum\Build_PS3\drum\Art\Export\Frontend\f0002_lightswitch_d.dds
c:\dev\drum\Build_PS3\drum\Art\Export\Frontend\f0002_lightswitch_s.dds
c:\dev\drum\Build_PS3\drum\Art\Export\Frontend\f0002_fireExtinguish_d.dds
c:\dev\drum\Build_PS3\drum\Art\Export\Frontend\f0002_fireExtinguish_s.dds
c:\dev\drum\Build_PS3\drum\Art\Export\Frontend\f0002_bin_d.dds
c:\dev\drum\Build_PS3\drum\Art\Export\Frontend\f0002_bin_s.dds
c:\dev\drum\Build_PS3\drum\Art\Export\Frontend\f0002_windows_d.dds
c:\dev\drum\Build_PS3\drum\Art\Export\Frontend\f0002_windows_s.dds
c:\dev\drum\Build_PS3\drum\Art\Export\Frontend\f0002_lmWindows_lm.dds
c:\dev\drum\Build_PS3\drum\Art\Export\Frontend\f0002_tv_d.dds
c:\dev\drum\Build_PS3\drum\Art\Export\Frontend\f0002_tv_s.dds
c:\dev\drum\Build_PS3\drum\Art\Export\Frontend\f0002_girdersAndBricks_d.dds
c:\dev\drum\Build_PS3\drum\Art\Export\Frontend\f0002_girdersAndBricks_s.dds
c:\dev\drum\Build_PS3\drum\Art\Export\Frontend\f0002_girdersAndBricks_n.dds
c:\dev\drum\Build_PS3\drum\Art\Export\Frontend\f0002_lmGirders_lm.dds
c:\dev\drum\Build_PS3\drum\Art\Export\Frontend\f0002_sky_d.dds
c:\dev\drum\Build_PS3\drum\Art\Export\Frontend\f0002_lmSky_lm.dds
c:\dev\drum\Build_PS3\drum\Art\Export\Frontend\f0002_completeSeal_d.dds
c:\dev\drum\Build_PS3\drum\Art\Export\Frontend\f0002_completeSealMain_d.dds
c:\dev\drum\Build_PS3\drum\Art\Export\Frontend\f0002_completeSealSpikes_d.dds
c:\dev\drum\Build_PS3\drum\Art\Export\Frontend\f0002_completeSealText_d.dds
c:\dev\drum\Build_PS3\drum\Art\Export\Frontend\f0002_brass_d.dds
c:\dev\drum\Build_PS3\drum\Art\Export\Frontend\f0002_deskSpeaker_d.dds
c:\dev\drum\Build_PS3\drum\Art\Export\Frontend\f0002_deskSpeaker_n.dds
c:\dev\drum\Build_PS3\drum\Art\Export\Frontend\f0002_objectShadow_d.dds
c:\dev\drum\Build_PS3\drum\Art\Export\Frontend\f0002_pizza_d.dds
c:\dev\drum\Build_PS3\drum\Art\Export\Frontend\f0002_skateboard_d.dds
c:\dev\drum\Build_PS3\drum\Art\Export\Frontend\f0002_skateboard_s.dds
c:\dev\drum\Build_PS3\drum\Art\Export\Frontend\f0002_fan_d.dds
c:\dev\drum\Build_PS3\drum\Art\Export\Frontend\f0002_bisonSkull_d.dds
c:\dev\drum\Build_PS3\drum\Art\Export\Frontend\f0002_bisonSkull_s.dds
c:\dev\drum\Build_PS3\drum\Art\Export\Frontend\f0002_bisonSkull_n.dds
c:\dev\drum\Build_PS3\drum\Art\Export\Frontend\f0002_fancage_d.dds
c:\dev\drum\Build_PS3\drum\Art\Export\Frontend\f0002_fancage_s.dds
c:\dev\drum\Build_PS3\drum\Art\Export\Frontend\f0002_skullShadow_d.dds
c:\dev\drum\Build_PS3\drum\Art\Export\Frontend\f0002_tableWood_d.dds
c:\dev\drum\Build_PS3\drum\Art\Export\Frontend\f0002_tableWood_s.dds
c:\dev\drum\Build_PS3\drum\Art\Export\Frontend\f0002_tableSteel_d.dds
c:\dev\drum\Build_PS3\drum\Art\Export\Frontend\f0002_tableSteel_s.dds
c:\dev\drum\Build_PS3\drum\Art\Export\Frontend\f0002_grunge_d.dds
c:\dev\drum\Build_PS3\drum\Art\Export\Frontend\f0002_plectrums_d.dds
c:\dev\drum\Build_PS3\drum\Art\Export\Frontend\f0002_plectrums_n.dds
c:\dev\drum\Build_PS3\drum\Art\Export\Frontend\f0002_carpet_d.dds
c:\dev\drum\Build_PS3\drum\Art\Export\Frontend\f0002_carpet_s.dds
c:\dev\drum\Build_PS3\drum\Art\Export\Frontend\f0002_lmCarpet_lm.dds
c:\dev\drum\Build_PS3\drum\Art\Export\Frontend\f0002_frayedEdges_d.dds
c:\dev\drum\Build_PS3\drum\Art\Export\Frontend\f0002_alternateSofa_d.dds
c:\dev\drum\Build_PS3\drum\Art\Export\Frontend\f0002_poolTable_d.dds
c:\dev\drum\Build_PS3\drum\Art\Export\Frontend\f0002_poolTable_s.dds
c:\dev\drum\Build_PS3\drum\Art\Export\Frontend\f0002_stereoStack_d.dds
c:\dev\drum\Build_PS3\drum\Art\Export\Frontend\f0002_stereoStack_s.dds
c:\dev\drum\Build_PS3\drum\Art\Export\Frontend\f0002_shelfTableWood_d.dds
c:\dev\drum\Build_PS3\drum\Art\Export\Frontend\f0002_shelfTableWood_s.dds
c:\dev\drum\Build_PS3\drum\Art\Export\Frontend\f0002_lmShelf_lm.dds
c:\dev\drum\Build_PS3\drum\Art\Export\Frontend\f0002_lpSleeveTops_d.dds
c:\dev\drum\Build_PS3\drum\Art\Export\Frontend\f0002_lpSleeve_d.dds
c:\dev\drum\Build_PS3\drum\Art\Export\Frontend\f0002_albumCovers_d.dds
c:\dev\drum\Build_PS3\drum\Art\Export\Frontend\f0002_lampshade_d.dds
c:\dev\drum\Build_PS3\drum\Art\Export\Frontend\f0002_hat_d.dds
c:\dev\drum\Build_PS3\drum\Art\Export\Frontend\f0002_cds_d.dds
c:\dev\drum\Build_PS3\drum\Art\Export\Frontend\f0002_darkPlastic_d.dds
c:\dev\drum\Build_PS3\drum\Art\Export\Frontend\f0002_concreteWall_d.dds
c:\dev\drum\Build_PS3\drum\Art\Export\Frontend\f0002_concreteWall_s.dds
c:\dev\drum\Build_PS3\drum\Art\Export\Frontend\f0002_concreteWall_n.dds
c:\dev\drum\Build_PS3\drum\Art\Export\Frontend\f0002_jamRoomWallsExtras_lm.dds
c:\dev\drum\Build_PS3\drum\Art\Export\Frontend\f0002_girdersAndBricks_d.dds
c:\dev\drum\Build_PS3\drum\Art\Export\Frontend\f0002_girdersAndBricks_s.dds
c:\dev\drum\Build_PS3\drum\Art\Export\Frontend\f0002_girdersAndBricks_n.dds
c:\dev\drum\Build_PS3\drum\Art\Export\Frontend\f0002_jamObjects_d.dds
c:\dev\drum\Build_PS3\drum\Art\Export\Frontend\f0002_blackPlastics_d.dds
c:\dev\drum\Build_PS3\drum\Art\Export\Frontend\f0002_lpSleeve_d.dds
c:\dev\drum\Build_PS3\drum\Art\Export\Frontend\f0002_jamRoomObjects_lm.dds
c:\dev\drum\Build_PS3\drum\Art\Export\Frontend\f0002_lpSleeveTops_d.dds
c:\dev\drum\Build_PS3\drum\Art\Export\Frontend\f0002_woodBoard_d.dds
c:\dev\drum\Build_PS3\drum\Art\Export\Frontend\f0002_woodBoard_s.dds
c:\dev\drum\Build_PS3\drum\Art\Export\Frontend\f0002_woodFine_d.dds
c:\dev\drum\Build_PS3\drum\Art\Export\Frontend\f0002_woodFine_s.dds
c:\dev\drum\Build_PS3\drum\Art\Export\Frontend\f0002_jamAlphaObjects_d.dds
c:\dev\drum\Build_PS3\drum\Art\Export\Frontend\f0002_pagesAndSticks_d.dds
c:\dev\drum\Build_PS3\drum\Art\Export\Frontend\f0002_caseRimHeadphones_d.dds
c:\dev\drum\Build_PS3\drum\Art\Export\Frontend\f0002_caseRimHeadphones_s.dds
c:\dev\drum\Build_PS3\drum\Art\Export\Frontend\f0002_metalLight_d.dds
c:\dev\drum\Build_PS3\drum\Art\Export\Frontend\f0002_metalLight_s.dds
c:\dev\drum\Build_PS3\drum\Art\Export\Frontend\f0002_casePlastic_d.dds
c:\dev\drum\Build_PS3\drum\Art\Export\Frontend\f0002_casePlastic_s.dds
c:\dev\drum\Build_PS3\drum\Art\Export\Frontend\f0002_locks_d.dds
c:\dev\drum\Build_PS3\drum\Art\Export\Frontend\f0002_reelTapeStrip_d.dds
c:\dev\drum\Build_PS3\drum\Art\Export\Frontend\f0002_reelTapeStrip_s.dds
c:\dev\drum\Build_PS3\drum\Art\Export\Frontend\f0002_reelTapeDisc_d.dds
c:\dev\drum\Build_PS3\drum\Art\Export\Frontend\f0002_reelTapeDisc_s.dds
c:\dev\drum\Build_PS3\drum\Art\Export\Frontend\f0002_wireWhite_d.dds
c:\dev\drum\Build_PS3\drum\Art\Export\Frontend\f0002_skyBox_d.dds
c:\dev\drum\Build_PS3\drum\Art\Export\Frontend\f0002_mulch_d.dds
c:\dev\drum\Build_PS3\drum\Art\Export\Frontend\f0002_yukkaBark_d.dds
c:\dev\drum\Build_PS3\drum\Art\Export\Frontend\f0002_wicker_d.dds
c:\dev\drum\Build_PS3\drum\Art\Export\Frontend\f0002_rackGrate_d.dds
c:\dev\drum\Build_PS3\drum\Art\Export\Frontend\f0002_woodLight_d.dds
c:\dev\drum\Build_PS3\drum\Art\Export\Frontend\f0002_woodLight_s.dds
c:\dev\drum\Build_PS3\drum\Art\Export\Frontend\f0002_flooedLamp_d.dds
c:\dev\drum\Build_PS3\drum\Art\Export\Frontend\f0002_oakFloor_d.dds
c:\dev\drum\Build_PS3\drum\Art\Export\Frontend\f0002_oakFloor_s.dds
c:\dev\drum\Build_PS3\drum\Art\Export\Frontend\f0002_oakFloor_n.dds
c:\dev\drum\Build_PS3\drum\Art\Export\Frontend\f0002_blueNeonMp3_d.dds
c:\dev\drum\Build_PS3\drum\Art\Export\Frontend\f0002_speakerGrille_d.dds
c:\dev\drum\Build_PS3\drum\Art\Export\Frontend\f0002_speakerGrille_s.dds
c:\dev\drum\Build_PS3\drum\Art\Export\Frontend\f0002_bassGuitar_d.dds
c:\dev\drum\Build_PS3\drum\Art\Export\Frontend\f0002_bassGuitar_s.dds
c:\dev\drum\Build_PS3\drum\Art\Export\Frontend\f0002_bassGuitar_n.dds
c:\dev\drum\Build_PS3\drum\Art\Export\Frontend\f0002_bassGuitarPreAmp_d.dds
c:\dev\drum\Build_PS3\drum\Art\Export\Frontend\f0002_bassGuitarPreAmp_ao.dds
c:\dev\drum\Build_PS3\drum\Art\Export\Frontend\f0002_bassGuitarPreAmp_s.dds
c:\dev\drum\Build_PS3\drum\Art\Export\Frontend\f0002_bassGuitarPreAmp_n.dds
c:\dev\drum\Build_PS3\drum\Art\Export\Frontend\f0002_bassGuitarAmp_d.dds
c:\dev\drum\Build_PS3\drum\Art\Export\Frontend\f0002_bassGuitarAmp_ao.dds
c:\dev\drum\Build_PS3\drum\Art\Export\Frontend\f0002_bassGuitarAmp_s.dds
c:\dev\drum\Build_PS3\drum\Art\Export\Frontend\f0002_bassGuitarAmp_n.dds
c:\dev\drum\Build_PS3\drum\Art\Export\Frontend\f0002_yukkaShadow_d.dds
c:\dev\drum\Build_PS3\drum\Art\Export\Frontend\f0002_carLights_pj.dds
c:\dev\drum\Build_PS3\drum\Art\Export\Frontend\f0002_skyLights_pj.dds
c:\dev\drum\Build_PS3\drum\Art\Export\Frontend\f0002_cigarette_d.dds
c:\dev\drum\Build_PS3\drum\Art\Export\Frontend\f0002_coffee_d.dds
c:\dev\drum\Build_PS3\drum\Art\Export\Frontend\f0002_highResMag_d.dds
