65
c:\dev\drum\art\Export\Frontend\f0001_sofaOrange_d.dds
c:\dev\drum\art\Export\Frontend\f0001_sofaCoffetableLightmap_lm.dds
c:\dev\drum\art\Export\Frontend\f0001_cdFrameBlue_d.dds
c:\dev\drum\art\Export\Frontend\f0001_cdFrame_ao.dds
c:\dev\drum\art\Export\Frontend\f0001_cdFrame_s.dds
c:\dev\drum\art\Export\Frontend\f0001_cdFrame_n.dds
c:\dev\drum\art\Export\Frontend\f0001_cdFrameGreen_d.dds
c:\dev\drum\art\Export\Frontend\f0001_careerModeSwirlBlue_d.dds
c:\dev\drum\art\Export\Frontend\f0001_careerModeSwirlGreen_d.dds
c:\dev\drum\art\Export\Frontend\f0001_cd_d.dds
c:\dev\drum\art\Export\Frontend\f0001_cd_ao.dds
c:\dev\drum\art\Export\Frontend\f0001_cd_s.dds
c:\dev\drum\art\Export\Frontend\f0001_cd_n.dds
c:\dev\drum\art\Export\Frontend\f0001_gigPosterFrame_d.dds
c:\dev\drum\art\Export\Frontend\f0001_gigPosterFrame_ao.dds
c:\dev\drum\art\Export\Frontend\f0001_gigPosterFrame_s.dds
c:\dev\drum\art\Export\Frontend\f0001_gigPosterFrame_n.dds
c:\dev\drum\art\Export\Frontend\f0001_mainroomWalls_d.dds
c:\dev\drum\art\Export\Frontend\f0001_lmShelf_lm.dds
c:\dev\drum\art\Export\Frontend\f0001_Magazines_d.dds
c:\dev\drum\art\Export\Frontend\f0001_picture_d.dds
c:\dev\drum\art\Export\Frontend\f0001_picture_ao.dds
c:\dev\drum\art\Export\Frontend\f0001_picture_s.dds
c:\dev\drum\art\Export\Frontend\f0001_picture_n.dds
c:\dev\drum\art\Export\Frontend\f0001_mainRoomDetailLightMap_lm.dds
c:\dev\drum\art\Export\Frontend\f0001_brushedSteel_d.dds
c:\dev\drum\art\Export\Frontend\f0001_brushedSteel_ao.dds
c:\dev\drum\art\Export\Frontend\f0001_brushedSteel_s.dds
c:\dev\drum\art\Export\Frontend\f0001_brushedSteel_n.dds
c:\dev\drum\art\Export\Frontend\f0001_lamp_d.dds
c:\dev\drum\art\Export\Frontend\f0001_lamp_ao.dds
c:\dev\drum\art\Export\Frontend\f0001_lamp_s.dds
c:\dev\drum\art\Export\Frontend\f0001_lamp_n.dds
c:\dev\drum\art\Export\Frontend\f0001_mp3player_d.dds
c:\dev\drum\art\Export\Frontend\f0001_WhiteTable_d.dds
c:\dev\drum\art\Export\Frontend\f0001_musicDeskConsoleBlack_d.dds
c:\dev\drum\art\Export\Frontend\f0001_musicDeskConsoleBlack_ao.dds
c:\dev\drum\art\Export\Frontend\f0001_musicDeskConsoleBlack_s.dds
c:\dev\drum\art\Export\Frontend\f0001_musicDeskConsoleBlack_n.dds
c:\dev\drum\art\Export\Frontend\f0001_mainRoomMusicDeskLightMap_lm.dds
c:\dev\drum\art\Export\Frontend\f0001_musicDeskScreen_d.dds
c:\dev\drum\art\Export\Frontend\f0001_musicDeskConsole_d.dds
c:\dev\drum\art\Export\Frontend\f0001_musicDeskConsole_ao.dds
c:\dev\drum\art\Export\Frontend\f0001_musicDeskConsole_s.dds
c:\dev\drum\art\Export\Frontend\f0001_musicDeskConsole_n.dds
c:\dev\drum\art\Export\Frontend\f0001_musicDeskScreenDail_d.dds
c:\dev\drum\art\Export\Frontend\f0001_musicDeskChairGrey_d.dds
c:\dev\drum\art\Export\Frontend\f0001_musicDeskChairGrey_ao.dds
c:\dev\drum\art\Export\Frontend\f0001_musicDeskChairGrey_s.dds
c:\dev\drum\art\Export\Frontend\f0001_musicDeskChairGrey_n.dds
c:\dev\drum\art\Export\Frontend\f0001_musicDeskChairCover_d.dds
c:\dev\drum\art\Export\Frontend\f0001_musicDeskChairCover_ao.dds
c:\dev\drum\art\Export\Frontend\f0001_musicDeskChairCover_s.dds
c:\dev\drum\art\Export\Frontend\f0001_musicDeskChairCover_n.dds
c:\dev\drum\art\Export\Frontend\f0001_mixingDesk_d.dds
c:\dev\drum\art\Export\Frontend\f0001_mixingDesk_ao.dds
c:\dev\drum\art\Export\Frontend\f0001_mixingDesk_s.dds
c:\dev\drum\art\Export\Frontend\f0001_mixingDesk_n.dds
c:\dev\drum\art\Export\Frontend\f0001_mixingdesk_lm.dds
c:\dev\drum\art\Export\Frontend\f0001_carpetPitArea_d.dds
c:\dev\drum\art\Export\Frontend\f0001_carpetPitArea_ao.dds
c:\dev\drum\art\Export\Frontend\f0001_carpetPitArea_n.dds
c:\dev\drum\art\Export\Frontend\f0001_lmFloor_lm.dds
c:\dev\drum\art\Export\Frontend\f0001_mainroomFloor_d.dds
c:\dev\drum\art\Export\Frontend\f0001_lmWalls_lm.dds
