90
c:\dev\drum\Build_PS3\drum\Art\Export\Frontend\f0003_jamBoxUnit_d.dds
c:\dev\drum\Build_PS3\drum\Art\Export\Frontend\f0003_jamBoxUnit_s.dds
c:\dev\drum\Build_PS3\drum\Art\Export\Frontend\f0003_jamAdvancedLightmap_lm.dds
c:\dev\drum\Build_PS3\drum\Art\Export\Frontend\f0003_mug_d.dds
c:\dev\drum\Build_PS3\drum\Art\Export\Frontend\f0003_jamPageScribbles_d.dds
c:\dev\drum\Build_PS3\drum\Art\Export\Frontend\f0003_jamSlider_d.dds
c:\dev\drum\Build_PS3\drum\Art\Export\Frontend\f0003_outBox_d.dds
c:\dev\drum\Build_PS3\drum\Art\Export\Frontend\f0003_jamRoomObjects_lm.dds
c:\dev\drum\Build_PS3\drum\Art\Export\Frontend\f0003_concreteWall_d.dds
c:\dev\drum\Build_PS3\drum\Art\Export\Frontend\f0003_concreteWall_s.dds
c:\dev\drum\Build_PS3\drum\Art\Export\Frontend\f0003_concreteWall_n.dds
c:\dev\drum\Build_PS3\drum\Art\Export\Frontend\f0003_jamRoomWallsExtras_lm.dds
c:\dev\drum\Build_PS3\drum\Art\Export\Frontend\f0003_oakFloor_d.dds
c:\dev\drum\Build_PS3\drum\Art\Export\Frontend\f0003_oakFloor_s.dds
c:\dev\drum\Build_PS3\drum\Art\Export\Frontend\f0003_oakFloor_n.dds
c:\dev\drum\Build_PS3\drum\Art\Export\Frontend\f0003_pagesAndSticks_d.dds
c:\dev\drum\Build_PS3\drum\Art\Export\Frontend\f0003_rehersalRoom_lm.dds
c:\dev\drum\Build_PS3\drum\Art\Export\Frontend\f0003_deskObjects_d.dds
c:\dev\drum\Build_PS3\drum\Art\Export\Frontend\f0003_deskSpeaker_d.dds
c:\dev\drum\Build_PS3\drum\Art\Export\Frontend\f0003_deskSpeaker_n.dds
c:\dev\drum\Build_PS3\drum\Art\Export\Frontend\f0003_persianCarpet_d.dds
c:\dev\drum\Build_PS3\drum\Art\Export\Frontend\f0003_stack_d.dds
c:\dev\drum\Build_PS3\drum\Art\Export\Frontend\f0003_stack_s.dds
c:\dev\drum\Build_PS3\drum\Art\Export\Frontend\f0003_blackPlastics_d.dds
c:\dev\drum\Build_PS3\drum\Art\Export\Frontend\f0003_caseRimHeadphones_d.dds
c:\dev\drum\Build_PS3\drum\Art\Export\Frontend\f0003_caseRimHeadphones_s.dds
c:\dev\drum\Build_PS3\drum\Art\Export\Frontend\f0003_caseRimHeadphones_n.dds
c:\dev\drum\Build_PS3\drum\Art\Export\Frontend\f0003_casePlastic_d.dds
c:\dev\drum\Build_PS3\drum\Art\Export\Frontend\f0003_casePlastic_s.dds
c:\dev\drum\Build_PS3\drum\Art\Export\Frontend\f0003_woodBoard_d.dds
c:\dev\drum\Build_PS3\drum\Art\Export\Frontend\f0003_woodBoard_s.dds
c:\dev\drum\Build_PS3\drum\Art\Export\Frontend\f0003_speakerMeshAlt_d.dds
c:\dev\drum\Build_PS3\drum\Art\Export\Frontend\f0003_headphones_d.dds
c:\dev\drum\Build_PS3\drum\Art\Export\Frontend\f0003_headphones_n.dds
c:\dev\drum\Build_PS3\drum\Art\Export\Frontend\f0003_flooedLamp_d.dds
c:\dev\drum\Build_PS3\drum\Art\Export\Frontend\f0003_wireWhite_d.dds
c:\dev\drum\Build_PS3\drum\Art\Export\Frontend\f0003_monitorChanges_d.dds
c:\dev\drum\Build_PS3\drum\Art\Export\Frontend\f0003_deskObjects_s.dds
c:\dev\drum\Build_PS3\drum\Art\Export\Frontend\f0003_ampBoxesFacia_d.dds
c:\dev\drum\Build_PS3\drum\Art\Export\Frontend\f0003_ampBoxesFacia_s.dds
c:\dev\drum\Build_PS3\drum\Art\Export\Frontend\f0003_woodLight_d.dds
c:\dev\drum\Build_PS3\drum\Art\Export\Frontend\f0003_woodLight_s.dds
c:\dev\drum\Build_PS3\drum\Art\Export\Frontend\f0003_curtainDetailed_d.dds
c:\dev\drum\Build_PS3\drum\Art\Export\Frontend\f0003_curtainDetailed_n.dds
c:\dev\drum\Build_PS3\drum\Art\Export\Frontend\f0003_metalLight_d.dds
c:\dev\drum\Build_PS3\drum\Art\Export\Frontend\f0003_metalLight_s.dds
c:\dev\drum\Build_PS3\drum\Art\Export\Frontend\f0003_carpet_d.dds
c:\dev\drum\Build_PS3\drum\Art\Export\Frontend\f0003_jamBox_d.dds
c:\dev\drum\Build_PS3\drum\Art\Export\Frontend\f0003_blankDiscs_d.dds
c:\dev\drum\Build_PS3\drum\Art\Export\Frontend\f0003_picks_d.dds
c:\dev\drum\Build_PS3\drum\Art\Export\Frontend\f0003_picks_s.dds
c:\dev\drum\Build_PS3\drum\Art\Export\Frontend\f0003_stagePass_d.dds
c:\dev\drum\Build_PS3\drum\Art\Export\Frontend\f0003_albumCovers1_d.dds
c:\dev\drum\Build_PS3\drum\Art\Export\Frontend\f0003_lpSleeve_d.dds
c:\dev\drum\Build_PS3\drum\Art\Export\Frontend\f0003_lpSleeveTops_d.dds
c:\dev\drum\Build_PS3\drum\Art\Export\Frontend\f0003_albumCovers2_d.dds
c:\dev\drum\Build_PS3\drum\Art\Export\Frontend\f0003_popShield_d.dds
c:\dev\drum\Build_PS3\drum\Art\Export\Frontend\f0003_stack_n.dds
c:\dev\drum\Build_PS3\drum\Art\Export\Frontend\f0003_rackGrate_d.dds
c:\dev\drum\Build_PS3\drum\Art\Export\Frontend\f0003_mulch_d.dds
c:\dev\drum\Build_PS3\drum\Art\Export\Frontend\f0003_yukkaBark_d.dds
c:\dev\drum\Build_PS3\drum\Art\Export\Frontend\f0003_yukkaAndDisc_d.dds
c:\dev\drum\Build_PS3\drum\Art\Export\Frontend\f0003_yukkaAndDisc_s.dds
c:\dev\drum\Build_PS3\drum\Art\Export\Frontend\f0003_wicker_d.dds
c:\dev\drum\Build_PS3\drum\Art\Export\Frontend\f0003_skyBox_d.dds
c:\dev\drum\Build_PS3\drum\Art\Export\Frontend\f0003_cables2_d.dds
c:\dev\drum\Build_PS3\drum\Art\Export\Frontend\f0003_cables2_s.dds
c:\dev\drum\Build_PS3\drum\Art\Export\Frontend\f0003_cables2_n.dds
c:\dev\drum\Build_PS3\drum\Art\Export\Frontend\f0003_cables1_d.dds
c:\dev\drum\Build_PS3\drum\Art\Export\Frontend\f0003_cables1_s.dds
c:\dev\drum\Build_PS3\drum\Art\Export\Frontend\f0003_cables1_n.dds
c:\dev\drum\Build_PS3\drum\Art\Export\Frontend\f0003_speakerMesh_d.dds
c:\dev\drum\Build_PS3\drum\Art\Export\Frontend\f0003_wireBlue_d.dds
c:\dev\drum\Build_PS3\drum\Art\Export\Frontend\f0003_posters_d.dds
c:\dev\drum\Build_PS3\drum\Art\Export\Frontend\f0003_posters_s.dds
c:\dev\drum\Build_PS3\drum\Art\Export\Frontend\f0003_reelTapeStrip_d.dds
c:\dev\drum\Build_PS3\drum\Art\Export\Frontend\f0003_reelTapeStrip_s.dds
c:\dev\drum\Build_PS3\drum\Art\Export\Frontend\f0003_tapeDeckDetail_d.dds
c:\dev\drum\Build_PS3\drum\Art\Export\Frontend\f0003_tapeDeckDetail_s.dds
c:\dev\drum\Build_PS3\drum\Art\Export\Frontend\f0003_reelPlastic_d.dds
c:\dev\drum\Build_PS3\drum\Art\Export\Frontend\f0003_reelPlastic_s.dds
c:\dev\drum\Build_PS3\drum\Art\Export\Frontend\f0003_reelTapeDisc_d.dds
c:\dev\drum\Build_PS3\drum\Art\Export\Frontend\f0003_reelTapeDisc_s.dds
c:\dev\drum\Build_PS3\drum\Art\Export\Frontend\f0003_concrete_d.dds
c:\dev\drum\Build_PS3\drum\Art\Export\Frontend\f0003_woodFine_d.dds
c:\dev\drum\Build_PS3\drum\Art\Export\Frontend\f0003_woodFine_s.dds
c:\dev\drum\Build_PS3\drum\Art\Export\Frontend\f0003_woodFine_n.dds
c:\dev\drum\Build_PS3\drum\Art\Export\Frontend\f0003_girdersAndBricks_d.dds
c:\dev\drum\Build_PS3\drum\Art\Export\Frontend\f0003_girdersAndBricks_s.dds
c:\dev\drum\Build_PS3\drum\Art\Export\Frontend\f0003_girdersAndBricks_n.dds
