20
c:\dev\drum\Build_PS3\drum\art\Export\Common\common_0005_controllerInstructionOverlayDrumCancel_d.dds
c:\dev\drum\Build_PS3\drum\art\Export\Common\common_0005_controllerInstructionOverlayDrumConfirm_d.dds
c:\dev\drum\Build_PS3\drum\art\Export\Common\common_0005_controllerInstructionOverlayDrumNext_d.dds
c:\dev\drum\Build_PS3\drum\art\Export\Common\common_0005_controllerInstructionOverlayDrumPrevious_d.dds
c:\dev\drum\Build_PS3\drum\art\Export\Common\common_0005_controllerInstructionOverlayDrumSort_d.dds
c:\dev\drum\Build_PS3\drum\art\Export\Common\common_0005_dialogueBackgroundChallenge_d.dds
c:\dev\drum\Build_PS3\drum\art\Export\Common\common_0005_dialogueBackgroundPause_d.dds
c:\dev\drum\Build_PS3\drum\art\Export\Common\common_0005_dialogueLarge_d.dds
c:\dev\drum\Build_PS3\drum\art\Export\Common\common_0005_dialogueRegular_d.dds
c:\dev\drum\Build_PS3\drum\art\Export\Common\common_0005_genericLargeTab1_d.dds
c:\dev\drum\Build_PS3\drum\art\Export\Common\PS3\common_0005_jamAdvancedStudioMixerHelpButtonStart_d.dds
c:\dev\drum\Build_PS3\drum\art\Export\Common\PS3\common_0005_mp3ControllerInstructionOverlayA_d.dds
c:\dev\drum\Build_PS3\drum\art\Export\Common\PS3\common_0005_mp3ControllerInstructionOverlayB_d.dds
c:\dev\drum\Build_PS3\drum\art\Export\Common\common_0005_mp3DrumControllerInstructionOverlayCancel_d.dds
c:\dev\drum\Build_PS3\drum\art\Export\Common\common_0005_mp3DrumControllerInstructionOverlayConfirm_d.dds
c:\dev\drum\Build_PS3\drum\art\Export\Common\common_0005_mp3GuitarControllerInstructionOverlayCancel_d.dds
c:\dev\drum\Build_PS3\drum\art\Export\Common\common_0005_mp3GuitarControllerInstructionOverlayConfirm_d.dds
c:\dev\drum\Build_PS3\drum\art\Export\Common\PS3\common_0005_mp3ControllerInstructionButtonSpecial_d.dds
c:\dev\drum\Build_PS3\drum\art\Export\Common\common_0005_mp3DrumControllerInstructionButtonSpecial_d.dds
c:\dev\drum\Build_PS3\drum\art\Export\Common\common_0005_mp3GuitarControllerInstructionButtonSpecial_d.dds
