139
c:\dev\drum\Build_PS3\drum\art\Export\Common\common_0002_careerModeArrowLeft_d.dds
c:\dev\drum\Build_PS3\drum\art\Export\Common\common_0002_careerModeArrowRight_d.dds
c:\dev\drum\Build_PS3\drum\art\Export\Common\common_0002_careerModeCdHighlight_d.dds
c:\dev\drum\Build_PS3\drum\art\Export\Common\common_0002_careerModeCdHighlightGold_d.dds
c:\dev\drum\Build_PS3\drum\art\Export\Common\common_0002_careerModeCdHighlightPlatinum_d.dds
c:\dev\drum\Build_PS3\drum\art\Export\Common\common_0002_careerModeCdMenu_d.dds
c:\dev\drum\Build_PS3\drum\art\Export\Common\common_0002_careerModeCompleteStamp_d.dds
c:\dev\drum\Build_PS3\drum\art\Export\Common\common_0002_careerModePosterMenu_d.dds
c:\dev\drum\Build_PS3\drum\art\Export\Common\common_0002_careerModeSwirlBlue_d.dds
c:\dev\drum\Build_PS3\drum\art\Export\Common\common_0002_careerModeSwirlGreen_d.dds
c:\dev\drum\Build_PS3\drum\art\Export\Common\common_0002_careerModeSwirlPoster_d.dds
c:\dev\drum\Build_PS3\drum\art\Export\Common\common_0002_careerModeTitleBar_d.dds
c:\dev\drum\Build_PS3\drum\art\Export\Common\common_0002_HDSyncMarker_d.dds
c:\dev\drum\Build_PS3\drum\art\Export\Common\common_0002_HDSyncMarkerBackground_d.dds
c:\dev\drum\Build_PS3\drum\art\Export\Common\common_0002_HDSyncMarkerBackgroundHorizontal_d.dds
c:\dev\drum\Build_PS3\drum\art\Export\Common\common_0002_HDSyncMarkerHorizontal_d.dds
c:\dev\drum\Build_PS3\drum\art\Export\Common\common_0002_HDSyncMarkerOutline_d.dds
c:\dev\drum\Build_PS3\drum\art\Export\Common\common_0002_HDSyncMarkerOutlineHorizontal_d.dds
c:\dev\drum\Build_PS3\drum\art\Export\Common\common_0002_icon_Challenge_d.dds
c:\dev\drum\Build_PS3\drum\art\Export\Common\common_0002_icon_ChallengeGrey_d.dds
c:\dev\drum\Build_PS3\drum\art\Export\Common\common_0002_icon_ChallengeRed_d.dds
c:\dev\drum\Build_PS3\drum\art\Export\Common\common_0002_icon_Complete_d.dds
c:\dev\drum\Build_PS3\drum\art\Export\Common\common_0002_icon_Drum_d.dds
c:\dev\drum\Build_PS3\drum\art\Export\Common\common_0002_icon_DrumGrey_d.dds
c:\dev\drum\Build_PS3\drum\art\Export\Common\common_0002_icon_DrumRed_d.dds
c:\dev\drum\Build_PS3\drum\art\Export\Common\common_0002_icon_Guitar_d.dds
c:\dev\drum\Build_PS3\drum\art\Export\Common\common_0002_icon_GuitarGrey_d.dds
c:\dev\drum\Build_PS3\drum\art\Export\Common\common_0002_icon_GuitarRed_d.dds
c:\dev\drum\Build_PS3\drum\art\Export\Common\common_0002_iconTextMask_d.dds
c:\dev\drum\Build_PS3\drum\art\Export\Common\common_0002_logo_d.dds
c:\dev\drum\Build_PS3\drum\art\Export\Common\common_0002_mainMenuGradient_d.dds
c:\dev\drum\Build_PS3\drum\art\Export\Common\common_0002_menuGradientMask_d.dds
c:\dev\drum\Build_PS3\drum\art\Export\Common\common_0002_mp3Arrow_d.dds
c:\dev\drum\Build_PS3\drum\art\Export\Common\common_0002_mp3BackgroundPattern_d.dds
c:\dev\drum\Build_PS3\drum\art\Export\Common\PS3\common_0002_mp3ControllerInstructionOverlayA_d.dds
c:\dev\drum\Build_PS3\drum\art\Export\Common\PS3\common_0002_mp3ControllerInstructionOverlayB_d.dds
c:\dev\drum\Build_PS3\drum\art\Export\Common\PS3\common_0002_mp3ControllerInstructionOverlayButtonsLeftButton_d.dds
c:\dev\drum\Build_PS3\drum\art\Export\Common\PS3\common_0002_mp3ControllerInstructionOverlayButtonsRightButton_d.dds
c:\dev\drum\Build_PS3\drum\art\Export\Common\PS3\common_0002_mp3ControllerInstructionOverlayNext_d.dds
c:\dev\drum\Build_PS3\drum\art\Export\Common\common_0002_mp3ControllerInstructionOverlayNextHorizontal_d.dds
c:\dev\drum\Build_PS3\drum\art\Export\Common\PS3\common_0002_mp3ControllerInstructionOverlayPrevious_d.dds
c:\dev\drum\Build_PS3\drum\art\Export\Common\common_0002_mp3ControllerInstructionOverlayPreviousHorizontal_d.dds
c:\dev\drum\Build_PS3\drum\art\Export\Common\common_0002_mp3DrumControllerInstructionOverlayCancel_d.dds
c:\dev\drum\Build_PS3\drum\art\Export\Common\common_0002_mp3DrumControllerInstructionOverlayConfirm_d.dds
c:\dev\drum\Build_PS3\drum\art\Export\Common\common_0002_mp3DrumControllerInstructionOverlayNext_d.dds
c:\dev\drum\Build_PS3\drum\art\Export\Common\common_0002_mp3DrumControllerInstructionOverlayPrevious_d.dds
c:\dev\drum\Build_PS3\drum\art\Export\Common\common_0002_mp3DrumControllerInstructionOverlaySort_d.dds
c:\dev\drum\Build_PS3\drum\art\Export\Common\common_0002_mp3GuitarControllerInstructionOverlayCancel_d.dds
c:\dev\drum\Build_PS3\drum\art\Export\Common\common_0002_mp3GuitarControllerInstructionOverlayConfirm_d.dds
c:\dev\drum\Build_PS3\drum\art\Export\Common\common_0002_mp3GuitarControllerInstructionOverlayPreviousNext_d.dds
c:\dev\drum\Build_PS3\drum\art\Export\Common\common_0002_mp3GuitarControllerInstructionOverlaySort_d.dds
c:\dev\drum\Build_PS3\drum\art\Export\Common\common_0002_mp3InstrumentNameBox_d.dds
c:\dev\drum\Build_PS3\drum\art\Export\Common\common_0002_mp3LobbyConnectionSpeedHigh_d.dds
c:\dev\drum\Build_PS3\drum\art\Export\Common\common_0002_mp3LobbyConnectionSpeedLow_d.dds
c:\dev\drum\Build_PS3\drum\art\Export\Common\common_0002_mp3LobbyConnectionSpeedMedium_d.dds
c:\dev\drum\Build_PS3\drum\art\Export\Common\common_0002_mp3LobbyConnectionSpeedNone_d.dds
c:\dev\drum\Build_PS3\drum\art\Export\Common\common_0002_mp3LobbyDifficultyBox_d.dds
c:\dev\drum\Build_PS3\drum\art\Export\Common\common_0002_mp3LobbyHostCrown_d.dds
c:\dev\drum\Build_PS3\drum\art\Export\Common\common_0002_mp3LobbyInstrumentDifficultyBox_d.dds
c:\dev\drum\Build_PS3\drum\art\Export\Common\common_0002_mp3LobbyOptionsSelected_d.dds
c:\dev\drum\Build_PS3\drum\art\Export\Common\common_0002_mp3LobbyOptionsSelectedGold_d.dds
c:\dev\drum\Build_PS3\drum\art\Export\Common\common_0002_mp3LobbyOptionsUnselected_d.dds
c:\dev\drum\Build_PS3\drum\art\Export\Common\common_0002_mp3LobbyPlayerNameBox_d.dds
c:\dev\drum\Build_PS3\drum\art\Export\Common\common_0002_mp3LobbyPlayerNameBoxSelect_d.dds
c:\dev\drum\Build_PS3\drum\art\Export\Common\common_0002_mp3LobbyPlayerOptionTab_d.dds
c:\dev\drum\Build_PS3\drum\art\Export\Common\common_0002_mp3LobbyPlayerSettingInfoMic_d.dds
c:\dev\drum\Build_PS3\drum\art\Export\Common\common_0002_mp3LobbyPlayerSettingInfoMicCross_d.dds
c:\dev\drum\Build_PS3\drum\art\Export\Common\common_0002_mp3LobbyPlayerSettingInfoMicOn_d.dds
c:\dev\drum\Build_PS3\drum\art\Export\Common\common_0002_mp3LobbyPlayerSettingInfoMute_d.dds
c:\dev\drum\Build_PS3\drum\art\Export\Common\common_0002_mp3LobbyPlayerSettingInfoTick_d.dds
c:\dev\drum\Build_PS3\drum\art\Export\Common\common_0002_mp3LobbyPlayerSettingInfoTickBox_d.dds
c:\dev\drum\Build_PS3\drum\art\Export\Common\common_0002_mp3LobbySelectRoomHighlight_d.dds
c:\dev\drum\Build_PS3\drum\art\Export\Common\common_0002_mp3LobbySongNameBox_d.dds
c:\dev\drum\Build_PS3\drum\art\Export\Common\common_0002_mp3LobbyViewGamecardBar_d.dds
c:\dev\drum\Build_PS3\drum\art\Export\Common\common_0002_mp3MenuTextBackground_d.dds
c:\dev\drum\Build_PS3\drum\art\Export\Common\common_0002_mp3OptionsVolumeIcon_d.dds
c:\dev\drum\Build_PS3\drum\art\Export\Common\common_0002_mp3OptionsVolumeMarkerOff1_d.dds
c:\dev\drum\Build_PS3\drum\art\Export\Common\common_0002_mp3OptionsVolumeMarkerOff2_d.dds
c:\dev\drum\Build_PS3\drum\art\Export\Common\common_0002_mp3OptionsVolumeMarkerOff3_d.dds
c:\dev\drum\Build_PS3\drum\art\Export\Common\common_0002_mp3OptionsVolumeMarkerOff4_d.dds
c:\dev\drum\Build_PS3\drum\art\Export\Common\common_0002_mp3OptionsVolumeMarkerOff5_d.dds
c:\dev\drum\Build_PS3\drum\art\Export\Common\common_0002_mp3OptionsVolumeMarkerOn1_d.dds
c:\dev\drum\Build_PS3\drum\art\Export\Common\common_0002_mp3OptionsVolumeMarkerOn2_d.dds
c:\dev\drum\Build_PS3\drum\art\Export\Common\common_0002_mp3OptionsVolumeMarkerOn3_d.dds
c:\dev\drum\Build_PS3\drum\art\Export\Common\common_0002_mp3OptionsVolumeMarkerOn4_d.dds
c:\dev\drum\Build_PS3\drum\art\Export\Common\common_0002_mp3OptionsVolumeMarkerOn5_d.dds
c:\dev\drum\Build_PS3\drum\art\Export\Common\common_0002_Mp3PopUpBoxBackground_d.dds
c:\dev\drum\Build_PS3\drum\art\Export\Common\common_0002_mp3PowerButton_d.dds
c:\dev\drum\Build_PS3\drum\art\Export\Common\common_0002_mp3ScoreboardBox_d.dds
c:\dev\drum\Build_PS3\drum\art\Export\Common\common_0002_mp3ScreenReflection_d.dds
c:\dev\drum\Build_PS3\drum\art\Export\Common\common_0002_mp3SongDownloadedTrack_d.dds
c:\dev\drum\Build_PS3\drum\art\Export\Common\common_0002_mp3SongPerformanceRatingSelected_d.dds
c:\dev\drum\Build_PS3\drum\art\Export\Common\common_0002_mp3SongPerformanceRatingUnselected_d.dds
c:\dev\drum\Build_PS3\drum\art\Export\Common\common_0002_mp3SongToughness_d.dds
c:\dev\drum\Build_PS3\drum\art\Export\Common\common_0002_mp3SongToughnessInactive_d.dds
c:\dev\drum\Build_PS3\drum\art\Export\Common\common_0002_mp3TextBackground_d.dds
c:\dev\drum\Build_PS3\drum\art\Export\Common\common_0002_mp3VenueLocked_d.dds
c:\dev\drum\Build_PS3\drum\art\Export\Common\common_0002_mp3ZoeLogo_d.dds
c:\dev\drum\Build_PS3\drum\art\Export\Common\common_0002_peripheralSelectBassInstrumentIcon_d.dds
c:\dev\drum\Build_PS3\drum\art\Export\Common\common_0002_peripheralSelectDifficultyBackground_d.dds
c:\dev\drum\Build_PS3\drum\art\Export\Common\common_0002_peripheralSelectDifficultyBackgroundOverlay_d.dds
c:\dev\drum\Build_PS3\drum\art\Export\Common\common_0002_peripheralSelectDrumInstrumentIcon_d.dds
c:\dev\drum\Build_PS3\drum\art\Export\Common\PS3\common_0002_peripheralSelectDrumPeripheralPlayer1Icon_d.dds
c:\dev\drum\Build_PS3\drum\art\Export\Common\PS3\common_0002_peripheralSelectDrumPeripheralPlayer1IconSmall_d.dds
c:\dev\drum\Build_PS3\drum\art\Export\Common\PS3\common_0002_peripheralSelectDrumPeripheralPlayer2Icon_d.dds
c:\dev\drum\Build_PS3\drum\art\Export\Common\PS3\common_0002_peripheralSelectDrumPeripheralPlayer2IconSmall_d.dds
c:\dev\drum\Build_PS3\drum\art\Export\Common\PS3\common_0002_peripheralSelectDrumPeripheralPlayer3Icon_d.dds
c:\dev\drum\Build_PS3\drum\art\Export\Common\PS3\common_0002_peripheralSelectDrumPeripheralPlayer3IconSmall_d.dds
c:\dev\drum\Build_PS3\drum\art\Export\Common\PS3\common_0002_peripheralSelectDrumPeripheralPlayer4Icon_d.dds
c:\dev\drum\Build_PS3\drum\art\Export\Common\PS3\common_0002_peripheralSelectDrumPeripheralPlayer4IconSmall_d.dds
c:\dev\drum\Build_PS3\drum\art\Export\Common\common_0002_peripheralSelectEmptySlotIcon_d.dds
c:\dev\drum\Build_PS3\drum\art\Export\Common\PS3\common_0002_peripheralSelectEmptySlotIconSmall_d.dds
c:\dev\drum\Build_PS3\drum\art\Export\Common\PS3\common_0002_peripheralSelectGuitarPeripheralPlayer1Icon_d.dds
c:\dev\drum\Build_PS3\drum\art\Export\Common\PS3\common_0002_peripheralSelectGuitarPeripheralPlayer1IconSmall_d.dds
c:\dev\drum\Build_PS3\drum\art\Export\Common\PS3\common_0002_peripheralSelectGuitarPeripheralPlayer2Icon_d.dds
c:\dev\drum\Build_PS3\drum\art\Export\Common\PS3\common_0002_peripheralSelectGuitarPeripheralPlayer2IconSmall_d.dds
c:\dev\drum\Build_PS3\drum\art\Export\Common\PS3\common_0002_peripheralSelectGuitarPeripheralPlayer3Icon_d.dds
c:\dev\drum\Build_PS3\drum\art\Export\Common\PS3\common_0002_peripheralSelectGuitarPeripheralPlayer3IconSmall_d.dds
c:\dev\drum\Build_PS3\drum\art\Export\Common\PS3\common_0002_peripheralSelectGuitarPeripheralPlayer4Icon_d.dds
c:\dev\drum\Build_PS3\drum\art\Export\Common\PS3\common_0002_peripheralSelectGuitarPeripheralPlayer4IconSmall_d.dds
c:\dev\drum\Build_PS3\drum\art\Export\Common\PS3\common_0002_peripheralSelectIconsController_d.dds
c:\dev\drum\Build_PS3\drum\art\Export\Common\common_0002_peripheralSelectIconsDrum_d.dds
c:\dev\drum\Build_PS3\drum\art\Export\Common\common_0002_peripheralSelectIconsEmpty_d.dds
c:\dev\drum\Build_PS3\drum\art\Export\Common\common_0002_peripheralSelectIconsGuitar_d.dds
c:\dev\drum\Build_PS3\drum\art\Export\Common\PS3\common_0002_peripheralSelectIconsQuadrantsBottomLeft_d.dds
c:\dev\drum\Build_PS3\drum\art\Export\Common\PS3\common_0002_peripheralSelectIconsQuadrantsBottomRight_d.dds
c:\dev\drum\Build_PS3\drum\art\Export\Common\PS3\common_0002_peripheralSelectIconsQuadrantsTopLeft_d.dds
c:\dev\drum\Build_PS3\drum\art\Export\Common\PS3\common_0002_peripheralSelectIconsQuadrantsTopRight_d.dds
c:\dev\drum\Build_PS3\drum\art\Export\Common\common_0002_peripheralSelectLeadGuitarInstrumentIcon_d.dds
c:\dev\drum\Build_PS3\drum\art\Export\Common\PS3\common_0002_peripheralSelectPadPeripheralPlayer1Icon_d.dds
c:\dev\drum\Build_PS3\drum\art\Export\Common\PS3\common_0002_peripheralSelectPadPeripheralPlayer1IconSmall_d.dds
c:\dev\drum\Build_PS3\drum\art\Export\Common\PS3\common_0002_peripheralSelectPadPeripheralPlayer2Icon_d.dds
c:\dev\drum\Build_PS3\drum\art\Export\Common\PS3\common_0002_peripheralSelectPadPeripheralPlayer2IconSmall_d.dds
c:\dev\drum\Build_PS3\drum\art\Export\Common\PS3\common_0002_peripheralSelectPadPeripheralPlayer3Icon_d.dds
c:\dev\drum\Build_PS3\drum\art\Export\Common\PS3\common_0002_peripheralSelectPadPeripheralPlayer3IconSmall_d.dds
c:\dev\drum\Build_PS3\drum\art\Export\Common\PS3\common_0002_peripheralSelectPadPeripheralPlayer4Icon_d.dds
c:\dev\drum\Build_PS3\drum\art\Export\Common\PS3\common_0002_peripheralSelectPadPeripheralPlayer4IconSmall_d.dds
c:\dev\drum\Build_PS3\drum\art\Export\Common\common_0002_peripheralSelectScreenBackground_d.dds
c:\dev\drum\Build_PS3\drum\art\Export\Common\common_0002_titleScreen_d.dds
