33
c:\dev\drum\Build_PS3\Drum\art\Export\Common\common_0004_resultsGenericInfoMask_d.dds
c:\dev\drum\Build_PS3\Drum\art\Export\Common\common_0004_resultsLargeTab1_d.dds
c:\dev\drum\Build_PS3\Drum\art\Export\Common\common_0004_resultsLargeTab2_d.dds
c:\dev\drum\Build_PS3\Drum\art\Export\Common\PS3\common_0004_resultsPeripheralIconsControllerIcon_d.dds
c:\dev\drum\Build_PS3\Drum\art\Export\Common\common_0004_resultsPeripheralIconsDrumIcon_d.dds
c:\dev\drum\Build_PS3\Drum\art\Export\Common\common_0004_resultsPeripheralIconsGuitarIcon_d.dds
c:\dev\drum\Build_PS3\Drum\art\Export\Common\PS3\common_0004_resultsPeripheralIconsQuadrantsBottomLeft_d.dds
c:\dev\drum\Build_PS3\Drum\art\Export\Common\PS3\common_0004_resultsPeripheralIconsQuadrantsBottomRight_d.dds
c:\dev\drum\Build_PS3\Drum\art\Export\Common\PS3\common_0004_resultsPeripheralIconsQuadrantsTopLeft_d.dds
c:\dev\drum\Build_PS3\Drum\art\Export\Common\PS3\common_0004_resultsPeripheralIconsQuadrantsTopRight_d.dds
c:\dev\drum\Build_PS3\Drum\art\Export\Common\PS3\common_0004_resultsPlayerHighlightsPlayer1_d.dds
c:\dev\drum\Build_PS3\Drum\art\Export\Common\PS3\common_0004_resultsPlayerHighlightsPlayer2_d.dds
c:\dev\drum\Build_PS3\Drum\art\Export\Common\PS3\common_0004_resultsPlayerHighlightsPlayer3_d.dds
c:\dev\drum\Build_PS3\Drum\art\Export\Common\PS3\common_0004_resultsPlayerHighlightsPlayer4_d.dds
c:\dev\drum\Build_PS3\Drum\art\Export\Common\common_0004_resultsPlayerInstrumentBass_d.dds
c:\dev\drum\Build_PS3\Drum\art\Export\Common\PS3\common_0004_resultsPlayerInstrumentController_d.dds
c:\dev\drum\Build_PS3\Drum\art\Export\Common\common_0004_resultsPlayerInstrumentDrum_d.dds
c:\dev\drum\Build_PS3\Drum\art\Export\Common\common_0004_resultsPlayerInstrumentGuitar_d.dds
c:\dev\drum\Build_PS3\Drum\art\Export\Common\common_0004_resultsPlayerResultMask_d.dds
c:\dev\drum\Build_PS3\Drum\art\Export\Common\common_0004_resultsPlayerResultMaskOne_d.dds
c:\dev\drum\Build_PS3\Drum\art\Export\Common\common_0004_resultsPlayerResultMaskThree_d.dds
c:\dev\drum\Build_PS3\Drum\art\Export\Common\common_0004_resultsPlayerResultMaskTwo_d.dds
c:\dev\drum\Build_PS3\Drum\art\Export\Common\common_0004_resultsScoreboardMask_d.dds
c:\dev\drum\Build_PS3\Drum\art\Export\Common\common_0004_resultsScreenGradientMask_d.dds
c:\dev\drum\Build_PS3\Drum\art\Export\Common\common_0004_resultsScreenLong_d.dds
c:\dev\drum\Build_PS3\Drum\art\Export\Common\common_0004_resultsScreenLongGig_d.dds
c:\dev\drum\Build_PS3\Drum\art\Export\Common\common_0004_resultsScreenTall_d.dds
c:\dev\drum\Build_PS3\Drum\art\Export\Common\common_0004_resultsSmallTab1_d.dds
c:\dev\drum\Build_PS3\Drum\art\Export\Common\common_0004_resultsSmallTab2_d.dds
c:\dev\drum\Build_PS3\Drum\art\Export\Common\common_0004_resultsSmallTab3_d.dds
c:\dev\drum\Build_PS3\Drum\art\Export\Common\common_0004_resultsSmallTab4_d.dds
c:\dev\drum\Build_PS3\Drum\art\Export\Common\common_0004_resultsSongPerformanceRatingSelected_d.dds
c:\dev\drum\Build_PS3\Drum\art\Export\Common\common_0004_resultsSongPerformanceRatingUnselected_d.dds
