16
c:\dev\drum\Build_PS3\drum\art\Export\Common\common_0006_creditsBackground_d.dds
c:\dev\drum\Build_PS3\drum\art\Export\Common\common_0006_creditsCharacter_c0004_d.dds
c:\dev\drum\Build_PS3\drum\art\Export\Common\common_0006_creditsCharacter_c0005_d.dds
c:\dev\drum\Build_PS3\drum\art\Export\Common\common_0006_creditsCharacter_c0006_d.dds
c:\dev\drum\Build_PS3\drum\art\Export\Common\common_0006_creditsCharacter_c0007_d.dds
c:\dev\drum\Build_PS3\drum\art\Export\Common\common_0006_creditsCharacter_c0008_d.dds
c:\dev\drum\Build_PS3\drum\art\Export\Common\common_0006_creditsCharacter_c0009_d.dds
c:\dev\drum\Build_PS3\drum\art\Export\Common\common_0006_creditsCharacter_c0010_d.dds
c:\dev\drum\Build_PS3\drum\art\Export\Common\common_0006_creditsCharacter_c0011_d.dds
c:\dev\drum\Build_PS3\drum\art\Export\Common\common_0006_creditsCharacter_c0012_d.dds
c:\dev\drum\Build_PS3\drum\art\Export\Common\common_0006_creditsCharacter_c0013_d.dds
c:\dev\drum\Build_PS3\drum\art\Export\Common\common_0006_creditsCharacter_c0014_d.dds
c:\dev\drum\Build_PS3\drum\art\Export\Common\common_0006_creditsCharacter_c0015_d.dds
c:\dev\drum\Build_PS3\drum\art\Export\Common\common_0006_creditsCharacter_c0016_d.dds
c:\dev\drum\Build_PS3\drum\art\Export\Common\common_0006_creditsCharacter_c0017_d.dds
c:\dev\drum\Build_PS3\drum\art\Export\Common\common_0006_creditsCharacter_c0018_d.dds
