230
c:\dev\drum\Build_PS3\Drum\art\Export\HUD\h0001_atmosBackdrop2_d.dds
c:\dev\drum\Build_PS3\Drum\art\Export\HUD\h0001_atmosBackdrop3_d.dds
c:\dev\drum\Build_PS3\Drum\art\Export\HUD\h0001_atmosBackdrop4_d.dds
c:\dev\drum\Build_PS3\Drum\art\Export\HUD\h0001_atmosBackdrop5_d.dds
c:\dev\drum\Build_PS3\Drum\art\Export\HUD\h0001_atmosBackdrop6_d.dds
c:\dev\drum\Build_PS3\Drum\art\Export\HUD\h0001_atmosLimitBar_d.dds
c:\dev\drum\Build_PS3\Drum\art\Export\HUD\h0001_atmosScoreOverlay1_d.dds
c:\dev\drum\Build_PS3\Drum\art\Export\HUD\h0001_atmosShader_d.dds
c:\dev\drum\Build_PS3\Drum\art\Export\HUD\h0001_atmosShader_lm.dds
c:\dev\drum\Build_PS3\Drum\art\Export\HUD\h0001_backGateLitUpBlue_d.dds
c:\dev\drum\Build_PS3\Drum\art\Export\HUD\h0001_backGateLitUpGreen_d.dds
c:\dev\drum\Build_PS3\Drum\art\Export\HUD\h0001_backGateLitUpGrey_d.dds
c:\dev\drum\Build_PS3\Drum\art\Export\HUD\h0001_backGateLitUpOrange_d.dds
c:\dev\drum\Build_PS3\Drum\art\Export\HUD\h0001_backGateLitUpPurple_d.dds
c:\dev\drum\Build_PS3\Drum\art\Export\HUD\h0001_backGateLitUpRed_d.dds
c:\dev\drum\Build_PS3\Drum\art\Export\HUD\h0001_backGateLitUpYellow_d.dds
c:\dev\drum\Build_PS3\Drum\art\Export\HUD\h0001_bassBackground_d.dds
c:\dev\drum\Build_PS3\Drum\art\Export\HUD\h0001_bassBackground_glow_d.dds
c:\dev\drum\Build_PS3\Drum\art\Export\HUD\h0001_challengeMarkersQuestionGrey_d.dds
c:\dev\drum\Build_PS3\Drum\art\Export\HUD\h0001_challengeMarkersQuestionWhite_d.dds
c:\dev\drum\Build_PS3\Drum\art\Export\HUD\h0001_comboBackground_d.dds
c:\dev\drum\Build_PS3\Drum\art\Export\HUD\h0001_comboBackgroundTrans_d.dds
c:\dev\drum\Build_PS3\Drum\art\Export\HUD\h0001_deadGreyKick_d.dds
c:\dev\drum\Build_PS3\Drum\art\Export\HUD\h0001_deadGreyMarker_d.dds
c:\dev\drum\Build_PS3\Drum\art\Export\HUD\h0001_drumBackground_5lanedrumGlow_d.dds
c:\dev\drum\Build_PS3\Drum\art\Export\HUD\h0001_drumBackground_bandBattleGlow_d.dds
c:\dev\drum\Build_PS3\Drum\art\Export\HUD\h0001_drumBackground_d.dds
c:\dev\drum\Build_PS3\Drum\art\Export\HUD\h0001_drumBackground_glow_d.dds
c:\dev\drum\Build_PS3\Drum\art\Export\HUD\h0001_drumBackground5lane_d.dds
c:\dev\drum\Build_PS3\Drum\art\Export\HUD\h0001_drumBackgroundbandBattle_d.dds
c:\dev\drum\Build_PS3\Drum\art\Export\HUD\h0001_drumFillBlue_d.dds
c:\dev\drum\Build_PS3\Drum\art\Export\HUD\h0001_drumFillGreen_d.dds
c:\dev\drum\Build_PS3\Drum\art\Export\HUD\h0001_drumFillGrey_d.dds
c:\dev\drum\Build_PS3\Drum\art\Export\HUD\h0001_drumFillOrange_d.dds
c:\dev\drum\Build_PS3\Drum\art\Export\HUD\h0001_drumFillPurple_d.dds
c:\dev\drum\Build_PS3\Drum\art\Export\HUD\h0001_drumFillRed_d.dds
c:\dev\drum\Build_PS3\Drum\art\Export\HUD\h0001_drumFillYellow_d.dds
c:\dev\drum\Build_PS3\Drum\art\Export\HUD\h0001_drumLane_d.dds
c:\dev\drum\Build_PS3\Drum\art\Export\HUD\h0001_drumLaneGatesBlue_d.dds
c:\dev\drum\Build_PS3\Drum\art\Export\HUD\h0001_drumLaneGatesGreen_d.dds
c:\dev\drum\Build_PS3\Drum\art\Export\HUD\h0001_drumLaneGatesGrey_d.dds
c:\dev\drum\Build_PS3\Drum\art\Export\HUD\h0001_drumLaneGatesOrange_d.dds
c:\dev\drum\Build_PS3\Drum\art\Export\HUD\h0001_drumLaneGatesPurple_d.dds
c:\dev\drum\Build_PS3\Drum\art\Export\HUD\h0001_drumLaneGatesRed_d.dds
c:\dev\drum\Build_PS3\Drum\art\Export\HUD\h0001_drumLaneGatesWhite_d.dds
c:\dev\drum\Build_PS3\Drum\art\Export\HUD\h0001_drumLaneGatesYellow_d.dds
c:\dev\drum\Build_PS3\Drum\art\Export\HUD\h0001_drumLaneMarkersThinFlare56Blue_d.dds
c:\dev\drum\Build_PS3\Drum\art\Export\HUD\h0001_drumLaneMarkersThinFlare56Green_d.dds
c:\dev\drum\Build_PS3\Drum\art\Export\HUD\h0001_drumLaneMarkersThinFlare56Grey_d.dds
c:\dev\drum\Build_PS3\Drum\art\Export\HUD\h0001_drumLaneMarkersThinFlare56Orange_d.dds
c:\dev\drum\Build_PS3\Drum\art\Export\HUD\h0001_drumLaneMarkersThinFlare56Purple_d.dds
c:\dev\drum\Build_PS3\Drum\art\Export\HUD\h0001_drumLaneMarkersThinFlare56Red_d.dds
c:\dev\drum\Build_PS3\Drum\art\Export\HUD\h0001_drumLaneMarkersThinFlare56Yellow_d.dds
c:\dev\drum\Build_PS3\Drum\art\Export\HUD\h0001_drumMarkerDropBlue_d.dds
c:\dev\drum\Build_PS3\Drum\art\Export\HUD\h0001_drumMarkerDropGreen_d.dds
c:\dev\drum\Build_PS3\Drum\art\Export\HUD\h0001_drumMarkerDropGrey_d.dds
c:\dev\drum\Build_PS3\Drum\art\Export\HUD\h0001_drumMarkerDropOrange_d.dds
c:\dev\drum\Build_PS3\Drum\art\Export\HUD\h0001_drumMarkerDropPurple_d.dds
c:\dev\drum\Build_PS3\Drum\art\Export\HUD\h0001_drumMarkerDropRed_d.dds
c:\dev\drum\Build_PS3\Drum\art\Export\HUD\h0001_drumMarkerDropYellow_d.dds
c:\dev\drum\Build_PS3\Drum\art\Export\HUD\h0001_drumPerfectGauge1_d.dds
c:\dev\drum\Build_PS3\Drum\art\Export\HUD\h0001_drumPerfectGauge10_d.dds
c:\dev\drum\Build_PS3\Drum\art\Export\HUD\h0001_drumPerfectGauge2_d.dds
c:\dev\drum\Build_PS3\Drum\art\Export\HUD\h0001_drumPerfectGauge3_d.dds
c:\dev\drum\Build_PS3\Drum\art\Export\HUD\h0001_drumPerfectGauge4_d.dds
c:\dev\drum\Build_PS3\Drum\art\Export\HUD\h0001_drumPerfectGauge5_d.dds
c:\dev\drum\Build_PS3\Drum\art\Export\HUD\h0001_drumPerfectGauge6_d.dds
c:\dev\drum\Build_PS3\Drum\art\Export\HUD\h0001_drumPerfectGauge7_d.dds
c:\dev\drum\Build_PS3\Drum\art\Export\HUD\h0001_drumPerfectGauge8_d.dds
c:\dev\drum\Build_PS3\Drum\art\Export\HUD\h0001_drumPerfectGauge9_d.dds
c:\dev\drum\Build_PS3\Drum\art\Export\HUD\h0001_drumScrollBackgroundAlpha_d.dds
c:\dev\drum\Build_PS3\Drum\art\Export\HUD\h0001_drumScrollBackgroundGradient_d.dds
c:\dev\drum\Build_PS3\Drum\art\Export\HUD\h0001_drumScrollBackgroundGradients_DrumArrow_d.dds
c:\dev\drum\Build_PS3\Drum\art\Export\HUD\h0001_drumScrollBackgroundGradients_GuitarArrow_d.dds
c:\dev\drum\Build_PS3\Drum\art\Export\HUD\h0001_gateLitUpBlue_d.dds
c:\dev\drum\Build_PS3\Drum\art\Export\HUD\h0001_gateLitUpGreen_d.dds
c:\dev\drum\Build_PS3\Drum\art\Export\HUD\h0001_gateLitUpGrey_d.dds
c:\dev\drum\Build_PS3\Drum\art\Export\HUD\h0001_gateLitUpOrange_d.dds
c:\dev\drum\Build_PS3\Drum\art\Export\HUD\h0001_gateLitUpPurple_d.dds
c:\dev\drum\Build_PS3\Drum\art\Export\HUD\h0001_gateLitUpRed_d.dds
c:\dev\drum\Build_PS3\Drum\art\Export\HUD\h0001_gateLitUpYellow_d.dds
c:\dev\drum\Build_PS3\Drum\art\Export\HUD\h0001_guitarBackGateLitUpBlue_d.dds
c:\dev\drum\Build_PS3\Drum\art\Export\HUD\h0001_guitarBackGateLitUpGreen_d.dds
c:\dev\drum\Build_PS3\Drum\art\Export\HUD\h0001_guitarBackGateLitUpOrange_d.dds
c:\dev\drum\Build_PS3\Drum\art\Export\HUD\h0001_guitarBackGateLitUpRed_d.dds
c:\dev\drum\Build_PS3\Drum\art\Export\HUD\h0001_guitarBackGateLitUpYellow_d.dds
c:\dev\drum\Build_PS3\Drum\art\Export\HUD\h0001_guitarbackground_bandBattleGlow_d.dds
c:\dev\drum\Build_PS3\Drum\art\Export\HUD\h0001_guitarbackground_d.dds
c:\dev\drum\Build_PS3\Drum\art\Export\HUD\h0001_guitarbackground_glow_d.dds
c:\dev\drum\Build_PS3\Drum\art\Export\HUD\h0001_guitarbackgroundBandBattle_d.dds
c:\dev\drum\Build_PS3\Drum\art\Export\HUD\h0001_guitarFillBlue_d.dds
c:\dev\drum\Build_PS3\Drum\art\Export\HUD\h0001_guitarFillGreen_d.dds
c:\dev\drum\Build_PS3\Drum\art\Export\HUD\h0001_guitarFillOrange_d.dds
c:\dev\drum\Build_PS3\Drum\art\Export\HUD\h0001_guitarFillRed_d.dds
c:\dev\drum\Build_PS3\Drum\art\Export\HUD\h0001_guitarFillYellow_d.dds
c:\dev\drum\Build_PS3\Drum\art\Export\HUD\h0001_guitarGateLitUpBlue_d.dds
c:\dev\drum\Build_PS3\Drum\art\Export\HUD\h0001_guitarGateLitUpGreen_d.dds
c:\dev\drum\Build_PS3\Drum\art\Export\HUD\h0001_guitarGateLitUpOrange_d.dds
c:\dev\drum\Build_PS3\Drum\art\Export\HUD\h0001_guitarGateLitUpRed_d.dds
c:\dev\drum\Build_PS3\Drum\art\Export\HUD\h0001_guitarGateLitUpYellow_d.dds
c:\dev\drum\Build_PS3\Drum\art\Export\HUD\h0001_guitarLaneGatesBlue_d.dds
c:\dev\drum\Build_PS3\Drum\art\Export\HUD\h0001_guitarLaneGatesGreen_d.dds
c:\dev\drum\Build_PS3\Drum\art\Export\HUD\h0001_guitarLaneGatesOrange_d.dds
c:\dev\drum\Build_PS3\Drum\art\Export\HUD\h0001_guitarLaneGatesRed_d.dds
c:\dev\drum\Build_PS3\Drum\art\Export\HUD\h0001_guitarLaneGatesYellow_d.dds
c:\dev\drum\Build_PS3\Drum\art\Export\HUD\h0001_guitarLaneMarkersThinFlare56Blue_d.dds
c:\dev\drum\Build_PS3\Drum\art\Export\HUD\h0001_guitarLaneMarkersThinFlare56Green_d.dds
c:\dev\drum\Build_PS3\Drum\art\Export\HUD\h0001_guitarLaneMarkersThinFlare56Grey_d.dds
c:\dev\drum\Build_PS3\Drum\art\Export\HUD\h0001_guitarLaneMarkersThinFlare56Orange_d.dds
c:\dev\drum\Build_PS3\Drum\art\Export\HUD\h0001_guitarLaneMarkersThinFlare56Purple_d.dds
c:\dev\drum\Build_PS3\Drum\art\Export\HUD\h0001_guitarLaneMarkersThinFlare56Red_d.dds
c:\dev\drum\Build_PS3\Drum\art\Export\HUD\h0001_guitarLaneMarkersThinFlare56Yellow_d.dds
c:\dev\drum\Build_PS3\Drum\art\Export\HUD\h0001_guitarMarkerPoisonBlue_d.dds
c:\dev\drum\Build_PS3\Drum\art\Export\HUD\h0001_guitarMarkerPoisonGreen_d.dds
c:\dev\drum\Build_PS3\Drum\art\Export\HUD\h0001_guitarmarkerPoisonGrey_d.dds
c:\dev\drum\Build_PS3\Drum\art\Export\HUD\h0001_guitarMarkerPoisonOrange_d.dds
c:\dev\drum\Build_PS3\Drum\art\Export\HUD\h0001_guitarmarkerPoisonOrangeKick_d.dds
c:\dev\drum\Build_PS3\Drum\art\Export\HUD\h0001_guitarmarkerPoisonPurple_d.dds
c:\dev\drum\Build_PS3\Drum\art\Export\HUD\h0001_guitarMarkerPoisonRed_d.dds
c:\dev\drum\Build_PS3\Drum\art\Export\HUD\h0001_guitarmarkerPoisonWhite_d.dds
c:\dev\drum\Build_PS3\Drum\art\Export\HUD\h0001_guitarMarkerPoisonYellow_d.dds
c:\dev\drum\Build_PS3\Drum\art\Export\HUD\h0001_guitarScrollBackgroundGradient_d.dds
c:\dev\drum\Build_PS3\Drum\art\Export\HUD\h0001_guitarsLane_d.dds
c:\dev\drum\Build_PS3\Drum\art\Export\HUD\h0001_guitarsScrollBackgroundAlpha_d.dds
c:\dev\drum\Build_PS3\Drum\art\Export\HUD\h0001_guitarSustainChallenge1_d.dds
c:\dev\drum\Build_PS3\Drum\art\Export\HUD\h0001_guitarSustainGlowBlue_d.dds
c:\dev\drum\Build_PS3\Drum\art\Export\HUD\h0001_guitarSustainGlowGreen_d.dds
c:\dev\drum\Build_PS3\Drum\art\Export\HUD\h0001_guitarSustainGlowOrange_d.dds
c:\dev\drum\Build_PS3\Drum\art\Export\HUD\h0001_guitarSustainGlowPurple_d.dds
c:\dev\drum\Build_PS3\Drum\art\Export\HUD\h0001_guitarSustainGlowRed_d.dds
c:\dev\drum\Build_PS3\Drum\art\Export\HUD\h0001_guitarSustainGlowYellow_d.dds
c:\dev\drum\Build_PS3\Drum\art\Export\HUD\h0001_hammerOnPullOffBlue_d.dds
c:\dev\drum\Build_PS3\Drum\art\Export\HUD\h0001_hammerOnPullOffGreen_d.dds
c:\dev\drum\Build_PS3\Drum\art\Export\HUD\h0001_hammerOnPullOffOrange_d.dds
c:\dev\drum\Build_PS3\Drum\art\Export\HUD\h0001_hammerOnPullOffRed_d.dds
c:\dev\drum\Build_PS3\Drum\art\Export\HUD\h0001_hammerOnPullOffYellow_d.dds
c:\dev\drum\Build_PS3\Drum\art\Export\HUD\h0001_horizontalLinesLarge_d.dds
c:\dev\drum\Build_PS3\Drum\art\Export\HUD\h0001_horizontalLinesMedium_d.dds
c:\dev\drum\Build_PS3\Drum\art\Export\HUD\h0001_horizontalLinesSmall_d.dds
c:\dev\drum\Build_PS3\Drum\art\Export\HUD\h0001_laneMarkersThinFlareBlue56_d.dds
c:\dev\drum\Build_PS3\Drum\art\Export\HUD\h0001_laneMarkersThinFlareGreen56_d.dds
c:\dev\drum\Build_PS3\Drum\art\Export\HUD\h0001_laneMarkersThinFlareGrey56_d.dds
c:\dev\drum\Build_PS3\Drum\art\Export\HUD\h0001_laneMarkersThinFlareOrange56_d.dds
c:\dev\drum\Build_PS3\Drum\art\Export\HUD\h0001_laneMarkersThinFlarePurple56_d.dds
c:\dev\drum\Build_PS3\Drum\art\Export\HUD\h0001_laneMarkersThinFlareRed56_d.dds
c:\dev\drum\Build_PS3\Drum\art\Export\HUD\h0001_laneMarkersThinFlareYellow56_d.dds
c:\dev\drum\Build_PS3\Drum\art\Export\HUD\h0001_lifeCounterBackground_d.dds
c:\dev\drum\Build_PS3\Drum\art\Export\HUD\h0001_lifeCounterGrey_d.dds
c:\dev\drum\Build_PS3\Drum\art\Export\HUD\h0001_lifeCounterWhite_d.dds
c:\dev\drum\Build_PS3\Drum\art\Export\HUD\h0001_markerDrum5Blue_d.dds
c:\dev\drum\Build_PS3\Drum\art\Export\HUD\h0001_markerDrum5Green_d.dds
c:\dev\drum\Build_PS3\Drum\art\Export\HUD\h0001_markerDrum5Orange_d.dds
c:\dev\drum\Build_PS3\Drum\art\Export\HUD\h0001_markerDrum5Red_d.dds
c:\dev\drum\Build_PS3\Drum\art\Export\HUD\h0001_markerDrum5Yellow_d.dds
c:\dev\drum\Build_PS3\Drum\art\Export\HUD\h0001_markerDrum7Blue_d.dds
c:\dev\drum\Build_PS3\Drum\art\Export\HUD\h0001_markerDrum7Green_d.dds
c:\dev\drum\Build_PS3\Drum\art\Export\HUD\h0001_markerDrum7Grey_d.dds
c:\dev\drum\Build_PS3\Drum\art\Export\HUD\h0001_markerDrum7Orange_d.dds
c:\dev\drum\Build_PS3\Drum\art\Export\HUD\h0001_markerDrum7Purple_d.dds
c:\dev\drum\Build_PS3\Drum\art\Export\HUD\h0001_markerDrum7Red_d.dds
c:\dev\drum\Build_PS3\Drum\art\Export\HUD\h0001_markerDrum7White_d.dds
c:\dev\drum\Build_PS3\Drum\art\Export\HUD\h0001_markerDrum7Yellow_d.dds
c:\dev\drum\Build_PS3\Drum\art\Export\HUD\h0001_markerGuitar5Blue_d.dds
c:\dev\drum\Build_PS3\Drum\art\Export\HUD\h0001_markerGuitar5Green_d.dds
c:\dev\drum\Build_PS3\Drum\art\Export\HUD\h0001_markerGuitar5Orange_d.dds
c:\dev\drum\Build_PS3\Drum\art\Export\HUD\h0001_markerGuitar5Red_d.dds
c:\dev\drum\Build_PS3\Drum\art\Export\HUD\h0001_markerGuitar5Yellow_d.dds
c:\dev\drum\Build_PS3\Drum\art\Export\HUD\h0001_markerPoisonBlue_d.dds
c:\dev\drum\Build_PS3\Drum\art\Export\HUD\h0001_markerPoisonGreen_d.dds
c:\dev\drum\Build_PS3\Drum\art\Export\HUD\h0001_markerPoisonGrey_d.dds
c:\dev\drum\Build_PS3\Drum\art\Export\HUD\h0001_markerPoisonOrange_d.dds
c:\dev\drum\Build_PS3\Drum\art\Export\HUD\h0001_markerPoisonOrangeKick_d.dds
c:\dev\drum\Build_PS3\Drum\art\Export\HUD\h0001_markerPoisonPurple_d.dds
c:\dev\drum\Build_PS3\Drum\art\Export\HUD\h0001_markerPoisonRed_d.dds
c:\dev\drum\Build_PS3\Drum\art\Export\HUD\h0001_markerPoisonWhite_d.dds
c:\dev\drum\Build_PS3\Drum\art\Export\HUD\h0001_markerPoisonYellow_d.dds
c:\dev\drum\Build_PS3\Drum\art\Export\HUD\h0001_markerQuestionMarkGrey_d.dds
c:\dev\drum\Build_PS3\Drum\art\Export\HUD\h0001_markerQuestionMarkWhite_d.dds
c:\dev\drum\Build_PS3\Drum\art\Export\HUD\h0001_multiplyerBackground_0_d.dds
c:\dev\drum\Build_PS3\Drum\art\Export\HUD\h0001_multiplyerBackground_1_d.dds
c:\dev\drum\Build_PS3\Drum\art\Export\HUD\h0001_multiplyerBackground_2_d.dds
c:\dev\drum\Build_PS3\Drum\art\Export\HUD\h0001_multiplyerBackground_3_d.dds
c:\dev\drum\Build_PS3\Drum\art\Export\HUD\h0001_multiplyerBackground_4_d.dds
c:\dev\drum\Build_PS3\Drum\art\Export\HUD\h0001_multiplyerBackground_5_d.dds
c:\dev\drum\Build_PS3\Drum\art\Export\HUD\h0001_multiplyerBackground_6_d.dds
c:\dev\drum\Build_PS3\Drum\art\Export\HUD\h0001_multiplyerBackground_7_d.dds
c:\dev\drum\Build_PS3\Drum\art\Export\HUD\h0001_multiplyerBackground_8_d.dds
c:\dev\drum\Build_PS3\Drum\art\Export\HUD\h0001_multiplyerBackground_9_d.dds
c:\dev\drum\Build_PS3\Drum\art\Export\HUD\h0001_nameBackground1_d.dds
c:\dev\drum\Build_PS3\Drum\art\Export\HUD\h0001_nameBackground2_d.dds
c:\dev\drum\Build_PS3\Drum\art\Export\HUD\h0001_nameBackground3_d.dds
c:\dev\drum\Build_PS3\Drum\art\Export\HUD\h0001_nameEnd1_d.dds
c:\dev\drum\Build_PS3\Drum\art\Export\HUD\h0001_nameEnd2_d.dds
c:\dev\drum\Build_PS3\Drum\art\Export\HUD\h0001_noteCounterBackdrop_d.dds
c:\dev\drum\Build_PS3\Drum\art\Export\HUD\h0001_number0_d.dds
c:\dev\drum\Build_PS3\Drum\art\Export\HUD\h0001_number1_d.dds
c:\dev\drum\Build_PS3\Drum\art\Export\HUD\h0001_number2_d.dds
c:\dev\drum\Build_PS3\Drum\art\Export\HUD\h0001_number3_d.dds
c:\dev\drum\Build_PS3\Drum\art\Export\HUD\h0001_number4_d.dds
c:\dev\drum\Build_PS3\Drum\art\Export\HUD\h0001_number5_d.dds
c:\dev\drum\Build_PS3\Drum\art\Export\HUD\h0001_number6_d.dds
c:\dev\drum\Build_PS3\Drum\art\Export\HUD\h0001_number7_d.dds
c:\dev\drum\Build_PS3\Drum\art\Export\HUD\h0001_number8_d.dds
c:\dev\drum\Build_PS3\Drum\art\Export\HUD\h0001_number9_d.dds
c:\dev\drum\Build_PS3\Drum\art\Export\HUD\h0001_numberBackdrop1_d.dds
c:\dev\drum\Build_PS3\Drum\art\Export\HUD\h0001_numberBackdrop2_d.dds
c:\dev\drum\Build_PS3\Drum\art\Export\HUD\h0001_numberBackdropMP_d.dds
c:\dev\drum\Build_PS3\Drum\art\Export\HUD\h0001_playerPositionBackdrop_d.dds
c:\dev\drum\Build_PS3\Drum\art\Export\HUD\h0001_scoreBackdrop1_d.dds
c:\dev\drum\Build_PS3\Drum\art\Export\HUD\h0001_scoreBackdrop2_d.dds
c:\dev\drum\Build_PS3\Drum\art\Export\HUD\h0001_shredRollBox_d.dds
c:\dev\drum\Build_PS3\Drum\art\Export\HUD\h0001_shredRollMark_d.dds
c:\dev\drum\Build_PS3\Drum\art\Export\HUD\h0001_solo_d.dds
c:\dev\drum\Build_PS3\Drum\art\Export\HUD\h0001_soloMode5_d.dds
c:\dev\drum\Build_PS3\Drum\art\Export\HUD\h0001_soloMode7_d.dds
c:\dev\drum\Build_PS3\Drum\art\Export\HUD\h0001_soloSustain_d.dds
c:\dev\drum\Build_PS3\Drum\art\Export\HUD\h0001_soloSustainSingleMarker_d.dds
c:\dev\drum\Build_PS3\Drum\art\Export\HUD\h0001_targetNumber0_d.dds
c:\dev\drum\Build_PS3\Drum\art\Export\HUD\h0001_targetNumber1_d.dds
c:\dev\drum\Build_PS3\Drum\art\Export\HUD\h0001_targetNumber2_d.dds
c:\dev\drum\Build_PS3\Drum\art\Export\HUD\h0001_targetNumber3_d.dds
c:\dev\drum\Build_PS3\Drum\art\Export\HUD\h0001_targetNumber4_d.dds
c:\dev\drum\Build_PS3\Drum\art\Export\HUD\h0001_targetNumber5_d.dds
c:\dev\drum\Build_PS3\Drum\art\Export\HUD\h0001_targetNumber6_d.dds
c:\dev\drum\Build_PS3\Drum\art\Export\HUD\h0001_targetNumber7_d.dds
c:\dev\drum\Build_PS3\Drum\art\Export\HUD\h0001_targetNumber8_d.dds
c:\dev\drum\Build_PS3\Drum\art\Export\HUD\h0001_targetNumber9_d.dds
c:\dev\drum\Build_PS3\Drum\art\Export\HUD\h0001_targetNumberback_d.dds
c:\dev\drum\Build_PS3\Drum\art\Export\HUD\h0001_targetNumberBackground_d.dds
c:\dev\drum\Build_PS3\Drum\art\Export\HUD\h0001_targetNumberBackgroundExtended_d.dds
